Archive member included to satisfy reference by file (symbol)

c:/intelfpga_lite/16.1/nios2eds/bin/gnu/h-x86_64-mingw32/bin/../lib/gcc/nios2-elf/5.3.0\libgcc.a(lib2-divmod.o)
                              obj/default/Part3.o (__modsi3)
c:/intelfpga_lite/16.1/nios2eds/bin/gnu/h-x86_64-mingw32/bin/../lib/gcc/nios2-elf/5.3.0/../../../../../H-x86_64-mingw32/nios2-elf/lib\libc.a(lib_a-memcpy.o)
                              obj/default/Part3.o (memcpy)
../Lab7_bsp/\libhal_bsp.a(alt_iic.o)
                              obj/default/Part3.o (alt_ic_isr_register)
../Lab7_bsp/\libhal_bsp.a(alt_iic_isr_register.o)
                              ../Lab7_bsp/\libhal_bsp.a(alt_iic.o) (alt_iic_isr_register)
../Lab7_bsp/\libhal_bsp.a(alt_irq_entry.o)
                              ../Lab7_bsp/\libhal_bsp.a(alt_iic_isr_register.o) (alt_irq_entry)
../Lab7_bsp/\libhal_bsp.a(alt_irq_handler.o)
                              ../Lab7_bsp/\libhal_bsp.a(alt_iic_isr_register.o) (alt_irq)
../Lab7_bsp/\libhal_bsp.a(alt_irq_register.o)
                              obj/default/Part3.o (alt_irq_register)
../Lab7_bsp/\libhal_bsp.a(alt_irq_vars.o)
                              ../Lab7_bsp/\libhal_bsp.a(alt_iic.o) (alt_irq_active)
../Lab7_bsp/\libhal_bsp.a(alt_load.o)
                              ../Lab7_bsp//obj/HAL/src/crt0.o (alt_load)
../Lab7_bsp/\libhal_bsp.a(alt_main.o)
                              ../Lab7_bsp//obj/HAL/src/crt0.o (alt_main)
../Lab7_bsp/\libhal_bsp.a(alt_sys_init.o)
                              ../Lab7_bsp/\libhal_bsp.a(alt_main.o) (alt_irq_init)
../Lab7_bsp/\libhal_bsp.a(altera_avalon_jtag_uart_fd.o)
                              ../Lab7_bsp/\libhal_bsp.a(alt_sys_init.o) (altera_avalon_jtag_uart_read_fd)
../Lab7_bsp/\libhal_bsp.a(altera_avalon_jtag_uart_init.o)
                              ../Lab7_bsp/\libhal_bsp.a(alt_sys_init.o) (altera_avalon_jtag_uart_init)
../Lab7_bsp/\libhal_bsp.a(altera_avalon_jtag_uart_ioctl.o)
                              ../Lab7_bsp/\libhal_bsp.a(altera_avalon_jtag_uart_fd.o) (altera_avalon_jtag_uart_ioctl)
../Lab7_bsp/\libhal_bsp.a(altera_avalon_jtag_uart_read.o)
                              ../Lab7_bsp/\libhal_bsp.a(altera_avalon_jtag_uart_fd.o) (altera_avalon_jtag_uart_read)
../Lab7_bsp/\libhal_bsp.a(altera_avalon_jtag_uart_write.o)
                              ../Lab7_bsp/\libhal_bsp.a(altera_avalon_jtag_uart_fd.o) (altera_avalon_jtag_uart_write)
../Lab7_bsp/\libhal_bsp.a(alt_alarm_start.o)
                              ../Lab7_bsp/\libhal_bsp.a(altera_avalon_jtag_uart_init.o) (alt_alarm_start)
../Lab7_bsp/\libhal_bsp.a(alt_close.o)
                              ../Lab7_bsp/\libhal_bsp.a(alt_main.o) (close)
../Lab7_bsp/\libhal_bsp.a(alt_dcache_flush_all.o)
                              ../Lab7_bsp/\libhal_bsp.a(alt_load.o) (alt_dcache_flush_all)
../Lab7_bsp/\libhal_bsp.a(alt_dev.o)
                              ../Lab7_bsp/\libhal_bsp.a(alt_sys_init.o) (alt_dev_list)
../Lab7_bsp/\libhal_bsp.a(alt_dev_llist_insert.o)
                              ../Lab7_bsp/\libhal_bsp.a(alt_sys_init.o) (alt_dev_llist_insert)
../Lab7_bsp/\libhal_bsp.a(alt_do_ctors.o)
                              ../Lab7_bsp/\libhal_bsp.a(alt_main.o) (_do_ctors)
../Lab7_bsp/\libhal_bsp.a(alt_do_dtors.o)
                              ../Lab7_bsp/\libhal_bsp.a(alt_main.o) (_do_dtors)
../Lab7_bsp/\libhal_bsp.a(alt_errno.o)
                              ../Lab7_bsp/\libhal_bsp.a(alt_close.o) (alt_errno)
../Lab7_bsp/\libhal_bsp.a(alt_exception_entry.o)
                              ../Lab7_bsp/\libhal_bsp.a(alt_irq_entry.o) (alt_exception)
../Lab7_bsp/\libhal_bsp.a(alt_icache_flush_all.o)
                              ../Lab7_bsp/\libhal_bsp.a(alt_load.o) (alt_icache_flush_all)
../Lab7_bsp/\libhal_bsp.a(alt_io_redirect.o)
                              ../Lab7_bsp/\libhal_bsp.a(alt_main.o) (alt_io_redirect)
../Lab7_bsp/\libhal_bsp.a(alt_open.o)
                              ../Lab7_bsp/\libhal_bsp.a(alt_io_redirect.o) (open)
../Lab7_bsp/\libhal_bsp.a(alt_release_fd.o)
                              ../Lab7_bsp/\libhal_bsp.a(alt_close.o) (alt_release_fd)
../Lab7_bsp/\libhal_bsp.a(alt_tick.o)
                              ../Lab7_bsp/\libhal_bsp.a(altera_avalon_jtag_uart_init.o) (_alt_tick_rate)
../Lab7_bsp/\libhal_bsp.a(altera_nios2_qsys_irq.o)
                              ../Lab7_bsp/\libhal_bsp.a(alt_sys_init.o) (altera_nios2_qsys_irq_init)
../Lab7_bsp/\libhal_bsp.a(alt_find_dev.o)
                              ../Lab7_bsp/\libhal_bsp.a(alt_open.o) (alt_find_dev)
../Lab7_bsp/\libhal_bsp.a(alt_find_file.o)
                              ../Lab7_bsp/\libhal_bsp.a(alt_open.o) (alt_find_file)
../Lab7_bsp/\libhal_bsp.a(alt_get_fd.o)
                              ../Lab7_bsp/\libhal_bsp.a(alt_open.o) (alt_get_fd)
../Lab7_bsp/\libhal_bsp.a(alt_icache_flush.o)
                              ../Lab7_bsp/\libhal_bsp.a(alt_icache_flush_all.o) (alt_icache_flush)
c:/intelfpga_lite/16.1/nios2eds/bin/gnu/h-x86_64-mingw32/bin/../lib/gcc/nios2-elf/5.3.0/../../../../../H-x86_64-mingw32/nios2-elf/lib\libc.a(lib_a-atexit.o)
                              ../Lab7_bsp/\libhal_bsp.a(alt_main.o) (atexit)
c:/intelfpga_lite/16.1/nios2eds/bin/gnu/h-x86_64-mingw32/bin/../lib/gcc/nios2-elf/5.3.0/../../../../../H-x86_64-mingw32/nios2-elf/lib\libc.a(lib_a-exit.o)
                              ../Lab7_bsp/\libhal_bsp.a(alt_main.o) (exit)
c:/intelfpga_lite/16.1/nios2eds/bin/gnu/h-x86_64-mingw32/bin/../lib/gcc/nios2-elf/5.3.0/../../../../../H-x86_64-mingw32/nios2-elf/lib\libc.a(lib_a-impure.o)
                              c:/intelfpga_lite/16.1/nios2eds/bin/gnu/h-x86_64-mingw32/bin/../lib/gcc/nios2-elf/5.3.0/../../../../../H-x86_64-mingw32/nios2-elf/lib\libc.a(lib_a-exit.o) (_global_impure_ptr)
c:/intelfpga_lite/16.1/nios2eds/bin/gnu/h-x86_64-mingw32/bin/../lib/gcc/nios2-elf/5.3.0/../../../../../H-x86_64-mingw32/nios2-elf/lib\libc.a(lib_a-int_errno.o)
                              ../Lab7_bsp/\libhal_bsp.a(alt_close.o) (errno)
c:/intelfpga_lite/16.1/nios2eds/bin/gnu/h-x86_64-mingw32/bin/../lib/gcc/nios2-elf/5.3.0/../../../../../H-x86_64-mingw32/nios2-elf/lib\libc.a(lib_a-memcmp.o)
                              ../Lab7_bsp/\libhal_bsp.a(alt_find_dev.o) (memcmp)
c:/intelfpga_lite/16.1/nios2eds/bin/gnu/h-x86_64-mingw32/bin/../lib/gcc/nios2-elf/5.3.0/../../../../../H-x86_64-mingw32/nios2-elf/lib\libc.a(lib_a-strlen.o)
                              ../Lab7_bsp/\libhal_bsp.a(alt_find_dev.o) (strlen)
c:/intelfpga_lite/16.1/nios2eds/bin/gnu/h-x86_64-mingw32/bin/../lib/gcc/nios2-elf/5.3.0/../../../../../H-x86_64-mingw32/nios2-elf/lib\libc.a(lib_a-__atexit.o)
                              c:/intelfpga_lite/16.1/nios2eds/bin/gnu/h-x86_64-mingw32/bin/../lib/gcc/nios2-elf/5.3.0/../../../../../H-x86_64-mingw32/nios2-elf/lib\libc.a(lib_a-atexit.o) (__register_exitproc)
c:/intelfpga_lite/16.1/nios2eds/bin/gnu/h-x86_64-mingw32/bin/../lib/gcc/nios2-elf/5.3.0/../../../../../H-x86_64-mingw32/nios2-elf/lib\libc.a(lib_a-__call_atexit.o)
                              c:/intelfpga_lite/16.1/nios2eds/bin/gnu/h-x86_64-mingw32/bin/../lib/gcc/nios2-elf/5.3.0/../../../../../H-x86_64-mingw32/nios2-elf/lib\libc.a(lib_a-exit.o) (__call_exitprocs)
../Lab7_bsp/\libhal_bsp.a(alt_exit.o)
                              c:/intelfpga_lite/16.1/nios2eds/bin/gnu/h-x86_64-mingw32/bin/../lib/gcc/nios2-elf/5.3.0/../../../../../H-x86_64-mingw32/nios2-elf/lib\libc.a(lib_a-exit.o) (_exit)

Allocating common symbols
Common symbol       size              file

alt_irq             0x100             ../Lab7_bsp/\libhal_bsp.a(alt_irq_handler.o)
errno               0x4               c:/intelfpga_lite/16.1/nios2eds/bin/gnu/h-x86_64-mingw32/bin/../lib/gcc/nios2-elf/5.3.0/../../../../../H-x86_64-mingw32/nios2-elf/lib\libc.a(lib_a-int_errno.o)

Memory Configuration

Name             Origin             Length             Attributes
On_Chip_Mem      0x0000000000000000 0x0000000000001000
reset            0x0000000010000000 0x0000000000000020
SDRAM            0x0000000010000020 0x0000000007ffffe0
*default*        0x0000000000000000 0xffffffffffffffff

Linker script and memory map

LOAD ../Lab7_bsp//obj/HAL/src/crt0.o
LOAD obj/default/Part1.o
LOAD obj/default/Part2.o
LOAD obj/default/Part3.o
LOAD c:/intelfpga_lite/16.1/nios2eds/bin/gnu/h-x86_64-mingw32/bin/../lib/gcc/nios2-elf/5.3.0/../../../../../H-x86_64-mingw32/nios2-elf/lib\libstdc++.a
LOAD c:/intelfpga_lite/16.1/nios2eds/bin/gnu/h-x86_64-mingw32/bin/../lib/gcc/nios2-elf/5.3.0/../../../../../H-x86_64-mingw32/nios2-elf/lib\libm.a
LOAD c:/intelfpga_lite/16.1/nios2eds/bin/gnu/h-x86_64-mingw32/bin/../lib/gcc/nios2-elf/5.3.0\libgcc.a
START GROUP
LOAD c:/intelfpga_lite/16.1/nios2eds/bin/gnu/h-x86_64-mingw32/bin/../lib/gcc/nios2-elf/5.3.0/../../../../../H-x86_64-mingw32/nios2-elf/lib\libc.a
LOAD c:/intelfpga_lite/16.1/nios2eds/bin/gnu/h-x86_64-mingw32/bin/../lib/gcc/nios2-elf/5.3.0\libgcc.a
LOAD ../Lab7_bsp/\libhal_bsp.a
LOAD c:/intelfpga_lite/16.1/nios2eds/bin/gnu/h-x86_64-mingw32/bin/../lib/gcc/nios2-elf/5.3.0/../../../../../H-x86_64-mingw32/nios2-elf/lib\libm.a
END GROUP
LOAD c:/intelfpga_lite/16.1/nios2eds/bin/gnu/h-x86_64-mingw32/bin/../lib/gcc/nios2-elf/5.3.0\libgcc.a
                0x0000000000000000                __alt_mem_On_Chip_Mem = 0x0
                0x0000000010000000                __alt_mem_SDRAM = 0x10000000

.entry          0x0000000010000000       0x20
 *(.entry)
 .entry         0x0000000010000000       0x20 ../Lab7_bsp//obj/HAL/src/crt0.o
                0x0000000010000000                __reset

.exceptions     0x0000000010000020      0x1a0
                0x0000000010000020                PROVIDE (__ram_exceptions_start, ABSOLUTE (.))
                0x0000000010000020                . = ALIGN (0x20)
 *(.irq)
 *(.exceptions.entry.label)
 .exceptions.entry.label
                0x0000000010000020        0x0 ../Lab7_bsp/\libhal_bsp.a(alt_irq_entry.o)
                0x0000000010000020                alt_irq_entry
 .exceptions.entry.label
                0x0000000010000020        0x0 ../Lab7_bsp/\libhal_bsp.a(alt_exception_entry.o)
                0x0000000010000020                alt_exception
 *(.exceptions.entry.user)
 *(.exceptions.entry.ecc_fatal)
 *(.exceptions.entry)
 .exceptions.entry
                0x0000000010000020       0x54 ../Lab7_bsp/\libhal_bsp.a(alt_exception_entry.o)
 *(.exceptions.irqtest.user)
 *(.exceptions.irqtest)
 .exceptions.irqtest
                0x0000000010000074       0x10 ../Lab7_bsp/\libhal_bsp.a(alt_irq_entry.o)
 *(.exceptions.irqhandler.user)
 *(.exceptions.irqhandler)
 .exceptions.irqhandler
                0x0000000010000084        0x4 ../Lab7_bsp/\libhal_bsp.a(alt_irq_entry.o)
 *(.exceptions.irqreturn.user)
 *(.exceptions.irqreturn)
 .exceptions.irqreturn
                0x0000000010000088        0x4 ../Lab7_bsp/\libhal_bsp.a(alt_irq_entry.o)
 *(.exceptions.notirq.label)
 .exceptions.notirq.label
                0x000000001000008c        0x0 ../Lab7_bsp/\libhal_bsp.a(alt_irq_entry.o)
 *(.exceptions.notirq.user)
 *(.exceptions.notirq)
 .exceptions.notirq
                0x000000001000008c        0x8 ../Lab7_bsp/\libhal_bsp.a(alt_exception_entry.o)
 *(.exceptions.soft.user)
 *(.exceptions.soft)
 *(.exceptions.unknown.user)
 *(.exceptions.unknown)
 .exceptions.unknown
                0x0000000010000094        0x4 ../Lab7_bsp/\libhal_bsp.a(alt_exception_entry.o)
 *(.exceptions.exit.label)
 .exceptions.exit.label
                0x0000000010000098        0x0 ../Lab7_bsp/\libhal_bsp.a(alt_irq_entry.o)
 .exceptions.exit.label
                0x0000000010000098        0x0 ../Lab7_bsp/\libhal_bsp.a(alt_exception_entry.o)
 *(.exceptions.exit.user)
 *(.exceptions.exit)
 .exceptions.exit
                0x0000000010000098       0x54 ../Lab7_bsp/\libhal_bsp.a(alt_exception_entry.o)
 *(.exceptions)
 .exceptions    0x00000000100000ec       0xd4 ../Lab7_bsp/\libhal_bsp.a(alt_irq_handler.o)
                0x00000000100000ec                alt_irq_handler
                0x00000000100001c0                PROVIDE (__ram_exceptions_end, ABSOLUTE (.))
                0x0000000010000020                PROVIDE (__flash_exceptions_start, LOADADDR (.exceptions))

.text           0x00000000100001c0     0x2a94
                [!provide]                        PROVIDE (stext, ABSOLUTE (.))
 *(.interp)
 *(.hash)
 *(.dynsym)
 *(.dynstr)
 *(.gnu.version)
 *(.gnu.version_d)
 *(.gnu.version_r)
 *(.rel.init)
 *(.rela.init)
 *(.rel.text .rel.text.* .rel.gnu.linkonce.t.*)
 *(.rela.text .rela.text.* .rela.gnu.linkonce.t.*)
 *(.rel.fini)
 *(.rela.fini)
 *(.rel.rodata .rel.rodata.* .rel.gnu.linkonce.r.*)
 *(.rela.rodata .rela.rodata.* .rela.gnu.linkonce.r.*)
 *(.rel.data .rel.data.* .rel.gnu.linkonce.d.*)
 *(.rela.data .rela.data.* .rela.gnu.linkonce.d.*)
 *(.rel.tdata .rel.tdata.* .rel.gnu.linkonce.td.*)
 *(.rela.tdata .rela.tdata.* .rela.gnu.linkonce.td.*)
 *(.rel.tbss .rel.tbss.* .rel.gnu.linkonce.tb.*)
 *(.rela.tbss .rela.tbss.* .rela.gnu.linkonce.tb.*)
 *(.rel.ctors)
 *(.rela.ctors)
 *(.rel.dtors)
 *(.rela.dtors)
 *(.rel.got)
 *(.rela.got)
 *(.rel.sdata .rel.sdata.* .rel.gnu.linkonce.s.*)
 *(.rela.sdata .rela.sdata.* .rela.gnu.linkonce.s.*)
 *(.rel.sbss .rel.sbss.* .rel.gnu.linkonce.sb.*)
 *(.rela.sbss .rela.sbss.* .rela.gnu.linkonce.sb.*)
 *(.rel.sdata2 .rel.sdata2.* .rel.gnu.linkonce.s2.*)
 *(.rela.sdata2 .rela.sdata2.* .rela.gnu.linkonce.s2.*)
 *(.rel.sbss2 .rel.sbss2.* .rel.gnu.linkonce.sb2.*)
 *(.rela.sbss2 .rela.sbss2.* .rela.gnu.linkonce.sb2.*)
 *(.rel.bss .rel.bss.* .rel.gnu.linkonce.b.*)
 *(.rela.bss .rela.bss.* .rela.gnu.linkonce.b.*)
 *(.rel.plt)
 *(.rela.plt)
 *(.rel.dyn)
 *(.init)
 *(.plt)
 *(.text .stub .text.* .gnu.linkonce.t.*)
 .text          0x00000000100001c0       0x4c ../Lab7_bsp//obj/HAL/src/crt0.o
                0x00000000100001c0                _start
 .text          0x000000001000020c        0x0 obj/default/Part1.o
 .text          0x000000001000020c        0x0 obj/default/Part2.o
 .text          0x000000001000020c      0x56c obj/default/Part3.o
                0x000000001000020c                key3_isr
                0x0000000010000244                key2_isr
                0x0000000010000280                key1_isr
                0x00000000100002bc                key0_isr
                0x000000001000037c                handle_key_interrupts
                0x0000000010000420                pio_init
                0x0000000010000480                init_timer_interrupt
                0x0000000010000650                main
                0x0000000010000690                display
 .text          0x0000000010000778      0x1b4 c:/intelfpga_lite/16.1/nios2eds/bin/gnu/h-x86_64-mingw32/bin/../lib/gcc/nios2-elf/5.3.0\libgcc.a(lib2-divmod.o)
                0x0000000010000778                __divsi3
                0x00000000100007fc                __modsi3
                0x0000000010000870                __udivsi3
                0x00000000100008d4                __umodsi3
 .text          0x000000001000092c        0x0 c:/intelfpga_lite/16.1/nios2eds/bin/gnu/h-x86_64-mingw32/bin/../lib/gcc/nios2-elf/5.3.0/../../../../../H-x86_64-mingw32/nios2-elf/lib\libc.a(lib_a-memcpy.o)
 .text.memcpy   0x000000001000092c      0x148 c:/intelfpga_lite/16.1/nios2eds/bin/gnu/h-x86_64-mingw32/bin/../lib/gcc/nios2-elf/5.3.0/../../../../../H-x86_64-mingw32/nios2-elf/lib\libc.a(lib_a-memcpy.o)
                0x000000001000092c                memcpy
 .text          0x0000000010000a74      0x1b0 ../Lab7_bsp/\libhal_bsp.a(alt_iic.o)
                0x0000000010000a74                alt_ic_isr_register
                0x0000000010000ac4                alt_ic_irq_enable
                0x0000000010000b4c                alt_ic_irq_disable
                0x0000000010000bd8                alt_ic_irq_enabled
 .text          0x0000000010000c24       0xf0 ../Lab7_bsp/\libhal_bsp.a(alt_iic_isr_register.o)
                0x0000000010000c24                alt_iic_isr_register
 .text          0x0000000010000d14        0x0 ../Lab7_bsp/\libhal_bsp.a(alt_irq_entry.o)
 .text          0x0000000010000d14        0x0 ../Lab7_bsp/\libhal_bsp.a(alt_irq_handler.o)
 .text          0x0000000010000d14      0x180 ../Lab7_bsp/\libhal_bsp.a(alt_irq_register.o)
                0x0000000010000d14                alt_irq_register
 .text          0x0000000010000e94        0x0 ../Lab7_bsp/\libhal_bsp.a(alt_irq_vars.o)
 .text          0x0000000010000e94       0xec ../Lab7_bsp/\libhal_bsp.a(alt_load.o)
                0x0000000010000efc                alt_load
 .text          0x0000000010000f80       0x7c ../Lab7_bsp/\libhal_bsp.a(alt_main.o)
                0x0000000010000f80                alt_main
 .text          0x0000000010000ffc       0xb8 ../Lab7_bsp/\libhal_bsp.a(alt_sys_init.o)
                0x0000000010001030                alt_irq_init
                0x0000000010001068                alt_sys_init
 .text          0x00000000100010b4      0x164 ../Lab7_bsp/\libhal_bsp.a(altera_avalon_jtag_uart_fd.o)
                0x00000000100010b4                altera_avalon_jtag_uart_read_fd
                0x0000000010001114                altera_avalon_jtag_uart_write_fd
                0x0000000010001174                altera_avalon_jtag_uart_close_fd
                0x00000000100011c4                altera_avalon_jtag_uart_ioctl_fd
 .text          0x0000000010001218      0x3d4 ../Lab7_bsp/\libhal_bsp.a(altera_avalon_jtag_uart_init.o)
                0x0000000010001218                altera_avalon_jtag_uart_init
                0x0000000010001584                altera_avalon_jtag_uart_close
 .text          0x00000000100015ec       0xf0 ../Lab7_bsp/\libhal_bsp.a(altera_avalon_jtag_uart_ioctl.o)
                0x00000000100015ec                altera_avalon_jtag_uart_ioctl
 .text          0x00000000100016dc      0x21c ../Lab7_bsp/\libhal_bsp.a(altera_avalon_jtag_uart_read.o)
                0x00000000100016dc                altera_avalon_jtag_uart_read
 .text          0x00000000100018f8      0x224 ../Lab7_bsp/\libhal_bsp.a(altera_avalon_jtag_uart_write.o)
                0x00000000100018f8                altera_avalon_jtag_uart_write
 .text          0x0000000010001b1c      0x12c ../Lab7_bsp/\libhal_bsp.a(alt_alarm_start.o)
                0x0000000010001b1c                alt_alarm_start
 .text          0x0000000010001c48      0x10c ../Lab7_bsp/\libhal_bsp.a(alt_close.o)
                0x0000000010001c84                close
 .text          0x0000000010001d54       0x48 ../Lab7_bsp/\libhal_bsp.a(alt_dcache_flush_all.o)
                0x0000000010001d54                alt_dcache_flush_all
 .text          0x0000000010001d9c       0x2c ../Lab7_bsp/\libhal_bsp.a(alt_dev.o)
 .text          0x0000000010001dc8       0xe0 ../Lab7_bsp/\libhal_bsp.a(alt_dev_llist_insert.o)
                0x0000000010001e04                alt_dev_llist_insert
 .text          0x0000000010001ea8       0x60 ../Lab7_bsp/\libhal_bsp.a(alt_do_ctors.o)
                0x0000000010001ea8                _do_ctors
 .text          0x0000000010001f08       0x60 ../Lab7_bsp/\libhal_bsp.a(alt_do_dtors.o)
                0x0000000010001f08                _do_dtors
 .text          0x0000000010001f68        0x0 ../Lab7_bsp/\libhal_bsp.a(alt_errno.o)
 .text          0x0000000010001f68        0x0 ../Lab7_bsp/\libhal_bsp.a(alt_exception_entry.o)
 .text          0x0000000010001f68       0x34 ../Lab7_bsp/\libhal_bsp.a(alt_icache_flush_all.o)
                0x0000000010001f68                alt_icache_flush_all
 .text          0x0000000010001f9c      0x140 ../Lab7_bsp/\libhal_bsp.a(alt_io_redirect.o)
                0x0000000010002060                alt_io_redirect
 .text          0x00000000100020dc      0x254 ../Lab7_bsp/\libhal_bsp.a(alt_open.o)
                0x00000000100021dc                open
 .text          0x0000000010002330       0x64 ../Lab7_bsp/\libhal_bsp.a(alt_release_fd.o)
                0x0000000010002330                alt_release_fd
 .text          0x0000000010002394      0x1a4 ../Lab7_bsp/\libhal_bsp.a(alt_tick.o)
                0x0000000010002394                alt_alarm_stop
                0x0000000010002430                alt_tick
 .text          0x0000000010002538       0x24 ../Lab7_bsp/\libhal_bsp.a(altera_nios2_qsys_irq.o)
                0x0000000010002538                altera_nios2_qsys_irq_init
 .text          0x000000001000255c       0x90 ../Lab7_bsp/\libhal_bsp.a(alt_find_dev.o)
                0x000000001000255c                alt_find_dev
 .text          0x00000000100025ec      0x108 ../Lab7_bsp/\libhal_bsp.a(alt_find_file.o)
                0x00000000100025ec                alt_find_file
 .text          0x00000000100026f4       0xa4 ../Lab7_bsp/\libhal_bsp.a(alt_get_fd.o)
                0x00000000100026f4                alt_get_fd
 .text          0x0000000010002798       0x90 ../Lab7_bsp/\libhal_bsp.a(alt_icache_flush.o)
                0x0000000010002798                alt_icache_flush
 .text          0x0000000010002828        0x0 c:/intelfpga_lite/16.1/nios2eds/bin/gnu/h-x86_64-mingw32/bin/../lib/gcc/nios2-elf/5.3.0/../../../../../H-x86_64-mingw32/nios2-elf/lib\libc.a(lib_a-atexit.o)
 .text.atexit   0x0000000010002828       0x14 c:/intelfpga_lite/16.1/nios2eds/bin/gnu/h-x86_64-mingw32/bin/../lib/gcc/nios2-elf/5.3.0/../../../../../H-x86_64-mingw32/nios2-elf/lib\libc.a(lib_a-atexit.o)
                0x0000000010002828                atexit
 .text          0x000000001000283c        0x0 c:/intelfpga_lite/16.1/nios2eds/bin/gnu/h-x86_64-mingw32/bin/../lib/gcc/nios2-elf/5.3.0/../../../../../H-x86_64-mingw32/nios2-elf/lib\libc.a(lib_a-exit.o)
 .text.exit     0x000000001000283c       0x38 c:/intelfpga_lite/16.1/nios2eds/bin/gnu/h-x86_64-mingw32/bin/../lib/gcc/nios2-elf/5.3.0/../../../../../H-x86_64-mingw32/nios2-elf/lib\libc.a(lib_a-exit.o)
                0x000000001000283c                exit
 .text          0x0000000010002874        0x0 c:/intelfpga_lite/16.1/nios2eds/bin/gnu/h-x86_64-mingw32/bin/../lib/gcc/nios2-elf/5.3.0/../../../../../H-x86_64-mingw32/nios2-elf/lib\libc.a(lib_a-impure.o)
 .text          0x0000000010002874        0x0 c:/intelfpga_lite/16.1/nios2eds/bin/gnu/h-x86_64-mingw32/bin/../lib/gcc/nios2-elf/5.3.0/../../../../../H-x86_64-mingw32/nios2-elf/lib\libc.a(lib_a-int_errno.o)
 .text          0x0000000010002874        0x0 c:/intelfpga_lite/16.1/nios2eds/bin/gnu/h-x86_64-mingw32/bin/../lib/gcc/nios2-elf/5.3.0/../../../../../H-x86_64-mingw32/nios2-elf/lib\libc.a(lib_a-memcmp.o)
 .text.memcmp   0x0000000010002874       0x7c c:/intelfpga_lite/16.1/nios2eds/bin/gnu/h-x86_64-mingw32/bin/../lib/gcc/nios2-elf/5.3.0/../../../../../H-x86_64-mingw32/nios2-elf/lib\libc.a(lib_a-memcmp.o)
                0x0000000010002874                memcmp
 .text          0x00000000100028f0        0x0 c:/intelfpga_lite/16.1/nios2eds/bin/gnu/h-x86_64-mingw32/bin/../lib/gcc/nios2-elf/5.3.0/../../../../../H-x86_64-mingw32/nios2-elf/lib\libc.a(lib_a-strlen.o)
 .text.strlen   0x00000000100028f0       0x98 c:/intelfpga_lite/16.1/nios2eds/bin/gnu/h-x86_64-mingw32/bin/../lib/gcc/nios2-elf/5.3.0/../../../../../H-x86_64-mingw32/nios2-elf/lib\libc.a(lib_a-strlen.o)
                0x00000000100028f0                strlen
 .text          0x0000000010002988        0x0 c:/intelfpga_lite/16.1/nios2eds/bin/gnu/h-x86_64-mingw32/bin/../lib/gcc/nios2-elf/5.3.0/../../../../../H-x86_64-mingw32/nios2-elf/lib\libc.a(lib_a-__atexit.o)
 .text.__register_exitproc
                0x0000000010002988      0x118 c:/intelfpga_lite/16.1/nios2eds/bin/gnu/h-x86_64-mingw32/bin/../lib/gcc/nios2-elf/5.3.0/../../../../../H-x86_64-mingw32/nios2-elf/lib\libc.a(lib_a-__atexit.o)
                0x0000000010002988                __register_exitproc
 .text          0x0000000010002aa0        0x0 c:/intelfpga_lite/16.1/nios2eds/bin/gnu/h-x86_64-mingw32/bin/../lib/gcc/nios2-elf/5.3.0/../../../../../H-x86_64-mingw32/nios2-elf/lib\libc.a(lib_a-__call_atexit.o)
 .text.__call_exitprocs
                0x0000000010002aa0      0x180 c:/intelfpga_lite/16.1/nios2eds/bin/gnu/h-x86_64-mingw32/bin/../lib/gcc/nios2-elf/5.3.0/../../../../../H-x86_64-mingw32/nios2-elf/lib\libc.a(lib_a-__call_atexit.o)
                0x0000000010002aa0                __call_exitprocs
 .text          0x0000000010002c20       0x34 ../Lab7_bsp/\libhal_bsp.a(alt_exit.o)
                0x0000000010002c20                _exit
 *(.gnu.warning.*)
 *(.fini)
                [!provide]                        PROVIDE (__etext, ABSOLUTE (.))
                [!provide]                        PROVIDE (_etext, ABSOLUTE (.))
                [!provide]                        PROVIDE (etext, ABSOLUTE (.))
 *(.eh_frame_hdr)
                0x0000000010002c54                . = ALIGN (0x4)
                [!provide]                        PROVIDE (__preinit_array_start, ABSOLUTE (.))
 *(.preinit_array)
                [!provide]                        PROVIDE (__preinit_array_end, ABSOLUTE (.))
                [!provide]                        PROVIDE (__init_array_start, ABSOLUTE (.))
 *(.init_array)
                [!provide]                        PROVIDE (__init_array_end, ABSOLUTE (.))
                [!provide]                        PROVIDE (__fini_array_start, ABSOLUTE (.))
 *(.fini_array)
                [!provide]                        PROVIDE (__fini_array_end, ABSOLUTE (.))
 *(.eh_frame)
 *(.gcc_except_table .gcc_except_table.*)
 *(.dynamic)
                0x0000000010002c54                PROVIDE (__CTOR_LIST__, ABSOLUTE (.))
 *(.ctors)
 *(SORT(.ctors.*))
                0x0000000010002c54                PROVIDE (__CTOR_END__, ABSOLUTE (.))
                0x0000000010002c54                PROVIDE (__DTOR_LIST__, ABSOLUTE (.))
 *(.dtors)
 *(SORT(.dtors.*))
                0x0000000010002c54                PROVIDE (__DTOR_END__, ABSOLUTE (.))
 *(.jcr)
                0x0000000010002c54                . = ALIGN (0x4)

.rodata         0x0000000010002c54       0x78
                0x0000000010002c54                PROVIDE (__ram_rodata_start, ABSOLUTE (.))
                0x0000000010002c54                . = ALIGN (0x4)
 *(.rodata .rodata.* .gnu.linkonce.r.*)
 .rodata        0x0000000010002c54       0x48 obj/default/Part3.o
 .rodata        0x0000000010002c9c        0xf ../Lab7_bsp/\libhal_bsp.a(alt_main.o)
 *fill*         0x0000000010002cab        0x1 
 .rodata        0x0000000010002cac        0xf ../Lab7_bsp/\libhal_bsp.a(alt_sys_init.o)
 *fill*         0x0000000010002cbb        0x1 
 .rodata        0x0000000010002cbc        0xa ../Lab7_bsp/\libhal_bsp.a(alt_dev.o)
 *fill*         0x0000000010002cc6        0x2 
 .rodata.str1.4
                0x0000000010002cc8        0x4 c:/intelfpga_lite/16.1/nios2eds/bin/gnu/h-x86_64-mingw32/bin/../lib/gcc/nios2-elf/5.3.0/../../../../../H-x86_64-mingw32/nios2-elf/lib\libc.a(lib_a-impure.o)
                                          0x2 (size before relaxing)
 *(.rodata1)
                0x0000000010002ccc                . = ALIGN (0x4)
                0x0000000010002ccc                PROVIDE (__ram_rodata_end, ABSOLUTE (.))
                0x0000000010002c54                PROVIDE (__flash_rodata_start, LOADADDR (.rodata))

.rwdata         0x0000000010002ccc     0x1658 load address 0x0000000010004324
                0x0000000010002ccc                PROVIDE (__ram_rwdata_start, ABSOLUTE (.))
                0x0000000010002ccc                . = ALIGN (0x4)
 *(.got.plt)
 *(.got)
 *(.data1)
 *(.data .data.* .gnu.linkonce.d.*)
 .data          0x0000000010002ccc        0x0 ../Lab7_bsp//obj/HAL/src/crt0.o
 .data          0x0000000010002ccc        0x0 obj/default/Part1.o
 .data          0x0000000010002ccc        0x0 obj/default/Part2.o
 .data          0x0000000010002ccc        0x0 obj/default/Part3.o
 .data          0x0000000010002ccc        0x0 c:/intelfpga_lite/16.1/nios2eds/bin/gnu/h-x86_64-mingw32/bin/../lib/gcc/nios2-elf/5.3.0\libgcc.a(lib2-divmod.o)
 .data          0x0000000010002ccc        0x0 c:/intelfpga_lite/16.1/nios2eds/bin/gnu/h-x86_64-mingw32/bin/../lib/gcc/nios2-elf/5.3.0/../../../../../H-x86_64-mingw32/nios2-elf/lib\libc.a(lib_a-memcpy.o)
 .data          0x0000000010002ccc        0x0 ../Lab7_bsp/\libhal_bsp.a(alt_iic.o)
 .data          0x0000000010002ccc        0x0 ../Lab7_bsp/\libhal_bsp.a(alt_iic_isr_register.o)
 .data          0x0000000010002ccc        0x0 ../Lab7_bsp/\libhal_bsp.a(alt_irq_entry.o)
 .data          0x0000000010002ccc        0x0 ../Lab7_bsp/\libhal_bsp.a(alt_irq_handler.o)
 .data          0x0000000010002ccc        0x0 ../Lab7_bsp/\libhal_bsp.a(alt_irq_register.o)
 .data          0x0000000010002ccc        0x0 ../Lab7_bsp/\libhal_bsp.a(alt_irq_vars.o)
 .data          0x0000000010002ccc        0x0 ../Lab7_bsp/\libhal_bsp.a(alt_load.o)
 .data          0x0000000010002ccc        0x0 ../Lab7_bsp/\libhal_bsp.a(alt_main.o)
 .data          0x0000000010002ccc     0x1060 ../Lab7_bsp/\libhal_bsp.a(alt_sys_init.o)
 .data          0x0000000010003d2c        0x0 ../Lab7_bsp/\libhal_bsp.a(altera_avalon_jtag_uart_fd.o)
 .data          0x0000000010003d2c        0x0 ../Lab7_bsp/\libhal_bsp.a(altera_avalon_jtag_uart_init.o)
 .data          0x0000000010003d2c        0x0 ../Lab7_bsp/\libhal_bsp.a(altera_avalon_jtag_uart_ioctl.o)
 .data          0x0000000010003d2c        0x0 ../Lab7_bsp/\libhal_bsp.a(altera_avalon_jtag_uart_read.o)
 .data          0x0000000010003d2c        0x0 ../Lab7_bsp/\libhal_bsp.a(altera_avalon_jtag_uart_write.o)
 .data          0x0000000010003d2c        0x0 ../Lab7_bsp/\libhal_bsp.a(alt_alarm_start.o)
 .data          0x0000000010003d2c        0x0 ../Lab7_bsp/\libhal_bsp.a(alt_close.o)
 .data          0x0000000010003d2c        0x0 ../Lab7_bsp/\libhal_bsp.a(alt_dcache_flush_all.o)
 .data          0x0000000010003d2c      0x1a8 ../Lab7_bsp/\libhal_bsp.a(alt_dev.o)
                0x0000000010003d2c                alt_dev_null
                0x0000000010003d54                alt_fd_list
 .data          0x0000000010003ed4        0x0 ../Lab7_bsp/\libhal_bsp.a(alt_dev_llist_insert.o)
 .data          0x0000000010003ed4        0x0 ../Lab7_bsp/\libhal_bsp.a(alt_do_ctors.o)
 .data          0x0000000010003ed4        0x0 ../Lab7_bsp/\libhal_bsp.a(alt_do_dtors.o)
 .data          0x0000000010003ed4        0x0 ../Lab7_bsp/\libhal_bsp.a(alt_errno.o)
 .data          0x0000000010003ed4        0x0 ../Lab7_bsp/\libhal_bsp.a(alt_exception_entry.o)
 .data          0x0000000010003ed4        0x0 ../Lab7_bsp/\libhal_bsp.a(alt_icache_flush_all.o)
 .data          0x0000000010003ed4        0x0 ../Lab7_bsp/\libhal_bsp.a(alt_io_redirect.o)
 .data          0x0000000010003ed4        0x0 ../Lab7_bsp/\libhal_bsp.a(alt_open.o)
 .data          0x0000000010003ed4        0x0 ../Lab7_bsp/\libhal_bsp.a(alt_release_fd.o)
 .data          0x0000000010003ed4        0x0 ../Lab7_bsp/\libhal_bsp.a(alt_tick.o)
 .data          0x0000000010003ed4        0x0 ../Lab7_bsp/\libhal_bsp.a(altera_nios2_qsys_irq.o)
 .data          0x0000000010003ed4        0x0 ../Lab7_bsp/\libhal_bsp.a(alt_find_dev.o)
 .data          0x0000000010003ed4        0x0 ../Lab7_bsp/\libhal_bsp.a(alt_find_file.o)
 .data          0x0000000010003ed4        0x0 ../Lab7_bsp/\libhal_bsp.a(alt_get_fd.o)
 .data          0x0000000010003ed4        0x0 ../Lab7_bsp/\libhal_bsp.a(alt_icache_flush.o)
 .data          0x0000000010003ed4        0x0 c:/intelfpga_lite/16.1/nios2eds/bin/gnu/h-x86_64-mingw32/bin/../lib/gcc/nios2-elf/5.3.0/../../../../../H-x86_64-mingw32/nios2-elf/lib\libc.a(lib_a-atexit.o)
 .data          0x0000000010003ed4        0x0 c:/intelfpga_lite/16.1/nios2eds/bin/gnu/h-x86_64-mingw32/bin/../lib/gcc/nios2-elf/5.3.0/../../../../../H-x86_64-mingw32/nios2-elf/lib\libc.a(lib_a-exit.o)
 .data          0x0000000010003ed4        0x0 c:/intelfpga_lite/16.1/nios2eds/bin/gnu/h-x86_64-mingw32/bin/../lib/gcc/nios2-elf/5.3.0/../../../../../H-x86_64-mingw32/nios2-elf/lib\libc.a(lib_a-impure.o)
 .data.impure_data
                0x0000000010003ed4      0x424 c:/intelfpga_lite/16.1/nios2eds/bin/gnu/h-x86_64-mingw32/bin/../lib/gcc/nios2-elf/5.3.0/../../../../../H-x86_64-mingw32/nios2-elf/lib\libc.a(lib_a-impure.o)
 .data          0x00000000100042f8        0x0 c:/intelfpga_lite/16.1/nios2eds/bin/gnu/h-x86_64-mingw32/bin/../lib/gcc/nios2-elf/5.3.0/../../../../../H-x86_64-mingw32/nios2-elf/lib\libc.a(lib_a-int_errno.o)
 .data          0x00000000100042f8        0x0 c:/intelfpga_lite/16.1/nios2eds/bin/gnu/h-x86_64-mingw32/bin/../lib/gcc/nios2-elf/5.3.0/../../../../../H-x86_64-mingw32/nios2-elf/lib\libc.a(lib_a-memcmp.o)
 .data          0x00000000100042f8        0x0 c:/intelfpga_lite/16.1/nios2eds/bin/gnu/h-x86_64-mingw32/bin/../lib/gcc/nios2-elf/5.3.0/../../../../../H-x86_64-mingw32/nios2-elf/lib\libc.a(lib_a-strlen.o)
 .data          0x00000000100042f8        0x0 c:/intelfpga_lite/16.1/nios2eds/bin/gnu/h-x86_64-mingw32/bin/../lib/gcc/nios2-elf/5.3.0/../../../../../H-x86_64-mingw32/nios2-elf/lib\libc.a(lib_a-__atexit.o)
 .data          0x00000000100042f8        0x0 c:/intelfpga_lite/16.1/nios2eds/bin/gnu/h-x86_64-mingw32/bin/../lib/gcc/nios2-elf/5.3.0/../../../../../H-x86_64-mingw32/nios2-elf/lib\libc.a(lib_a-__call_atexit.o)
 .data          0x00000000100042f8        0x0 ../Lab7_bsp/\libhal_bsp.a(alt_exit.o)
                0x000000001000c2f8                _gp = ABSOLUTE ((. + 0x8000))
                [!provide]                        PROVIDE (gp, _gp)
 *(.rwdata .rwdata.*)
 *(.sdata .sdata.* .gnu.linkonce.s.*)
 .sdata         0x00000000100042f8        0x4 ../Lab7_bsp/\libhal_bsp.a(alt_irq_vars.o)
                0x00000000100042f8                alt_priority_mask
 .sdata         0x00000000100042fc       0x14 ../Lab7_bsp/\libhal_bsp.a(alt_dev.o)
                0x00000000100042fc                alt_fs_list
                0x0000000010004304                alt_dev_list
                0x000000001000430c                alt_max_fd
 .sdata         0x0000000010004310        0x4 ../Lab7_bsp/\libhal_bsp.a(alt_errno.o)
                0x0000000010004310                alt_errno
 .sdata         0x0000000010004314        0x8 ../Lab7_bsp/\libhal_bsp.a(alt_tick.o)
                0x0000000010004314                alt_alarm_list
 .sdata._global_impure_ptr
                0x000000001000431c        0x4 c:/intelfpga_lite/16.1/nios2eds/bin/gnu/h-x86_64-mingw32/bin/../lib/gcc/nios2-elf/5.3.0/../../../../../H-x86_64-mingw32/nios2-elf/lib\libc.a(lib_a-impure.o)
                0x000000001000431c                _global_impure_ptr
 .sdata._impure_ptr
                0x0000000010004320        0x4 c:/intelfpga_lite/16.1/nios2eds/bin/gnu/h-x86_64-mingw32/bin/../lib/gcc/nios2-elf/5.3.0/../../../../../H-x86_64-mingw32/nios2-elf/lib\libc.a(lib_a-impure.o)
                0x0000000010004320                _impure_ptr
 *(.sdata2 .sdata2.* .gnu.linkonce.s2.*)
                0x0000000010004324                . = ALIGN (0x4)
                0x0000000010004324                _edata = ABSOLUTE (.)
                [!provide]                        PROVIDE (edata, ABSOLUTE (.))
                0x0000000010004324                PROVIDE (__ram_rwdata_end, ABSOLUTE (.))
                0x0000000010004324                PROVIDE (__flash_rwdata_start, LOADADDR (.rwdata))

.bss            0x000000001000597c      0x12c
                0x000000001000597c                __bss_start = ABSOLUTE (.)
                [!provide]                        PROVIDE (__sbss_start, ABSOLUTE (.))
                [!provide]                        PROVIDE (___sbss_start, ABSOLUTE (.))
 *(.dynsbss)
 *(.sbss .sbss.* .gnu.linkonce.sb.*)
 .sbss          0x000000001000597c       0x10 obj/default/Part3.o
                0x000000001000597c                Time
                0x0000000010005980                Score
 .sbss          0x000000001000598c        0x4 ../Lab7_bsp/\libhal_bsp.a(alt_irq_vars.o)
                0x000000001000598c                alt_irq_active
 .sbss          0x0000000010005990        0xc ../Lab7_bsp/\libhal_bsp.a(alt_main.o)
                0x0000000010005990                alt_argc
                0x0000000010005994                alt_argv
                0x0000000010005998                alt_envp
 .sbss          0x000000001000599c        0x8 ../Lab7_bsp/\libhal_bsp.a(alt_tick.o)
                0x000000001000599c                _alt_tick_rate
                0x00000000100059a0                _alt_nticks
 .sbss          0x00000000100059a4        0x4 c:/intelfpga_lite/16.1/nios2eds/bin/gnu/h-x86_64-mingw32/bin/../lib/gcc/nios2-elf/5.3.0/../../../../../H-x86_64-mingw32/nios2-elf/lib\libc.a(lib_a-int_errno.o)
                0x00000000100059a4                errno
 *(.sbss2 .sbss2.* .gnu.linkonce.sb2.*)
 *(.scommon)
                [!provide]                        PROVIDE (__sbss_end, ABSOLUTE (.))
                [!provide]                        PROVIDE (___sbss_end, ABSOLUTE (.))
 *(.dynbss)
 *(.bss .bss.* .gnu.linkonce.b.*)
 .bss           0x00000000100059a8        0x0 ../Lab7_bsp//obj/HAL/src/crt0.o
 .bss           0x00000000100059a8        0x0 obj/default/Part1.o
 .bss           0x00000000100059a8        0x0 obj/default/Part2.o
 .bss           0x00000000100059a8        0x0 obj/default/Part3.o
 .bss           0x00000000100059a8        0x0 c:/intelfpga_lite/16.1/nios2eds/bin/gnu/h-x86_64-mingw32/bin/../lib/gcc/nios2-elf/5.3.0\libgcc.a(lib2-divmod.o)
 .bss           0x00000000100059a8        0x0 c:/intelfpga_lite/16.1/nios2eds/bin/gnu/h-x86_64-mingw32/bin/../lib/gcc/nios2-elf/5.3.0/../../../../../H-x86_64-mingw32/nios2-elf/lib\libc.a(lib_a-memcpy.o)
 .bss           0x00000000100059a8        0x0 ../Lab7_bsp/\libhal_bsp.a(alt_iic.o)
 .bss           0x00000000100059a8        0x0 ../Lab7_bsp/\libhal_bsp.a(alt_iic_isr_register.o)
 .bss           0x00000000100059a8        0x0 ../Lab7_bsp/\libhal_bsp.a(alt_irq_entry.o)
 .bss           0x00000000100059a8        0x0 ../Lab7_bsp/\libhal_bsp.a(alt_irq_handler.o)
 .bss           0x00000000100059a8        0x0 ../Lab7_bsp/\libhal_bsp.a(alt_irq_register.o)
 .bss           0x00000000100059a8        0x0 ../Lab7_bsp/\libhal_bsp.a(alt_irq_vars.o)
 .bss           0x00000000100059a8        0x0 ../Lab7_bsp/\libhal_bsp.a(alt_load.o)
 .bss           0x00000000100059a8        0x0 ../Lab7_bsp/\libhal_bsp.a(alt_main.o)
 .bss           0x00000000100059a8        0x0 ../Lab7_bsp/\libhal_bsp.a(alt_sys_init.o)
 .bss           0x00000000100059a8        0x0 ../Lab7_bsp/\libhal_bsp.a(altera_avalon_jtag_uart_fd.o)
 .bss           0x00000000100059a8        0x0 ../Lab7_bsp/\libhal_bsp.a(altera_avalon_jtag_uart_init.o)
 .bss           0x00000000100059a8        0x0 ../Lab7_bsp/\libhal_bsp.a(altera_avalon_jtag_uart_ioctl.o)
 .bss           0x00000000100059a8        0x0 ../Lab7_bsp/\libhal_bsp.a(altera_avalon_jtag_uart_read.o)
 .bss           0x00000000100059a8        0x0 ../Lab7_bsp/\libhal_bsp.a(altera_avalon_jtag_uart_write.o)
 .bss           0x00000000100059a8        0x0 ../Lab7_bsp/\libhal_bsp.a(alt_alarm_start.o)
 .bss           0x00000000100059a8        0x0 ../Lab7_bsp/\libhal_bsp.a(alt_close.o)
 .bss           0x00000000100059a8        0x0 ../Lab7_bsp/\libhal_bsp.a(alt_dcache_flush_all.o)
 .bss           0x00000000100059a8        0x0 ../Lab7_bsp/\libhal_bsp.a(alt_dev.o)
 .bss           0x00000000100059a8        0x0 ../Lab7_bsp/\libhal_bsp.a(alt_dev_llist_insert.o)
 .bss           0x00000000100059a8        0x0 ../Lab7_bsp/\libhal_bsp.a(alt_do_ctors.o)
 .bss           0x00000000100059a8        0x0 ../Lab7_bsp/\libhal_bsp.a(alt_do_dtors.o)
 .bss           0x00000000100059a8        0x0 ../Lab7_bsp/\libhal_bsp.a(alt_errno.o)
 .bss           0x00000000100059a8        0x0 ../Lab7_bsp/\libhal_bsp.a(alt_exception_entry.o)
 .bss           0x00000000100059a8        0x0 ../Lab7_bsp/\libhal_bsp.a(alt_icache_flush_all.o)
 .bss           0x00000000100059a8        0x0 ../Lab7_bsp/\libhal_bsp.a(alt_io_redirect.o)
 .bss           0x00000000100059a8        0x0 ../Lab7_bsp/\libhal_bsp.a(alt_open.o)
 .bss           0x00000000100059a8        0x0 ../Lab7_bsp/\libhal_bsp.a(alt_release_fd.o)
 .bss           0x00000000100059a8        0x0 ../Lab7_bsp/\libhal_bsp.a(alt_tick.o)
 .bss           0x00000000100059a8        0x0 ../Lab7_bsp/\libhal_bsp.a(altera_nios2_qsys_irq.o)
 .bss           0x00000000100059a8        0x0 ../Lab7_bsp/\libhal_bsp.a(alt_find_dev.o)
 .bss           0x00000000100059a8        0x0 ../Lab7_bsp/\libhal_bsp.a(alt_find_file.o)
 .bss           0x00000000100059a8        0x0 ../Lab7_bsp/\libhal_bsp.a(alt_get_fd.o)
 .bss           0x00000000100059a8        0x0 ../Lab7_bsp/\libhal_bsp.a(alt_icache_flush.o)
 .bss           0x00000000100059a8        0x0 c:/intelfpga_lite/16.1/nios2eds/bin/gnu/h-x86_64-mingw32/bin/../lib/gcc/nios2-elf/5.3.0/../../../../../H-x86_64-mingw32/nios2-elf/lib\libc.a(lib_a-atexit.o)
 .bss           0x00000000100059a8        0x0 c:/intelfpga_lite/16.1/nios2eds/bin/gnu/h-x86_64-mingw32/bin/../lib/gcc/nios2-elf/5.3.0/../../../../../H-x86_64-mingw32/nios2-elf/lib\libc.a(lib_a-exit.o)
 .bss           0x00000000100059a8        0x0 c:/intelfpga_lite/16.1/nios2eds/bin/gnu/h-x86_64-mingw32/bin/../lib/gcc/nios2-elf/5.3.0/../../../../../H-x86_64-mingw32/nios2-elf/lib\libc.a(lib_a-impure.o)
 .bss           0x00000000100059a8        0x0 c:/intelfpga_lite/16.1/nios2eds/bin/gnu/h-x86_64-mingw32/bin/../lib/gcc/nios2-elf/5.3.0/../../../../../H-x86_64-mingw32/nios2-elf/lib\libc.a(lib_a-int_errno.o)
 .bss           0x00000000100059a8        0x0 c:/intelfpga_lite/16.1/nios2eds/bin/gnu/h-x86_64-mingw32/bin/../lib/gcc/nios2-elf/5.3.0/../../../../../H-x86_64-mingw32/nios2-elf/lib\libc.a(lib_a-memcmp.o)
 .bss           0x00000000100059a8        0x0 c:/intelfpga_lite/16.1/nios2eds/bin/gnu/h-x86_64-mingw32/bin/../lib/gcc/nios2-elf/5.3.0/../../../../../H-x86_64-mingw32/nios2-elf/lib\libc.a(lib_a-strlen.o)
 .bss           0x00000000100059a8        0x0 c:/intelfpga_lite/16.1/nios2eds/bin/gnu/h-x86_64-mingw32/bin/../lib/gcc/nios2-elf/5.3.0/../../../../../H-x86_64-mingw32/nios2-elf/lib\libc.a(lib_a-__atexit.o)
 .bss           0x00000000100059a8        0x0 c:/intelfpga_lite/16.1/nios2eds/bin/gnu/h-x86_64-mingw32/bin/../lib/gcc/nios2-elf/5.3.0/../../../../../H-x86_64-mingw32/nios2-elf/lib\libc.a(lib_a-__call_atexit.o)
 .bss           0x00000000100059a8        0x0 ../Lab7_bsp/\libhal_bsp.a(alt_exit.o)
 *(COMMON)
 COMMON         0x00000000100059a8      0x100 ../Lab7_bsp/\libhal_bsp.a(alt_irq_handler.o)
                0x00000000100059a8                alt_irq
                0x0000000010005aa8                . = ALIGN (0x4)
                0x0000000010005aa8                __bss_end = ABSOLUTE (.)

.On_Chip_Mem    0x0000000000000000        0x0 load address 0x0000000010005aa8
                [!provide]                        PROVIDE (_alt_partition_On_Chip_Mem_start, ABSOLUTE (.))
 *(.On_Chip_Mem .On_Chip_Mem. On_Chip_Mem.*)
                0x0000000000000000                . = ALIGN (0x4)
                [!provide]                        PROVIDE (_alt_partition_On_Chip_Mem_end, ABSOLUTE (.))
                [!provide]                        PROVIDE (_alt_partition_On_Chip_Mem_load_addr, LOADADDR (.On_Chip_Mem))

.SDRAM          0x0000000010005aa8        0x0
                [!provide]                        PROVIDE (_alt_partition_SDRAM_start, ABSOLUTE (.))
 *(.SDRAM .SDRAM. SDRAM.*)
                0x0000000010005aa8                . = ALIGN (0x4)
                [!provide]                        PROVIDE (_alt_partition_SDRAM_end, ABSOLUTE (.))
                0x0000000010005aa8                _end = ABSOLUTE (.)
                0x0000000010005aa8                end = ABSOLUTE (.)
                0x0000000010005aa8                __alt_stack_base = ABSOLUTE (.)
                [!provide]                        PROVIDE (_alt_partition_SDRAM_load_addr, LOADADDR (.SDRAM))

.stab
 *(.stab)

.stabstr
 *(.stabstr)

.stab.excl
 *(.stab.excl)

.stab.exclstr
 *(.stab.exclstr)

.stab.index
 *(.stab.index)

.stab.indexstr
 *(.stab.indexstr)

.comment        0x0000000000000000       0x23
 *(.comment)
 .comment       0x0000000000000000       0x23 obj/default/Part1.o
                                         0x24 (size before relaxing)
 .comment       0x0000000000000023       0x24 obj/default/Part2.o
 .comment       0x0000000000000023       0x24 obj/default/Part3.o
 .comment       0x0000000000000023       0x24 c:/intelfpga_lite/16.1/nios2eds/bin/gnu/h-x86_64-mingw32/bin/../lib/gcc/nios2-elf/5.3.0\libgcc.a(lib2-divmod.o)
 .comment       0x0000000000000023       0x24 c:/intelfpga_lite/16.1/nios2eds/bin/gnu/h-x86_64-mingw32/bin/../lib/gcc/nios2-elf/5.3.0/../../../../../H-x86_64-mingw32/nios2-elf/lib\libc.a(lib_a-memcpy.o)
 .comment       0x0000000000000023       0x24 ../Lab7_bsp/\libhal_bsp.a(alt_iic.o)
 .comment       0x0000000000000023       0x24 ../Lab7_bsp/\libhal_bsp.a(alt_iic_isr_register.o)
 .comment       0x0000000000000023       0x24 ../Lab7_bsp/\libhal_bsp.a(alt_irq_handler.o)
 .comment       0x0000000000000023       0x24 ../Lab7_bsp/\libhal_bsp.a(alt_irq_register.o)
 .comment       0x0000000000000023       0x24 ../Lab7_bsp/\libhal_bsp.a(alt_irq_vars.o)
 .comment       0x0000000000000023       0x24 ../Lab7_bsp/\libhal_bsp.a(alt_load.o)
 .comment       0x0000000000000023       0x24 ../Lab7_bsp/\libhal_bsp.a(alt_main.o)
 .comment       0x0000000000000023       0x24 ../Lab7_bsp/\libhal_bsp.a(alt_sys_init.o)
 .comment       0x0000000000000023       0x24 ../Lab7_bsp/\libhal_bsp.a(altera_avalon_jtag_uart_fd.o)
 .comment       0x0000000000000023       0x24 ../Lab7_bsp/\libhal_bsp.a(altera_avalon_jtag_uart_init.o)
 .comment       0x0000000000000023       0x24 ../Lab7_bsp/\libhal_bsp.a(altera_avalon_jtag_uart_ioctl.o)
 .comment       0x0000000000000023       0x24 ../Lab7_bsp/\libhal_bsp.a(altera_avalon_jtag_uart_read.o)
 .comment       0x0000000000000023       0x24 ../Lab7_bsp/\libhal_bsp.a(altera_avalon_jtag_uart_write.o)
 .comment       0x0000000000000023       0x24 ../Lab7_bsp/\libhal_bsp.a(alt_alarm_start.o)
 .comment       0x0000000000000023       0x24 ../Lab7_bsp/\libhal_bsp.a(alt_close.o)
 .comment       0x0000000000000023       0x24 ../Lab7_bsp/\libhal_bsp.a(alt_dcache_flush_all.o)
 .comment       0x0000000000000023       0x24 ../Lab7_bsp/\libhal_bsp.a(alt_dev.o)
 .comment       0x0000000000000023       0x24 ../Lab7_bsp/\libhal_bsp.a(alt_dev_llist_insert.o)
 .comment       0x0000000000000023       0x24 ../Lab7_bsp/\libhal_bsp.a(alt_do_ctors.o)
 .comment       0x0000000000000023       0x24 ../Lab7_bsp/\libhal_bsp.a(alt_do_dtors.o)
 .comment       0x0000000000000023       0x24 ../Lab7_bsp/\libhal_bsp.a(alt_errno.o)
 .comment       0x0000000000000023       0x24 ../Lab7_bsp/\libhal_bsp.a(alt_icache_flush_all.o)
 .comment       0x0000000000000023       0x24 ../Lab7_bsp/\libhal_bsp.a(alt_io_redirect.o)
 .comment       0x0000000000000023       0x24 ../Lab7_bsp/\libhal_bsp.a(alt_open.o)
 .comment       0x0000000000000023       0x24 ../Lab7_bsp/\libhal_bsp.a(alt_release_fd.o)
 .comment       0x0000000000000023       0x24 ../Lab7_bsp/\libhal_bsp.a(alt_tick.o)
 .comment       0x0000000000000023       0x24 ../Lab7_bsp/\libhal_bsp.a(altera_nios2_qsys_irq.o)
 .comment       0x0000000000000023       0x24 ../Lab7_bsp/\libhal_bsp.a(alt_find_dev.o)
 .comment       0x0000000000000023       0x24 ../Lab7_bsp/\libhal_bsp.a(alt_find_file.o)
 .comment       0x0000000000000023       0x24 ../Lab7_bsp/\libhal_bsp.a(alt_get_fd.o)
 .comment       0x0000000000000023       0x24 ../Lab7_bsp/\libhal_bsp.a(alt_icache_flush.o)
 .comment       0x0000000000000023       0x24 c:/intelfpga_lite/16.1/nios2eds/bin/gnu/h-x86_64-mingw32/bin/../lib/gcc/nios2-elf/5.3.0/../../../../../H-x86_64-mingw32/nios2-elf/lib\libc.a(lib_a-atexit.o)
 .comment       0x0000000000000023       0x24 c:/intelfpga_lite/16.1/nios2eds/bin/gnu/h-x86_64-mingw32/bin/../lib/gcc/nios2-elf/5.3.0/../../../../../H-x86_64-mingw32/nios2-elf/lib\libc.a(lib_a-exit.o)
 .comment       0x0000000000000023       0x24 c:/intelfpga_lite/16.1/nios2eds/bin/gnu/h-x86_64-mingw32/bin/../lib/gcc/nios2-elf/5.3.0/../../../../../H-x86_64-mingw32/nios2-elf/lib\libc.a(lib_a-impure.o)
 .comment       0x0000000000000023       0x24 c:/intelfpga_lite/16.1/nios2eds/bin/gnu/h-x86_64-mingw32/bin/../lib/gcc/nios2-elf/5.3.0/../../../../../H-x86_64-mingw32/nios2-elf/lib\libc.a(lib_a-int_errno.o)
 .comment       0x0000000000000023       0x24 c:/intelfpga_lite/16.1/nios2eds/bin/gnu/h-x86_64-mingw32/bin/../lib/gcc/nios2-elf/5.3.0/../../../../../H-x86_64-mingw32/nios2-elf/lib\libc.a(lib_a-memcmp.o)
 .comment       0x0000000000000023       0x24 c:/intelfpga_lite/16.1/nios2eds/bin/gnu/h-x86_64-mingw32/bin/../lib/gcc/nios2-elf/5.3.0/../../../../../H-x86_64-mingw32/nios2-elf/lib\libc.a(lib_a-strlen.o)
 .comment       0x0000000000000023       0x24 c:/intelfpga_lite/16.1/nios2eds/bin/gnu/h-x86_64-mingw32/bin/../lib/gcc/nios2-elf/5.3.0/../../../../../H-x86_64-mingw32/nios2-elf/lib\libc.a(lib_a-__atexit.o)
 .comment       0x0000000000000023       0x24 c:/intelfpga_lite/16.1/nios2eds/bin/gnu/h-x86_64-mingw32/bin/../lib/gcc/nios2-elf/5.3.0/../../../../../H-x86_64-mingw32/nios2-elf/lib\libc.a(lib_a-__call_atexit.o)
 .comment       0x0000000000000023       0x24 ../Lab7_bsp/\libhal_bsp.a(alt_exit.o)

.debug
 *(.debug)

.line
 *(.line)

.debug_srcinfo
 *(.debug_srcinfo)

.debug_sfnames
 *(.debug_sfnames)

.debug_aranges  0x0000000000000000      0x5d0
 *(.debug_aranges)
 .debug_aranges
                0x0000000000000000       0x28 ../Lab7_bsp//obj/HAL/src/crt0.o
 .debug_aranges
                0x0000000000000028       0x20 obj/default/Part3.o
 .debug_aranges
                0x0000000000000048       0x20 c:/intelfpga_lite/16.1/nios2eds/bin/gnu/h-x86_64-mingw32/bin/../lib/gcc/nios2-elf/5.3.0\libgcc.a(lib2-divmod.o)
 .debug_aranges
                0x0000000000000068       0x20 c:/intelfpga_lite/16.1/nios2eds/bin/gnu/h-x86_64-mingw32/bin/../lib/gcc/nios2-elf/5.3.0/../../../../../H-x86_64-mingw32/nios2-elf/lib\libc.a(lib_a-memcpy.o)
 .debug_aranges
                0x0000000000000088       0x20 ../Lab7_bsp/\libhal_bsp.a(alt_iic.o)
 .debug_aranges
                0x00000000000000a8       0x20 ../Lab7_bsp/\libhal_bsp.a(alt_iic_isr_register.o)
 .debug_aranges
                0x00000000000000c8       0x30 ../Lab7_bsp/\libhal_bsp.a(alt_irq_entry.o)
 .debug_aranges
                0x00000000000000f8       0x20 ../Lab7_bsp/\libhal_bsp.a(alt_irq_handler.o)
 .debug_aranges
                0x0000000000000118       0x20 ../Lab7_bsp/\libhal_bsp.a(alt_irq_register.o)
 .debug_aranges
                0x0000000000000138       0x18 ../Lab7_bsp/\libhal_bsp.a(alt_irq_vars.o)
 .debug_aranges
                0x0000000000000150       0x20 ../Lab7_bsp/\libhal_bsp.a(alt_load.o)
 .debug_aranges
                0x0000000000000170       0x20 ../Lab7_bsp/\libhal_bsp.a(alt_main.o)
 .debug_aranges
                0x0000000000000190       0x20 ../Lab7_bsp/\libhal_bsp.a(alt_sys_init.o)
 .debug_aranges
                0x00000000000001b0       0x20 ../Lab7_bsp/\libhal_bsp.a(altera_avalon_jtag_uart_fd.o)
 .debug_aranges
                0x00000000000001d0       0x20 ../Lab7_bsp/\libhal_bsp.a(altera_avalon_jtag_uart_init.o)
 .debug_aranges
                0x00000000000001f0       0x20 ../Lab7_bsp/\libhal_bsp.a(altera_avalon_jtag_uart_ioctl.o)
 .debug_aranges
                0x0000000000000210       0x20 ../Lab7_bsp/\libhal_bsp.a(altera_avalon_jtag_uart_read.o)
 .debug_aranges
                0x0000000000000230       0x20 ../Lab7_bsp/\libhal_bsp.a(altera_avalon_jtag_uart_write.o)
 .debug_aranges
                0x0000000000000250       0x20 ../Lab7_bsp/\libhal_bsp.a(alt_alarm_start.o)
 .debug_aranges
                0x0000000000000270       0x20 ../Lab7_bsp/\libhal_bsp.a(alt_close.o)
 .debug_aranges
                0x0000000000000290       0x20 ../Lab7_bsp/\libhal_bsp.a(alt_dcache_flush_all.o)
 .debug_aranges
                0x00000000000002b0       0x20 ../Lab7_bsp/\libhal_bsp.a(alt_dev.o)
 .debug_aranges
                0x00000000000002d0       0x20 ../Lab7_bsp/\libhal_bsp.a(alt_dev_llist_insert.o)
 .debug_aranges
                0x00000000000002f0       0x20 ../Lab7_bsp/\libhal_bsp.a(alt_do_ctors.o)
 .debug_aranges
                0x0000000000000310       0x20 ../Lab7_bsp/\libhal_bsp.a(alt_do_dtors.o)
 .debug_aranges
                0x0000000000000330       0x18 ../Lab7_bsp/\libhal_bsp.a(alt_errno.o)
 .debug_aranges
                0x0000000000000348       0x38 ../Lab7_bsp/\libhal_bsp.a(alt_exception_entry.o)
 .debug_aranges
                0x0000000000000380       0x20 ../Lab7_bsp/\libhal_bsp.a(alt_icache_flush_all.o)
 .debug_aranges
                0x00000000000003a0       0x20 ../Lab7_bsp/\libhal_bsp.a(alt_io_redirect.o)
 .debug_aranges
                0x00000000000003c0       0x20 ../Lab7_bsp/\libhal_bsp.a(alt_open.o)
 .debug_aranges
                0x00000000000003e0       0x20 ../Lab7_bsp/\libhal_bsp.a(alt_release_fd.o)
 .debug_aranges
                0x0000000000000400       0x20 ../Lab7_bsp/\libhal_bsp.a(alt_tick.o)
 .debug_aranges
                0x0000000000000420       0x20 ../Lab7_bsp/\libhal_bsp.a(altera_nios2_qsys_irq.o)
 .debug_aranges
                0x0000000000000440       0x20 ../Lab7_bsp/\libhal_bsp.a(alt_find_dev.o)
 .debug_aranges
                0x0000000000000460       0x20 ../Lab7_bsp/\libhal_bsp.a(alt_find_file.o)
 .debug_aranges
                0x0000000000000480       0x20 ../Lab7_bsp/\libhal_bsp.a(alt_get_fd.o)
 .debug_aranges
                0x00000000000004a0       0x20 ../Lab7_bsp/\libhal_bsp.a(alt_icache_flush.o)
 .debug_aranges
                0x00000000000004c0       0x20 c:/intelfpga_lite/16.1/nios2eds/bin/gnu/h-x86_64-mingw32/bin/../lib/gcc/nios2-elf/5.3.0/../../../../../H-x86_64-mingw32/nios2-elf/lib\libc.a(lib_a-atexit.o)
 .debug_aranges
                0x00000000000004e0       0x20 c:/intelfpga_lite/16.1/nios2eds/bin/gnu/h-x86_64-mingw32/bin/../lib/gcc/nios2-elf/5.3.0/../../../../../H-x86_64-mingw32/nios2-elf/lib\libc.a(lib_a-exit.o)
 .debug_aranges
                0x0000000000000500       0x18 c:/intelfpga_lite/16.1/nios2eds/bin/gnu/h-x86_64-mingw32/bin/../lib/gcc/nios2-elf/5.3.0/../../../../../H-x86_64-mingw32/nios2-elf/lib\libc.a(lib_a-impure.o)
 .debug_aranges
                0x0000000000000518       0x18 c:/intelfpga_lite/16.1/nios2eds/bin/gnu/h-x86_64-mingw32/bin/../lib/gcc/nios2-elf/5.3.0/../../../../../H-x86_64-mingw32/nios2-elf/lib\libc.a(lib_a-int_errno.o)
 .debug_aranges
                0x0000000000000530       0x20 c:/intelfpga_lite/16.1/nios2eds/bin/gnu/h-x86_64-mingw32/bin/../lib/gcc/nios2-elf/5.3.0/../../../../../H-x86_64-mingw32/nios2-elf/lib\libc.a(lib_a-memcmp.o)
 .debug_aranges
                0x0000000000000550       0x20 c:/intelfpga_lite/16.1/nios2eds/bin/gnu/h-x86_64-mingw32/bin/../lib/gcc/nios2-elf/5.3.0/../../../../../H-x86_64-mingw32/nios2-elf/lib\libc.a(lib_a-strlen.o)
 .debug_aranges
                0x0000000000000570       0x20 c:/intelfpga_lite/16.1/nios2eds/bin/gnu/h-x86_64-mingw32/bin/../lib/gcc/nios2-elf/5.3.0/../../../../../H-x86_64-mingw32/nios2-elf/lib\libc.a(lib_a-__atexit.o)
 .debug_aranges
                0x0000000000000590       0x20 c:/intelfpga_lite/16.1/nios2eds/bin/gnu/h-x86_64-mingw32/bin/../lib/gcc/nios2-elf/5.3.0/../../../../../H-x86_64-mingw32/nios2-elf/lib\libc.a(lib_a-__call_atexit.o)
 .debug_aranges
                0x00000000000005b0       0x20 ../Lab7_bsp/\libhal_bsp.a(alt_exit.o)

.debug_pubnames
 *(.debug_pubnames)

.debug_info     0x0000000000000000     0x7aea
 *(.debug_info .gnu.linkonce.wi.*)
 .debug_info    0x0000000000000000       0x62 ../Lab7_bsp//obj/HAL/src/crt0.o
 .debug_info    0x0000000000000062      0x275 obj/default/Part3.o
 .debug_info    0x00000000000002d7      0x2c6 c:/intelfpga_lite/16.1/nios2eds/bin/gnu/h-x86_64-mingw32/bin/../lib/gcc/nios2-elf/5.3.0\libgcc.a(lib2-divmod.o)
 .debug_info    0x000000000000059d      0x144 c:/intelfpga_lite/16.1/nios2eds/bin/gnu/h-x86_64-mingw32/bin/../lib/gcc/nios2-elf/5.3.0/../../../../../H-x86_64-mingw32/nios2-elf/lib\libc.a(lib_a-memcpy.o)
 .debug_info    0x00000000000006e1      0x350 ../Lab7_bsp/\libhal_bsp.a(alt_iic.o)
 .debug_info    0x0000000000000a31      0x1ef ../Lab7_bsp/\libhal_bsp.a(alt_iic_isr_register.o)
 .debug_info    0x0000000000000c20       0x6b ../Lab7_bsp/\libhal_bsp.a(alt_irq_entry.o)
 .debug_info    0x0000000000000c8b      0x187 ../Lab7_bsp/\libhal_bsp.a(alt_irq_handler.o)
 .debug_info    0x0000000000000e12      0x324 ../Lab7_bsp/\libhal_bsp.a(alt_irq_register.o)
 .debug_info    0x0000000000001136       0x88 ../Lab7_bsp/\libhal_bsp.a(alt_irq_vars.o)
 .debug_info    0x00000000000011be      0x145 ../Lab7_bsp/\libhal_bsp.a(alt_load.o)
 .debug_info    0x0000000000001303      0x131 ../Lab7_bsp/\libhal_bsp.a(alt_main.o)
 .debug_info    0x0000000000001434      0x4d9 ../Lab7_bsp/\libhal_bsp.a(alt_sys_init.o)
 .debug_info    0x000000000000190d      0x52e ../Lab7_bsp/\libhal_bsp.a(altera_avalon_jtag_uart_fd.o)
 .debug_info    0x0000000000001e3b      0x3a0 ../Lab7_bsp/\libhal_bsp.a(altera_avalon_jtag_uart_init.o)
 .debug_info    0x00000000000021db      0x280 ../Lab7_bsp/\libhal_bsp.a(altera_avalon_jtag_uart_ioctl.o)
 .debug_info    0x000000000000245b      0x345 ../Lab7_bsp/\libhal_bsp.a(altera_avalon_jtag_uart_read.o)
 .debug_info    0x00000000000027a0      0x340 ../Lab7_bsp/\libhal_bsp.a(altera_avalon_jtag_uart_write.o)
 .debug_info    0x0000000000002ae0      0x2cc ../Lab7_bsp/\libhal_bsp.a(alt_alarm_start.o)
 .debug_info    0x0000000000002dac      0x321 ../Lab7_bsp/\libhal_bsp.a(alt_close.o)
 .debug_info    0x00000000000030cd       0xa5 ../Lab7_bsp/\libhal_bsp.a(alt_dcache_flush_all.o)
 .debug_info    0x0000000000003172      0x49c ../Lab7_bsp/\libhal_bsp.a(alt_dev.o)
 .debug_info    0x000000000000360e      0x1a9 ../Lab7_bsp/\libhal_bsp.a(alt_dev_llist_insert.o)
 .debug_info    0x00000000000037b7       0x83 ../Lab7_bsp/\libhal_bsp.a(alt_do_ctors.o)
 .debug_info    0x000000000000383a       0x83 ../Lab7_bsp/\libhal_bsp.a(alt_do_dtors.o)
 .debug_info    0x00000000000038bd       0xa6 ../Lab7_bsp/\libhal_bsp.a(alt_errno.o)
 .debug_info    0x0000000000003963       0x71 ../Lab7_bsp/\libhal_bsp.a(alt_exception_entry.o)
 .debug_info    0x00000000000039d4       0x92 ../Lab7_bsp/\libhal_bsp.a(alt_icache_flush_all.o)
 .debug_info    0x0000000000003a66      0x4a5 ../Lab7_bsp/\libhal_bsp.a(alt_io_redirect.o)
 .debug_info    0x0000000000003f0b      0x3bb ../Lab7_bsp/\libhal_bsp.a(alt_open.o)
 .debug_info    0x00000000000042c6      0x2b0 ../Lab7_bsp/\libhal_bsp.a(alt_release_fd.o)
 .debug_info    0x0000000000004576      0x299 ../Lab7_bsp/\libhal_bsp.a(alt_tick.o)
 .debug_info    0x000000000000480f       0x92 ../Lab7_bsp/\libhal_bsp.a(altera_nios2_qsys_irq.o)
 .debug_info    0x00000000000048a1      0x2e9 ../Lab7_bsp/\libhal_bsp.a(alt_find_dev.o)
 .debug_info    0x0000000000004b8a      0x2e6 ../Lab7_bsp/\libhal_bsp.a(alt_find_file.o)
 .debug_info    0x0000000000004e70      0x310 ../Lab7_bsp/\libhal_bsp.a(alt_get_fd.o)
 .debug_info    0x0000000000005180       0xdc ../Lab7_bsp/\libhal_bsp.a(alt_icache_flush.o)
 .debug_info    0x000000000000525c       0xfe c:/intelfpga_lite/16.1/nios2eds/bin/gnu/h-x86_64-mingw32/bin/../lib/gcc/nios2-elf/5.3.0/../../../../../H-x86_64-mingw32/nios2-elf/lib\libc.a(lib_a-atexit.o)
 .debug_info    0x000000000000535a      0x8e4 c:/intelfpga_lite/16.1/nios2eds/bin/gnu/h-x86_64-mingw32/bin/../lib/gcc/nios2-elf/5.3.0/../../../../../H-x86_64-mingw32/nios2-elf/lib\libc.a(lib_a-exit.o)
 .debug_info    0x0000000000005c3e      0x8a1 c:/intelfpga_lite/16.1/nios2eds/bin/gnu/h-x86_64-mingw32/bin/../lib/gcc/nios2-elf/5.3.0/../../../../../H-x86_64-mingw32/nios2-elf/lib\libc.a(lib_a-impure.o)
 .debug_info    0x00000000000064df       0x8a c:/intelfpga_lite/16.1/nios2eds/bin/gnu/h-x86_64-mingw32/bin/../lib/gcc/nios2-elf/5.3.0/../../../../../H-x86_64-mingw32/nios2-elf/lib\libc.a(lib_a-int_errno.o)
 .debug_info    0x0000000000006569      0x11a c:/intelfpga_lite/16.1/nios2eds/bin/gnu/h-x86_64-mingw32/bin/../lib/gcc/nios2-elf/5.3.0/../../../../../H-x86_64-mingw32/nios2-elf/lib\libc.a(lib_a-memcmp.o)
 .debug_info    0x0000000000006683       0xe2 c:/intelfpga_lite/16.1/nios2eds/bin/gnu/h-x86_64-mingw32/bin/../lib/gcc/nios2-elf/5.3.0/../../../../../H-x86_64-mingw32/nios2-elf/lib\libc.a(lib_a-strlen.o)
 .debug_info    0x0000000000006765      0x934 c:/intelfpga_lite/16.1/nios2eds/bin/gnu/h-x86_64-mingw32/bin/../lib/gcc/nios2-elf/5.3.0/../../../../../H-x86_64-mingw32/nios2-elf/lib\libc.a(lib_a-__atexit.o)
 .debug_info    0x0000000000007099      0x965 c:/intelfpga_lite/16.1/nios2eds/bin/gnu/h-x86_64-mingw32/bin/../lib/gcc/nios2-elf/5.3.0/../../../../../H-x86_64-mingw32/nios2-elf/lib\libc.a(lib_a-__call_atexit.o)
 .debug_info    0x00000000000079fe       0xec ../Lab7_bsp/\libhal_bsp.a(alt_exit.o)

.debug_abbrev   0x0000000000000000     0x2bf2
 *(.debug_abbrev)
 .debug_abbrev  0x0000000000000000       0x12 ../Lab7_bsp//obj/HAL/src/crt0.o
 .debug_abbrev  0x0000000000000012      0x151 obj/default/Part3.o
 .debug_abbrev  0x0000000000000163      0x10e c:/intelfpga_lite/16.1/nios2eds/bin/gnu/h-x86_64-mingw32/bin/../lib/gcc/nios2-elf/5.3.0\libgcc.a(lib2-divmod.o)
 .debug_abbrev  0x0000000000000271       0xa3 c:/intelfpga_lite/16.1/nios2eds/bin/gnu/h-x86_64-mingw32/bin/../lib/gcc/nios2-elf/5.3.0/../../../../../H-x86_64-mingw32/nios2-elf/lib\libc.a(lib_a-memcpy.o)
 .debug_abbrev  0x0000000000000314      0x163 ../Lab7_bsp/\libhal_bsp.a(alt_iic.o)
 .debug_abbrev  0x0000000000000477      0x169 ../Lab7_bsp/\libhal_bsp.a(alt_iic_isr_register.o)
 .debug_abbrev  0x00000000000005e0       0x12 ../Lab7_bsp/\libhal_bsp.a(alt_irq_entry.o)
 .debug_abbrev  0x00000000000005f2      0x122 ../Lab7_bsp/\libhal_bsp.a(alt_irq_handler.o)
 .debug_abbrev  0x0000000000000714      0x186 ../Lab7_bsp/\libhal_bsp.a(alt_irq_register.o)
 .debug_abbrev  0x000000000000089a       0x40 ../Lab7_bsp/\libhal_bsp.a(alt_irq_vars.o)
 .debug_abbrev  0x00000000000008da       0x9f ../Lab7_bsp/\libhal_bsp.a(alt_load.o)
 .debug_abbrev  0x0000000000000979       0xba ../Lab7_bsp/\libhal_bsp.a(alt_main.o)
 .debug_abbrev  0x0000000000000a33      0x187 ../Lab7_bsp/\libhal_bsp.a(alt_sys_init.o)
 .debug_abbrev  0x0000000000000bba      0x127 ../Lab7_bsp/\libhal_bsp.a(altera_avalon_jtag_uart_fd.o)
 .debug_abbrev  0x0000000000000ce1      0x19e ../Lab7_bsp/\libhal_bsp.a(altera_avalon_jtag_uart_init.o)
 .debug_abbrev  0x0000000000000e7f      0x111 ../Lab7_bsp/\libhal_bsp.a(altera_avalon_jtag_uart_ioctl.o)
 .debug_abbrev  0x0000000000000f90      0x1aa ../Lab7_bsp/\libhal_bsp.a(altera_avalon_jtag_uart_read.o)
 .debug_abbrev  0x000000000000113a      0x1a8 ../Lab7_bsp/\libhal_bsp.a(altera_avalon_jtag_uart_write.o)
 .debug_abbrev  0x00000000000012e2      0x162 ../Lab7_bsp/\libhal_bsp.a(alt_alarm_start.o)
 .debug_abbrev  0x0000000000001444      0x11f ../Lab7_bsp/\libhal_bsp.a(alt_close.o)
 .debug_abbrev  0x0000000000001563       0x5a ../Lab7_bsp/\libhal_bsp.a(alt_dcache_flush_all.o)
 .debug_abbrev  0x00000000000015bd       0xd9 ../Lab7_bsp/\libhal_bsp.a(alt_dev.o)
 .debug_abbrev  0x0000000000001696      0x114 ../Lab7_bsp/\libhal_bsp.a(alt_dev_llist_insert.o)
 .debug_abbrev  0x00000000000017aa       0x79 ../Lab7_bsp/\libhal_bsp.a(alt_do_ctors.o)
 .debug_abbrev  0x0000000000001823       0x79 ../Lab7_bsp/\libhal_bsp.a(alt_do_dtors.o)
 .debug_abbrev  0x000000000000189c       0x5a ../Lab7_bsp/\libhal_bsp.a(alt_errno.o)
 .debug_abbrev  0x00000000000018f6       0x12 ../Lab7_bsp/\libhal_bsp.a(alt_exception_entry.o)
 .debug_abbrev  0x0000000000001908       0x42 ../Lab7_bsp/\libhal_bsp.a(alt_icache_flush_all.o)
 .debug_abbrev  0x000000000000194a      0x114 ../Lab7_bsp/\libhal_bsp.a(alt_io_redirect.o)
 .debug_abbrev  0x0000000000001a5e      0x148 ../Lab7_bsp/\libhal_bsp.a(alt_open.o)
 .debug_abbrev  0x0000000000001ba6       0xde ../Lab7_bsp/\libhal_bsp.a(alt_release_fd.o)
 .debug_abbrev  0x0000000000001c84      0x15a ../Lab7_bsp/\libhal_bsp.a(alt_tick.o)
 .debug_abbrev  0x0000000000001dde       0x42 ../Lab7_bsp/\libhal_bsp.a(altera_nios2_qsys_irq.o)
 .debug_abbrev  0x0000000000001e20       0xf0 ../Lab7_bsp/\libhal_bsp.a(alt_find_dev.o)
 .debug_abbrev  0x0000000000001f10       0xf0 ../Lab7_bsp/\libhal_bsp.a(alt_find_file.o)
 .debug_abbrev  0x0000000000002000      0x10d ../Lab7_bsp/\libhal_bsp.a(alt_get_fd.o)
 .debug_abbrev  0x000000000000210d       0x8c ../Lab7_bsp/\libhal_bsp.a(alt_icache_flush.o)
 .debug_abbrev  0x0000000000002199       0xaa c:/intelfpga_lite/16.1/nios2eds/bin/gnu/h-x86_64-mingw32/bin/../lib/gcc/nios2-elf/5.3.0/../../../../../H-x86_64-mingw32/nios2-elf/lib\libc.a(lib_a-atexit.o)
 .debug_abbrev  0x0000000000002243      0x1e5 c:/intelfpga_lite/16.1/nios2eds/bin/gnu/h-x86_64-mingw32/bin/../lib/gcc/nios2-elf/5.3.0/../../../../../H-x86_64-mingw32/nios2-elf/lib\libc.a(lib_a-exit.o)
 .debug_abbrev  0x0000000000002428      0x18f c:/intelfpga_lite/16.1/nios2eds/bin/gnu/h-x86_64-mingw32/bin/../lib/gcc/nios2-elf/5.3.0/../../../../../H-x86_64-mingw32/nios2-elf/lib\libc.a(lib_a-impure.o)
 .debug_abbrev  0x00000000000025b7       0x37 c:/intelfpga_lite/16.1/nios2eds/bin/gnu/h-x86_64-mingw32/bin/../lib/gcc/nios2-elf/5.3.0/../../../../../H-x86_64-mingw32/nios2-elf/lib\libc.a(lib_a-int_errno.o)
 .debug_abbrev  0x00000000000025ee       0x7f c:/intelfpga_lite/16.1/nios2eds/bin/gnu/h-x86_64-mingw32/bin/../lib/gcc/nios2-elf/5.3.0/../../../../../H-x86_64-mingw32/nios2-elf/lib\libc.a(lib_a-memcmp.o)
 .debug_abbrev  0x000000000000266d       0x90 c:/intelfpga_lite/16.1/nios2eds/bin/gnu/h-x86_64-mingw32/bin/../lib/gcc/nios2-elf/5.3.0/../../../../../H-x86_64-mingw32/nios2-elf/lib\libc.a(lib_a-strlen.o)
 .debug_abbrev  0x00000000000026fd      0x21e c:/intelfpga_lite/16.1/nios2eds/bin/gnu/h-x86_64-mingw32/bin/../lib/gcc/nios2-elf/5.3.0/../../../../../H-x86_64-mingw32/nios2-elf/lib\libc.a(lib_a-__atexit.o)
 .debug_abbrev  0x000000000000291b      0x22e c:/intelfpga_lite/16.1/nios2eds/bin/gnu/h-x86_64-mingw32/bin/../lib/gcc/nios2-elf/5.3.0/../../../../../H-x86_64-mingw32/nios2-elf/lib\libc.a(lib_a-__call_atexit.o)
 .debug_abbrev  0x0000000000002b49       0xa9 ../Lab7_bsp/\libhal_bsp.a(alt_exit.o)

.debug_line     0x0000000000000000     0x2bdc
 *(.debug_line)
 .debug_line    0x0000000000000000       0x72 ../Lab7_bsp//obj/HAL/src/crt0.o
 .debug_line    0x0000000000000072        0x0 obj/default/Part1.o
 .debug_line    0x0000000000000072        0x0 obj/default/Part2.o
 .debug_line    0x0000000000000072      0x120 obj/default/Part3.o
 .debug_line    0x0000000000000192      0x102 c:/intelfpga_lite/16.1/nios2eds/bin/gnu/h-x86_64-mingw32/bin/../lib/gcc/nios2-elf/5.3.0\libgcc.a(lib2-divmod.o)
 .debug_line    0x0000000000000294      0x189 c:/intelfpga_lite/16.1/nios2eds/bin/gnu/h-x86_64-mingw32/bin/../lib/gcc/nios2-elf/5.3.0/../../../../../H-x86_64-mingw32/nios2-elf/lib\libc.a(lib_a-memcpy.o)
 .debug_line    0x000000000000041d       0xeb ../Lab7_bsp/\libhal_bsp.a(alt_iic.o)
 .debug_line    0x0000000000000508       0xdb ../Lab7_bsp/\libhal_bsp.a(alt_iic_isr_register.o)
 .debug_line    0x00000000000005e3       0x6b ../Lab7_bsp/\libhal_bsp.a(alt_irq_entry.o)
 .debug_line    0x000000000000064e       0xaa ../Lab7_bsp/\libhal_bsp.a(alt_irq_handler.o)
 .debug_line    0x00000000000006f8      0x155 ../Lab7_bsp/\libhal_bsp.a(alt_irq_register.o)
 .debug_line    0x000000000000084d       0x50 ../Lab7_bsp/\libhal_bsp.a(alt_irq_vars.o)
 .debug_line    0x000000000000089d       0x8e ../Lab7_bsp/\libhal_bsp.a(alt_load.o)
 .debug_line    0x000000000000092b       0xa4 ../Lab7_bsp/\libhal_bsp.a(alt_main.o)
 .debug_line    0x00000000000009cf      0x150 ../Lab7_bsp/\libhal_bsp.a(alt_sys_init.o)
 .debug_line    0x0000000000000b1f      0x12f ../Lab7_bsp/\libhal_bsp.a(altera_avalon_jtag_uart_fd.o)
 .debug_line    0x0000000000000c4e      0x18b ../Lab7_bsp/\libhal_bsp.a(altera_avalon_jtag_uart_init.o)
 .debug_line    0x0000000000000dd9      0x131 ../Lab7_bsp/\libhal_bsp.a(altera_avalon_jtag_uart_ioctl.o)
 .debug_line    0x0000000000000f0a      0x171 ../Lab7_bsp/\libhal_bsp.a(altera_avalon_jtag_uart_read.o)
 .debug_line    0x000000000000107b      0x170 ../Lab7_bsp/\libhal_bsp.a(altera_avalon_jtag_uart_write.o)
 .debug_line    0x00000000000011eb       0xf9 ../Lab7_bsp/\libhal_bsp.a(alt_alarm_start.o)
 .debug_line    0x00000000000012e4      0x165 ../Lab7_bsp/\libhal_bsp.a(alt_close.o)
 .debug_line    0x0000000000001449       0x61 ../Lab7_bsp/\libhal_bsp.a(alt_dcache_flush_all.o)
 .debug_line    0x00000000000014aa       0xf8 ../Lab7_bsp/\libhal_bsp.a(alt_dev.o)
 .debug_line    0x00000000000015a2       0xcf ../Lab7_bsp/\libhal_bsp.a(alt_dev_llist_insert.o)
 .debug_line    0x0000000000001671       0x59 ../Lab7_bsp/\libhal_bsp.a(alt_do_ctors.o)
 .debug_line    0x00000000000016ca       0x59 ../Lab7_bsp/\libhal_bsp.a(alt_do_dtors.o)
 .debug_line    0x0000000000001723       0x51 ../Lab7_bsp/\libhal_bsp.a(alt_errno.o)
 .debug_line    0x0000000000001774       0xab ../Lab7_bsp/\libhal_bsp.a(alt_exception_entry.o)
 .debug_line    0x000000000000181f       0x50 ../Lab7_bsp/\libhal_bsp.a(alt_icache_flush_all.o)
 .debug_line    0x000000000000186f      0x133 ../Lab7_bsp/\libhal_bsp.a(alt_io_redirect.o)
 .debug_line    0x00000000000019a2      0x128 ../Lab7_bsp/\libhal_bsp.a(alt_open.o)
 .debug_line    0x0000000000001aca       0xae ../Lab7_bsp/\libhal_bsp.a(alt_release_fd.o)
 .debug_line    0x0000000000001b78       0xff ../Lab7_bsp/\libhal_bsp.a(alt_tick.o)
 .debug_line    0x0000000000001c77       0x51 ../Lab7_bsp/\libhal_bsp.a(altera_nios2_qsys_irq.o)
 .debug_line    0x0000000000001cc8       0xb5 ../Lab7_bsp/\libhal_bsp.a(alt_find_dev.o)
 .debug_line    0x0000000000001d7d       0xd1 ../Lab7_bsp/\libhal_bsp.a(alt_find_file.o)
 .debug_line    0x0000000000001e4e       0xd4 ../Lab7_bsp/\libhal_bsp.a(alt_get_fd.o)
 .debug_line    0x0000000000001f22       0x81 ../Lab7_bsp/\libhal_bsp.a(alt_icache_flush.o)
 .debug_line    0x0000000000001fa3       0xe4 c:/intelfpga_lite/16.1/nios2eds/bin/gnu/h-x86_64-mingw32/bin/../lib/gcc/nios2-elf/5.3.0/../../../../../H-x86_64-mingw32/nios2-elf/lib\libc.a(lib_a-atexit.o)
 .debug_line    0x0000000000002087      0x1f9 c:/intelfpga_lite/16.1/nios2eds/bin/gnu/h-x86_64-mingw32/bin/../lib/gcc/nios2-elf/5.3.0/../../../../../H-x86_64-mingw32/nios2-elf/lib\libc.a(lib_a-exit.o)
 .debug_line    0x0000000000002280      0x15d c:/intelfpga_lite/16.1/nios2eds/bin/gnu/h-x86_64-mingw32/bin/../lib/gcc/nios2-elf/5.3.0/../../../../../H-x86_64-mingw32/nios2-elf/lib\libc.a(lib_a-impure.o)
 .debug_line    0x00000000000023dd       0x5c c:/intelfpga_lite/16.1/nios2eds/bin/gnu/h-x86_64-mingw32/bin/../lib/gcc/nios2-elf/5.3.0/../../../../../H-x86_64-mingw32/nios2-elf/lib\libc.a(lib_a-int_errno.o)
 .debug_line    0x0000000000002439      0x173 c:/intelfpga_lite/16.1/nios2eds/bin/gnu/h-x86_64-mingw32/bin/../lib/gcc/nios2-elf/5.3.0/../../../../../H-x86_64-mingw32/nios2-elf/lib\libc.a(lib_a-memcmp.o)
 .debug_line    0x00000000000025ac      0x16c c:/intelfpga_lite/16.1/nios2eds/bin/gnu/h-x86_64-mingw32/bin/../lib/gcc/nios2-elf/5.3.0/../../../../../H-x86_64-mingw32/nios2-elf/lib\libc.a(lib_a-strlen.o)
 .debug_line    0x0000000000002718      0x21c c:/intelfpga_lite/16.1/nios2eds/bin/gnu/h-x86_64-mingw32/bin/../lib/gcc/nios2-elf/5.3.0/../../../../../H-x86_64-mingw32/nios2-elf/lib\libc.a(lib_a-__atexit.o)
 .debug_line    0x0000000000002934      0x237 c:/intelfpga_lite/16.1/nios2eds/bin/gnu/h-x86_64-mingw32/bin/../lib/gcc/nios2-elf/5.3.0/../../../../../H-x86_64-mingw32/nios2-elf/lib\libc.a(lib_a-__call_atexit.o)
 .debug_line    0x0000000000002b6b       0x71 ../Lab7_bsp/\libhal_bsp.a(alt_exit.o)

.debug_frame    0x0000000000000000      0xc24
 *(.debug_frame)
 .debug_frame   0x0000000000000000      0x188 obj/default/Part3.o
 .debug_frame   0x0000000000000188       0x50 c:/intelfpga_lite/16.1/nios2eds/bin/gnu/h-x86_64-mingw32/bin/../lib/gcc/nios2-elf/5.3.0\libgcc.a(lib2-divmod.o)
 .debug_frame   0x00000000000001d8       0x38 c:/intelfpga_lite/16.1/nios2eds/bin/gnu/h-x86_64-mingw32/bin/../lib/gcc/nios2-elf/5.3.0/../../../../../H-x86_64-mingw32/nios2-elf/lib\libc.a(lib_a-memcpy.o)
 .debug_frame   0x0000000000000210       0xa4 ../Lab7_bsp/\libhal_bsp.a(alt_iic.o)
 .debug_frame   0x00000000000002b4       0x38 ../Lab7_bsp/\libhal_bsp.a(alt_iic_isr_register.o)
 .debug_frame   0x00000000000002ec       0x38 ../Lab7_bsp/\libhal_bsp.a(alt_irq_handler.o)
 .debug_frame   0x0000000000000324       0x34 ../Lab7_bsp/\libhal_bsp.a(alt_irq_register.o)
 .debug_frame   0x0000000000000358       0x5c ../Lab7_bsp/\libhal_bsp.a(alt_load.o)
 .debug_frame   0x00000000000003b4       0x2c ../Lab7_bsp/\libhal_bsp.a(alt_main.o)
 .debug_frame   0x00000000000003e0       0x88 ../Lab7_bsp/\libhal_bsp.a(alt_sys_init.o)
 .debug_frame   0x0000000000000468       0xb0 ../Lab7_bsp/\libhal_bsp.a(altera_avalon_jtag_uart_fd.o)
 .debug_frame   0x0000000000000518       0xa4 ../Lab7_bsp/\libhal_bsp.a(altera_avalon_jtag_uart_init.o)
 .debug_frame   0x00000000000005bc       0x34 ../Lab7_bsp/\libhal_bsp.a(altera_avalon_jtag_uart_ioctl.o)
 .debug_frame   0x00000000000005f0       0x38 ../Lab7_bsp/\libhal_bsp.a(altera_avalon_jtag_uart_read.o)
 .debug_frame   0x0000000000000628       0x38 ../Lab7_bsp/\libhal_bsp.a(altera_avalon_jtag_uart_write.o)
 .debug_frame   0x0000000000000660       0x34 ../Lab7_bsp/\libhal_bsp.a(alt_alarm_start.o)
 .debug_frame   0x0000000000000694       0x60 ../Lab7_bsp/\libhal_bsp.a(alt_close.o)
 .debug_frame   0x00000000000006f4       0x34 ../Lab7_bsp/\libhal_bsp.a(alt_dcache_flush_all.o)
 .debug_frame   0x0000000000000728       0x34 ../Lab7_bsp/\libhal_bsp.a(alt_dev.o)
 .debug_frame   0x000000000000075c       0x60 ../Lab7_bsp/\libhal_bsp.a(alt_dev_llist_insert.o)
 .debug_frame   0x00000000000007bc       0x38 ../Lab7_bsp/\libhal_bsp.a(alt_do_ctors.o)
 .debug_frame   0x00000000000007f4       0x38 ../Lab7_bsp/\libhal_bsp.a(alt_do_dtors.o)
 .debug_frame   0x000000000000082c       0x38 ../Lab7_bsp/\libhal_bsp.a(alt_icache_flush_all.o)
 .debug_frame   0x0000000000000864       0x60 ../Lab7_bsp/\libhal_bsp.a(alt_io_redirect.o)
 .debug_frame   0x00000000000008c4       0x84 ../Lab7_bsp/\libhal_bsp.a(alt_open.o)
 .debug_frame   0x0000000000000948       0x34 ../Lab7_bsp/\libhal_bsp.a(alt_release_fd.o)
 .debug_frame   0x000000000000097c       0x5c ../Lab7_bsp/\libhal_bsp.a(alt_tick.o)
 .debug_frame   0x00000000000009d8       0x34 ../Lab7_bsp/\libhal_bsp.a(altera_nios2_qsys_irq.o)
 .debug_frame   0x0000000000000a0c       0x38 ../Lab7_bsp/\libhal_bsp.a(alt_find_dev.o)
 .debug_frame   0x0000000000000a44       0x38 ../Lab7_bsp/\libhal_bsp.a(alt_find_file.o)
 .debug_frame   0x0000000000000a7c       0x34 ../Lab7_bsp/\libhal_bsp.a(alt_get_fd.o)
 .debug_frame   0x0000000000000ab0       0x34 ../Lab7_bsp/\libhal_bsp.a(alt_icache_flush.o)
 .debug_frame   0x0000000000000ae4       0x20 c:/intelfpga_lite/16.1/nios2eds/bin/gnu/h-x86_64-mingw32/bin/../lib/gcc/nios2-elf/5.3.0/../../../../../H-x86_64-mingw32/nios2-elf/lib\libc.a(lib_a-atexit.o)
 .debug_frame   0x0000000000000b04       0x28 c:/intelfpga_lite/16.1/nios2eds/bin/gnu/h-x86_64-mingw32/bin/../lib/gcc/nios2-elf/5.3.0/../../../../../H-x86_64-mingw32/nios2-elf/lib\libc.a(lib_a-exit.o)
 .debug_frame   0x0000000000000b2c       0x20 c:/intelfpga_lite/16.1/nios2eds/bin/gnu/h-x86_64-mingw32/bin/../lib/gcc/nios2-elf/5.3.0/../../../../../H-x86_64-mingw32/nios2-elf/lib\libc.a(lib_a-memcmp.o)
 .debug_frame   0x0000000000000b4c       0x20 c:/intelfpga_lite/16.1/nios2eds/bin/gnu/h-x86_64-mingw32/bin/../lib/gcc/nios2-elf/5.3.0/../../../../../H-x86_64-mingw32/nios2-elf/lib\libc.a(lib_a-strlen.o)
 .debug_frame   0x0000000000000b6c       0x38 c:/intelfpga_lite/16.1/nios2eds/bin/gnu/h-x86_64-mingw32/bin/../lib/gcc/nios2-elf/5.3.0/../../../../../H-x86_64-mingw32/nios2-elf/lib\libc.a(lib_a-__atexit.o)
 .debug_frame   0x0000000000000ba4       0x54 c:/intelfpga_lite/16.1/nios2eds/bin/gnu/h-x86_64-mingw32/bin/../lib/gcc/nios2-elf/5.3.0/../../../../../H-x86_64-mingw32/nios2-elf/lib\libc.a(lib_a-__call_atexit.o)
 .debug_frame   0x0000000000000bf8       0x2c ../Lab7_bsp/\libhal_bsp.a(alt_exit.o)

.debug_str      0x0000000000000000     0x17e6
 *(.debug_str)
 .debug_str     0x0000000000000000       0x78 obj/default/Part1.o
 .debug_str     0x0000000000000078        0x8 obj/default/Part2.o
                                         0x78 (size before relaxing)
 .debug_str     0x0000000000000080      0x145 obj/default/Part3.o
                                        0x201 (size before relaxing)
 .debug_str     0x00000000000001c5      0x16d c:/intelfpga_lite/16.1/nios2eds/bin/gnu/h-x86_64-mingw32/bin/../lib/gcc/nios2-elf/5.3.0\libgcc.a(lib2-divmod.o)
                                        0x1b8 (size before relaxing)
 .debug_str     0x0000000000000332      0x153 c:/intelfpga_lite/16.1/nios2eds/bin/gnu/h-x86_64-mingw32/bin/../lib/gcc/nios2-elf/5.3.0/../../../../../H-x86_64-mingw32/nios2-elf/lib\libc.a(lib_a-memcpy.o)
                                        0x1f1 (size before relaxing)
 .debug_str     0x0000000000000485      0x129 ../Lab7_bsp/\libhal_bsp.a(alt_iic.o)
                                        0x22f (size before relaxing)
 .debug_str     0x00000000000005ae       0x4c ../Lab7_bsp/\libhal_bsp.a(alt_iic_isr_register.o)
                                        0x1d9 (size before relaxing)
 .debug_str     0x00000000000005fa       0x3a ../Lab7_bsp/\libhal_bsp.a(alt_irq_handler.o)
                                        0x188 (size before relaxing)
 .debug_str     0x0000000000000634       0x1b ../Lab7_bsp/\libhal_bsp.a(alt_irq_register.o)
                                        0x1f9 (size before relaxing)
 .debug_str     0x000000000000064f       0x17 ../Lab7_bsp/\libhal_bsp.a(alt_irq_vars.o)
                                        0x12b (size before relaxing)
 .debug_str     0x0000000000000666       0xe9 ../Lab7_bsp/\libhal_bsp.a(alt_load.o)
                                        0x203 (size before relaxing)
 .debug_str     0x000000000000074f       0x70 ../Lab7_bsp/\libhal_bsp.a(alt_main.o)
                                        0x18e (size before relaxing)
 .debug_str     0x00000000000007bf      0x1d1 ../Lab7_bsp/\libhal_bsp.a(alt_sys_init.o)
                                        0x37f (size before relaxing)
 .debug_str     0x0000000000000990       0xb9 ../Lab7_bsp/\libhal_bsp.a(altera_avalon_jtag_uart_fd.o)
                                        0x395 (size before relaxing)
 .debug_str     0x0000000000000a49       0xd1 ../Lab7_bsp/\libhal_bsp.a(altera_avalon_jtag_uart_init.o)
                                        0x329 (size before relaxing)
 .debug_str     0x0000000000000b1a       0x4a ../Lab7_bsp/\libhal_bsp.a(altera_avalon_jtag_uart_ioctl.o)
                                        0x284 (size before relaxing)
 .debug_str     0x0000000000000b64       0x48 ../Lab7_bsp/\libhal_bsp.a(altera_avalon_jtag_uart_read.o)
                                        0x2d9 (size before relaxing)
 .debug_str     0x0000000000000bac       0x4a ../Lab7_bsp/\libhal_bsp.a(altera_avalon_jtag_uart_write.o)
                                        0x2da (size before relaxing)
 .debug_str     0x0000000000000bf6       0x5f ../Lab7_bsp/\libhal_bsp.a(alt_alarm_start.o)
                                        0x26f (size before relaxing)
 .debug_str     0x0000000000000c55       0x44 ../Lab7_bsp/\libhal_bsp.a(alt_close.o)
                                        0x1fc (size before relaxing)
 .debug_str     0x0000000000000c99       0x34 ../Lab7_bsp/\libhal_bsp.a(alt_dcache_flush_all.o)
                                        0x146 (size before relaxing)
 .debug_str     0x0000000000000ccd      0x120 ../Lab7_bsp/\libhal_bsp.a(alt_dev.o)
                                        0x2f6 (size before relaxing)
 .debug_str     0x0000000000000ded       0x34 ../Lab7_bsp/\libhal_bsp.a(alt_dev_llist_insert.o)
                                        0x1bd (size before relaxing)
 .debug_str     0x0000000000000e21       0x48 ../Lab7_bsp/\libhal_bsp.a(alt_do_ctors.o)
                                         0xc1 (size before relaxing)
 .debug_str     0x0000000000000e69       0x4c ../Lab7_bsp/\libhal_bsp.a(alt_do_dtors.o)
                                         0xc0 (size before relaxing)
 .debug_str     0x0000000000000eb5       0x14 ../Lab7_bsp/\libhal_bsp.a(alt_errno.o)
                                        0x136 (size before relaxing)
 .debug_str     0x0000000000000ec9       0x34 ../Lab7_bsp/\libhal_bsp.a(alt_icache_flush_all.o)
                                        0x146 (size before relaxing)
 .debug_str     0x0000000000000efd       0x56 ../Lab7_bsp/\libhal_bsp.a(alt_io_redirect.o)
                                        0x307 (size before relaxing)
 .debug_str     0x0000000000000f53       0x2f ../Lab7_bsp/\libhal_bsp.a(alt_open.o)
                                        0x23c (size before relaxing)
 .debug_str     0x0000000000000f82       0x28 ../Lab7_bsp/\libhal_bsp.a(alt_release_fd.o)
                                        0x1c4 (size before relaxing)
 .debug_str     0x0000000000000faa       0x4a ../Lab7_bsp/\libhal_bsp.a(alt_tick.o)
                                        0x243 (size before relaxing)
 .debug_str     0x0000000000000ff4       0x3b ../Lab7_bsp/\libhal_bsp.a(altera_nios2_qsys_irq.o)
                                        0x14d (size before relaxing)
 .debug_str     0x000000000000102f       0x24 ../Lab7_bsp/\libhal_bsp.a(alt_find_dev.o)
                                        0x1dd (size before relaxing)
 .debug_str     0x0000000000001053       0x26 ../Lab7_bsp/\libhal_bsp.a(alt_find_file.o)
                                        0x1eb (size before relaxing)
 .debug_str     0x0000000000001079       0x30 ../Lab7_bsp/\libhal_bsp.a(alt_get_fd.o)
                                        0x20d (size before relaxing)
 .debug_str     0x00000000000010a9       0x2c ../Lab7_bsp/\libhal_bsp.a(alt_icache_flush.o)
                                        0x14c (size before relaxing)
 .debug_str     0x00000000000010d5      0x102 c:/intelfpga_lite/16.1/nios2eds/bin/gnu/h-x86_64-mingw32/bin/../lib/gcc/nios2-elf/5.3.0/../../../../../H-x86_64-mingw32/nios2-elf/lib\libc.a(lib_a-atexit.o)
                                        0x207 (size before relaxing)
 .debug_str     0x00000000000011d7      0x3b4 c:/intelfpga_lite/16.1/nios2eds/bin/gnu/h-x86_64-mingw32/bin/../lib/gcc/nios2-elf/5.3.0/../../../../../H-x86_64-mingw32/nios2-elf/lib\libc.a(lib_a-exit.o)
                                        0x5a4 (size before relaxing)
 .debug_str     0x000000000000158b       0xc8 c:/intelfpga_lite/16.1/nios2eds/bin/gnu/h-x86_64-mingw32/bin/../lib/gcc/nios2-elf/5.3.0/../../../../../H-x86_64-mingw32/nios2-elf/lib\libc.a(lib_a-impure.o)
                                        0x59b (size before relaxing)
 .debug_str     0x0000000000001653       0x3c c:/intelfpga_lite/16.1/nios2eds/bin/gnu/h-x86_64-mingw32/bin/../lib/gcc/nios2-elf/5.3.0/../../../../../H-x86_64-mingw32/nios2-elf/lib\libc.a(lib_a-int_errno.o)
                                        0x1c3 (size before relaxing)
 .debug_str     0x000000000000168f       0x41 c:/intelfpga_lite/16.1/nios2eds/bin/gnu/h-x86_64-mingw32/bin/../lib/gcc/nios2-elf/5.3.0/../../../../../H-x86_64-mingw32/nios2-elf/lib\libc.a(lib_a-memcmp.o)
                                        0x1ca (size before relaxing)
 .debug_str     0x00000000000016d0       0x4e c:/intelfpga_lite/16.1/nios2eds/bin/gnu/h-x86_64-mingw32/bin/../lib/gcc/nios2-elf/5.3.0/../../../../../H-x86_64-mingw32/nios2-elf/lib\libc.a(lib_a-strlen.o)
                                        0x1dd (size before relaxing)
 .debug_str     0x000000000000171e       0x3c c:/intelfpga_lite/16.1/nios2eds/bin/gnu/h-x86_64-mingw32/bin/../lib/gcc/nios2-elf/5.3.0/../../../../../H-x86_64-mingw32/nios2-elf/lib\libc.a(lib_a-__atexit.o)
                                        0x5dc (size before relaxing)
 .debug_str     0x000000000000175a       0x62 c:/intelfpga_lite/16.1/nios2eds/bin/gnu/h-x86_64-mingw32/bin/../lib/gcc/nios2-elf/5.3.0/../../../../../H-x86_64-mingw32/nios2-elf/lib\libc.a(lib_a-__call_atexit.o)
                                        0x5c8 (size before relaxing)
 .debug_str     0x00000000000017bc       0x2a ../Lab7_bsp/\libhal_bsp.a(alt_exit.o)
                                        0x142 (size before relaxing)

.debug_loc      0x0000000000000000      0xc3e
 *(.debug_loc)
 .debug_loc     0x0000000000000000      0x4ce c:/intelfpga_lite/16.1/nios2eds/bin/gnu/h-x86_64-mingw32/bin/../lib/gcc/nios2-elf/5.3.0\libgcc.a(lib2-divmod.o)
 .debug_loc     0x00000000000004ce      0x266 c:/intelfpga_lite/16.1/nios2eds/bin/gnu/h-x86_64-mingw32/bin/../lib/gcc/nios2-elf/5.3.0/../../../../../H-x86_64-mingw32/nios2-elf/lib\libc.a(lib_a-memcpy.o)
 .debug_loc     0x0000000000000734       0x2c c:/intelfpga_lite/16.1/nios2eds/bin/gnu/h-x86_64-mingw32/bin/../lib/gcc/nios2-elf/5.3.0/../../../../../H-x86_64-mingw32/nios2-elf/lib\libc.a(lib_a-atexit.o)
 .debug_loc     0x0000000000000760       0x1e c:/intelfpga_lite/16.1/nios2eds/bin/gnu/h-x86_64-mingw32/bin/../lib/gcc/nios2-elf/5.3.0/../../../../../H-x86_64-mingw32/nios2-elf/lib\libc.a(lib_a-exit.o)
 .debug_loc     0x000000000000077e      0x126 c:/intelfpga_lite/16.1/nios2eds/bin/gnu/h-x86_64-mingw32/bin/../lib/gcc/nios2-elf/5.3.0/../../../../../H-x86_64-mingw32/nios2-elf/lib\libc.a(lib_a-memcmp.o)
 .debug_loc     0x00000000000008a4       0x47 c:/intelfpga_lite/16.1/nios2eds/bin/gnu/h-x86_64-mingw32/bin/../lib/gcc/nios2-elf/5.3.0/../../../../../H-x86_64-mingw32/nios2-elf/lib\libc.a(lib_a-strlen.o)
 .debug_loc     0x00000000000008eb      0x185 c:/intelfpga_lite/16.1/nios2eds/bin/gnu/h-x86_64-mingw32/bin/../lib/gcc/nios2-elf/5.3.0/../../../../../H-x86_64-mingw32/nios2-elf/lib\libc.a(lib_a-__atexit.o)
 .debug_loc     0x0000000000000a70      0x1ce c:/intelfpga_lite/16.1/nios2eds/bin/gnu/h-x86_64-mingw32/bin/../lib/gcc/nios2-elf/5.3.0/../../../../../H-x86_64-mingw32/nios2-elf/lib\libc.a(lib_a-__call_atexit.o)

.debug_macinfo
 *(.debug_macinfo)

.debug_weaknames
 *(.debug_weaknames)

.debug_funcnames
 *(.debug_funcnames)

.debug_typenames
 *(.debug_typenames)

.debug_varnames
 *(.debug_varnames)

.debug_alt_sim_info
                0x0000000000000000       0x30
 *(.debug_alt_sim_info)
 .debug_alt_sim_info
                0x0000000000000000       0x30 ../Lab7_bsp//obj/HAL/src/crt0.o
                0x0000000018000000                __alt_data_end = 0x18000000
                0x0000000018000000                PROVIDE (__alt_stack_pointer, __alt_data_end)
                [!provide]                        PROVIDE (__alt_stack_limit, __alt_stack_base)
                [!provide]                        PROVIDE (__alt_heap_start, end)
                [!provide]                        PROVIDE (__alt_heap_limit, 0x18000000)
OUTPUT(Lab7.elf elf32-littlenios2)

.debug_ranges   0x0000000000000000      0x1c0
 .debug_ranges  0x0000000000000000       0x20 ../Lab7_bsp//obj/HAL/src/crt0.o
 .debug_ranges  0x0000000000000020       0x60 c:/intelfpga_lite/16.1/nios2eds/bin/gnu/h-x86_64-mingw32/bin/../lib/gcc/nios2-elf/5.3.0\libgcc.a(lib2-divmod.o)
 .debug_ranges  0x0000000000000080       0x10 c:/intelfpga_lite/16.1/nios2eds/bin/gnu/h-x86_64-mingw32/bin/../lib/gcc/nios2-elf/5.3.0/../../../../../H-x86_64-mingw32/nios2-elf/lib\libc.a(lib_a-memcpy.o)
 .debug_ranges  0x0000000000000090       0x28 ../Lab7_bsp/\libhal_bsp.a(alt_irq_entry.o)
 .debug_ranges  0x00000000000000b8       0x10 ../Lab7_bsp/\libhal_bsp.a(alt_irq_handler.o)
 .debug_ranges  0x00000000000000c8       0x30 ../Lab7_bsp/\libhal_bsp.a(altera_avalon_jtag_uart_init.o)
 .debug_ranges  0x00000000000000f8       0x18 ../Lab7_bsp/\libhal_bsp.a(altera_avalon_jtag_uart_read.o)
 .debug_ranges  0x0000000000000110       0x30 ../Lab7_bsp/\libhal_bsp.a(alt_exception_entry.o)
 .debug_ranges  0x0000000000000140       0x10 c:/intelfpga_lite/16.1/nios2eds/bin/gnu/h-x86_64-mingw32/bin/../lib/gcc/nios2-elf/5.3.0/../../../../../H-x86_64-mingw32/nios2-elf/lib\libc.a(lib_a-atexit.o)
 .debug_ranges  0x0000000000000150       0x10 c:/intelfpga_lite/16.1/nios2eds/bin/gnu/h-x86_64-mingw32/bin/../lib/gcc/nios2-elf/5.3.0/../../../../../H-x86_64-mingw32/nios2-elf/lib\libc.a(lib_a-exit.o)
 .debug_ranges  0x0000000000000160       0x10 c:/intelfpga_lite/16.1/nios2eds/bin/gnu/h-x86_64-mingw32/bin/../lib/gcc/nios2-elf/5.3.0/../../../../../H-x86_64-mingw32/nios2-elf/lib\libc.a(lib_a-memcmp.o)
 .debug_ranges  0x0000000000000170       0x10 c:/intelfpga_lite/16.1/nios2eds/bin/gnu/h-x86_64-mingw32/bin/../lib/gcc/nios2-elf/5.3.0/../../../../../H-x86_64-mingw32/nios2-elf/lib\libc.a(lib_a-strlen.o)
 .debug_ranges  0x0000000000000180       0x10 c:/intelfpga_lite/16.1/nios2eds/bin/gnu/h-x86_64-mingw32/bin/../lib/gcc/nios2-elf/5.3.0/../../../../../H-x86_64-mingw32/nios2-elf/lib\libc.a(lib_a-__atexit.o)
 .debug_ranges  0x0000000000000190       0x30 c:/intelfpga_lite/16.1/nios2eds/bin/gnu/h-x86_64-mingw32/bin/../lib/gcc/nios2-elf/5.3.0/../../../../../H-x86_64-mingw32/nios2-elf/lib\libc.a(lib_a-__call_atexit.o)
