Archive member included to satisfy reference by file (symbol)

c:/intelfpga_lite/16.1/nios2eds/bin/gnu/h-x86_64-mingw32/bin/../lib/gcc/nios2-elf/5.3.0\libgcc.a(lib2-divmod.o)
                              obj/default/part1.o (__divsi3)
c:/intelfpga_lite/16.1/nios2eds/bin/gnu/h-x86_64-mingw32/bin/../lib/gcc/nios2-elf/5.3.0/../../../../../H-x86_64-mingw32/nios2-elf/lib\libc.a(lib_a-rand.o)
                              obj/default/part1.o (rand)
c:/intelfpga_lite/16.1/nios2eds/bin/gnu/h-x86_64-mingw32/bin/../lib/gcc/nios2-elf/5.3.0/../../../../../H-x86_64-mingw32/nios2-elf/lib\libc.a(lib_a-impure.o)
                              c:/intelfpga_lite/16.1/nios2eds/bin/gnu/h-x86_64-mingw32/bin/../lib/gcc/nios2-elf/5.3.0/../../../../../H-x86_64-mingw32/nios2-elf/lib\libc.a(lib_a-rand.o) (_impure_ptr)
c:/intelfpga_lite/16.1/nios2eds/bin/gnu/h-x86_64-mingw32/bin/../lib/gcc/nios2-elf/5.3.0\libgcc.a(_muldi3.o)
                              c:/intelfpga_lite/16.1/nios2eds/bin/gnu/h-x86_64-mingw32/bin/../lib/gcc/nios2-elf/5.3.0/../../../../../H-x86_64-mingw32/nios2-elf/lib\libc.a(lib_a-rand.o) (__muldi3)
../Lab8_bsp/\libhal_bsp.a(alt_iic.o)
                              obj/default/part1.o (alt_ic_isr_register)
../Lab8_bsp/\libhal_bsp.a(alt_iic_isr_register.o)
                              ../Lab8_bsp/\libhal_bsp.a(alt_iic.o) (alt_iic_isr_register)
../Lab8_bsp/\libhal_bsp.a(alt_irq_entry.o)
                              ../Lab8_bsp/\libhal_bsp.a(alt_iic_isr_register.o) (alt_irq_entry)
../Lab8_bsp/\libhal_bsp.a(alt_irq_handler.o)
                              ../Lab8_bsp/\libhal_bsp.a(alt_iic_isr_register.o) (alt_irq)
../Lab8_bsp/\libhal_bsp.a(alt_irq_register.o)
                              obj/default/part1.o (alt_irq_register)
../Lab8_bsp/\libhal_bsp.a(alt_irq_vars.o)
                              ../Lab8_bsp/\libhal_bsp.a(alt_iic.o) (alt_irq_active)
../Lab8_bsp/\libhal_bsp.a(alt_load.o)
                              ../Lab8_bsp//obj/HAL/src/crt0.o (alt_load)
../Lab8_bsp/\libhal_bsp.a(alt_main.o)
                              ../Lab8_bsp//obj/HAL/src/crt0.o (alt_main)
../Lab8_bsp/\libhal_bsp.a(alt_sys_init.o)
                              ../Lab8_bsp/\libhal_bsp.a(alt_main.o) (alt_irq_init)
../Lab8_bsp/\libhal_bsp.a(altera_avalon_jtag_uart_fd.o)
                              ../Lab8_bsp/\libhal_bsp.a(alt_sys_init.o) (altera_avalon_jtag_uart_read_fd)
../Lab8_bsp/\libhal_bsp.a(altera_avalon_jtag_uart_init.o)
                              ../Lab8_bsp/\libhal_bsp.a(alt_sys_init.o) (altera_avalon_jtag_uart_init)
../Lab8_bsp/\libhal_bsp.a(altera_avalon_jtag_uart_ioctl.o)
                              ../Lab8_bsp/\libhal_bsp.a(altera_avalon_jtag_uart_fd.o) (altera_avalon_jtag_uart_ioctl)
../Lab8_bsp/\libhal_bsp.a(altera_avalon_jtag_uart_read.o)
                              ../Lab8_bsp/\libhal_bsp.a(altera_avalon_jtag_uart_fd.o) (altera_avalon_jtag_uart_read)
../Lab8_bsp/\libhal_bsp.a(altera_avalon_jtag_uart_write.o)
                              ../Lab8_bsp/\libhal_bsp.a(altera_avalon_jtag_uart_fd.o) (altera_avalon_jtag_uart_write)
../Lab8_bsp/\libhal_bsp.a(altera_avalon_timer_sc.o)
                              ../Lab8_bsp/\libhal_bsp.a(alt_sys_init.o) (alt_avalon_timer_sc_init)
../Lab8_bsp/\libhal_bsp.a(alt_alarm_start.o)
                              ../Lab8_bsp/\libhal_bsp.a(altera_avalon_jtag_uart_init.o) (alt_alarm_start)
../Lab8_bsp/\libhal_bsp.a(alt_close.o)
                              ../Lab8_bsp/\libhal_bsp.a(alt_main.o) (close)
../Lab8_bsp/\libhal_bsp.a(alt_dcache_flush_all.o)
                              ../Lab8_bsp/\libhal_bsp.a(alt_load.o) (alt_dcache_flush_all)
../Lab8_bsp/\libhal_bsp.a(alt_dev.o)
                              ../Lab8_bsp/\libhal_bsp.a(alt_sys_init.o) (alt_dev_list)
../Lab8_bsp/\libhal_bsp.a(alt_dev_llist_insert.o)
                              ../Lab8_bsp/\libhal_bsp.a(alt_sys_init.o) (alt_dev_llist_insert)
../Lab8_bsp/\libhal_bsp.a(alt_do_ctors.o)
                              ../Lab8_bsp/\libhal_bsp.a(alt_main.o) (_do_ctors)
../Lab8_bsp/\libhal_bsp.a(alt_do_dtors.o)
                              ../Lab8_bsp/\libhal_bsp.a(alt_main.o) (_do_dtors)
../Lab8_bsp/\libhal_bsp.a(alt_errno.o)
                              ../Lab8_bsp/\libhal_bsp.a(alt_close.o) (alt_errno)
../Lab8_bsp/\libhal_bsp.a(alt_exception_entry.o)
                              ../Lab8_bsp/\libhal_bsp.a(alt_irq_entry.o) (alt_exception)
../Lab8_bsp/\libhal_bsp.a(alt_icache_flush_all.o)
                              ../Lab8_bsp/\libhal_bsp.a(alt_load.o) (alt_icache_flush_all)
../Lab8_bsp/\libhal_bsp.a(alt_io_redirect.o)
                              ../Lab8_bsp/\libhal_bsp.a(alt_main.o) (alt_io_redirect)
../Lab8_bsp/\libhal_bsp.a(alt_open.o)
                              ../Lab8_bsp/\libhal_bsp.a(alt_io_redirect.o) (open)
../Lab8_bsp/\libhal_bsp.a(alt_release_fd.o)
                              ../Lab8_bsp/\libhal_bsp.a(alt_close.o) (alt_release_fd)
../Lab8_bsp/\libhal_bsp.a(alt_tick.o)
                              ../Lab8_bsp/\libhal_bsp.a(altera_avalon_jtag_uart_init.o) (_alt_tick_rate)
../Lab8_bsp/\libhal_bsp.a(altera_nios2_qsys_irq.o)
                              ../Lab8_bsp/\libhal_bsp.a(alt_sys_init.o) (altera_nios2_qsys_irq_init)
../Lab8_bsp/\libhal_bsp.a(alt_find_dev.o)
                              ../Lab8_bsp/\libhal_bsp.a(alt_open.o) (alt_find_dev)
../Lab8_bsp/\libhal_bsp.a(alt_find_file.o)
                              ../Lab8_bsp/\libhal_bsp.a(alt_open.o) (alt_find_file)
../Lab8_bsp/\libhal_bsp.a(alt_get_fd.o)
                              ../Lab8_bsp/\libhal_bsp.a(alt_open.o) (alt_get_fd)
../Lab8_bsp/\libhal_bsp.a(alt_icache_flush.o)
                              ../Lab8_bsp/\libhal_bsp.a(alt_icache_flush_all.o) (alt_icache_flush)
c:/intelfpga_lite/16.1/nios2eds/bin/gnu/h-x86_64-mingw32/bin/../lib/gcc/nios2-elf/5.3.0/../../../../../H-x86_64-mingw32/nios2-elf/lib\libc.a(lib_a-atexit.o)
                              ../Lab8_bsp/\libhal_bsp.a(alt_main.o) (atexit)
c:/intelfpga_lite/16.1/nios2eds/bin/gnu/h-x86_64-mingw32/bin/../lib/gcc/nios2-elf/5.3.0/../../../../../H-x86_64-mingw32/nios2-elf/lib\libc.a(lib_a-exit.o)
                              ../Lab8_bsp/\libhal_bsp.a(alt_main.o) (exit)
c:/intelfpga_lite/16.1/nios2eds/bin/gnu/h-x86_64-mingw32/bin/../lib/gcc/nios2-elf/5.3.0/../../../../../H-x86_64-mingw32/nios2-elf/lib\libc.a(lib_a-int_errno.o)
                              ../Lab8_bsp/\libhal_bsp.a(alt_close.o) (errno)
c:/intelfpga_lite/16.1/nios2eds/bin/gnu/h-x86_64-mingw32/bin/../lib/gcc/nios2-elf/5.3.0/../../../../../H-x86_64-mingw32/nios2-elf/lib\libc.a(lib_a-memcmp.o)
                              ../Lab8_bsp/\libhal_bsp.a(alt_find_dev.o) (memcmp)
c:/intelfpga_lite/16.1/nios2eds/bin/gnu/h-x86_64-mingw32/bin/../lib/gcc/nios2-elf/5.3.0/../../../../../H-x86_64-mingw32/nios2-elf/lib\libc.a(lib_a-memcpy.o)
                              ../Lab8_bsp/\libhal_bsp.a(altera_avalon_jtag_uart_read.o) (memcpy)
c:/intelfpga_lite/16.1/nios2eds/bin/gnu/h-x86_64-mingw32/bin/../lib/gcc/nios2-elf/5.3.0/../../../../../H-x86_64-mingw32/nios2-elf/lib\libc.a(lib_a-strlen.o)
                              ../Lab8_bsp/\libhal_bsp.a(alt_find_dev.o) (strlen)
c:/intelfpga_lite/16.1/nios2eds/bin/gnu/h-x86_64-mingw32/bin/../lib/gcc/nios2-elf/5.3.0/../../../../../H-x86_64-mingw32/nios2-elf/lib\libc.a(lib_a-__atexit.o)
                              c:/intelfpga_lite/16.1/nios2eds/bin/gnu/h-x86_64-mingw32/bin/../lib/gcc/nios2-elf/5.3.0/../../../../../H-x86_64-mingw32/nios2-elf/lib\libc.a(lib_a-atexit.o) (__register_exitproc)
c:/intelfpga_lite/16.1/nios2eds/bin/gnu/h-x86_64-mingw32/bin/../lib/gcc/nios2-elf/5.3.0/../../../../../H-x86_64-mingw32/nios2-elf/lib\libc.a(lib_a-__call_atexit.o)
                              c:/intelfpga_lite/16.1/nios2eds/bin/gnu/h-x86_64-mingw32/bin/../lib/gcc/nios2-elf/5.3.0/../../../../../H-x86_64-mingw32/nios2-elf/lib\libc.a(lib_a-exit.o) (__call_exitprocs)
../Lab8_bsp/\libhal_bsp.a(alt_exit.o)
                              c:/intelfpga_lite/16.1/nios2eds/bin/gnu/h-x86_64-mingw32/bin/../lib/gcc/nios2-elf/5.3.0/../../../../../H-x86_64-mingw32/nios2-elf/lib\libc.a(lib_a-exit.o) (_exit)

Allocating common symbols
Common symbol       size              file

alt_irq             0x100             ../Lab8_bsp/\libhal_bsp.a(alt_irq_handler.o)
errno               0x4               c:/intelfpga_lite/16.1/nios2eds/bin/gnu/h-x86_64-mingw32/bin/../lib/gcc/nios2-elf/5.3.0/../../../../../H-x86_64-mingw32/nios2-elf/lib\libc.a(lib_a-int_errno.o)

Memory Configuration

Name             Origin             Length             Attributes
On_Chip_Mem      0x0000000000000000 0x0000000000001000
reset            0x0000000010000000 0x0000000000000020
SDRAM            0x0000000010000020 0x0000000007ffffe0
*default*        0x0000000000000000 0xffffffffffffffff

Linker script and memory map

LOAD ../Lab8_bsp//obj/HAL/src/crt0.o
LOAD obj/default/part1.o
LOAD obj/default/part2.o
LOAD c:/intelfpga_lite/16.1/nios2eds/bin/gnu/h-x86_64-mingw32/bin/../lib/gcc/nios2-elf/5.3.0/../../../../../H-x86_64-mingw32/nios2-elf/lib\libstdc++.a
LOAD c:/intelfpga_lite/16.1/nios2eds/bin/gnu/h-x86_64-mingw32/bin/../lib/gcc/nios2-elf/5.3.0/../../../../../H-x86_64-mingw32/nios2-elf/lib\libm.a
LOAD c:/intelfpga_lite/16.1/nios2eds/bin/gnu/h-x86_64-mingw32/bin/../lib/gcc/nios2-elf/5.3.0\libgcc.a
START GROUP
LOAD c:/intelfpga_lite/16.1/nios2eds/bin/gnu/h-x86_64-mingw32/bin/../lib/gcc/nios2-elf/5.3.0/../../../../../H-x86_64-mingw32/nios2-elf/lib\libc.a
LOAD c:/intelfpga_lite/16.1/nios2eds/bin/gnu/h-x86_64-mingw32/bin/../lib/gcc/nios2-elf/5.3.0\libgcc.a
LOAD ../Lab8_bsp/\libhal_bsp.a
LOAD c:/intelfpga_lite/16.1/nios2eds/bin/gnu/h-x86_64-mingw32/bin/../lib/gcc/nios2-elf/5.3.0/../../../../../H-x86_64-mingw32/nios2-elf/lib\libm.a
END GROUP
LOAD c:/intelfpga_lite/16.1/nios2eds/bin/gnu/h-x86_64-mingw32/bin/../lib/gcc/nios2-elf/5.3.0\libgcc.a
                0x0000000000000000                __alt_mem_On_Chip_Mem = 0x0
                0x0000000010000000                __alt_mem_SDRAM = 0x10000000

.entry          0x0000000010000000       0x20
 *(.entry)
 .entry         0x0000000010000000       0x20 ../Lab8_bsp//obj/HAL/src/crt0.o
                0x0000000010000000                __reset

.exceptions     0x0000000010000020      0x1a0
                0x0000000010000020                PROVIDE (__ram_exceptions_start, ABSOLUTE (.))
                0x0000000010000020                . = ALIGN (0x20)
 *(.irq)
 *(.exceptions.entry.label)
 .exceptions.entry.label
                0x0000000010000020        0x0 ../Lab8_bsp/\libhal_bsp.a(alt_irq_entry.o)
                0x0000000010000020                alt_irq_entry
 .exceptions.entry.label
                0x0000000010000020        0x0 ../Lab8_bsp/\libhal_bsp.a(alt_exception_entry.o)
                0x0000000010000020                alt_exception
 *(.exceptions.entry.user)
 *(.exceptions.entry.ecc_fatal)
 *(.exceptions.entry)
 .exceptions.entry
                0x0000000010000020       0x54 ../Lab8_bsp/\libhal_bsp.a(alt_exception_entry.o)
 *(.exceptions.irqtest.user)
 *(.exceptions.irqtest)
 .exceptions.irqtest
                0x0000000010000074       0x10 ../Lab8_bsp/\libhal_bsp.a(alt_irq_entry.o)
 *(.exceptions.irqhandler.user)
 *(.exceptions.irqhandler)
 .exceptions.irqhandler
                0x0000000010000084        0x4 ../Lab8_bsp/\libhal_bsp.a(alt_irq_entry.o)
 *(.exceptions.irqreturn.user)
 *(.exceptions.irqreturn)
 .exceptions.irqreturn
                0x0000000010000088        0x4 ../Lab8_bsp/\libhal_bsp.a(alt_irq_entry.o)
 *(.exceptions.notirq.label)
 .exceptions.notirq.label
                0x000000001000008c        0x0 ../Lab8_bsp/\libhal_bsp.a(alt_irq_entry.o)
 *(.exceptions.notirq.user)
 *(.exceptions.notirq)
 .exceptions.notirq
                0x000000001000008c        0x8 ../Lab8_bsp/\libhal_bsp.a(alt_exception_entry.o)
 *(.exceptions.soft.user)
 *(.exceptions.soft)
 *(.exceptions.unknown.user)
 *(.exceptions.unknown)
 .exceptions.unknown
                0x0000000010000094        0x4 ../Lab8_bsp/\libhal_bsp.a(alt_exception_entry.o)
 *(.exceptions.exit.label)
 .exceptions.exit.label
                0x0000000010000098        0x0 ../Lab8_bsp/\libhal_bsp.a(alt_irq_entry.o)
 .exceptions.exit.label
                0x0000000010000098        0x0 ../Lab8_bsp/\libhal_bsp.a(alt_exception_entry.o)
 *(.exceptions.exit.user)
 *(.exceptions.exit)
 .exceptions.exit
                0x0000000010000098       0x54 ../Lab8_bsp/\libhal_bsp.a(alt_exception_entry.o)
 *(.exceptions)
 .exceptions    0x00000000100000ec       0xd4 ../Lab8_bsp/\libhal_bsp.a(alt_irq_handler.o)
                0x00000000100000ec                alt_irq_handler
                0x00000000100001c0                PROVIDE (__ram_exceptions_end, ABSOLUTE (.))
                0x0000000010000020                PROVIDE (__flash_exceptions_start, LOADADDR (.exceptions))

.text           0x00000000100001c0     0x2cb8
                [!provide]                        PROVIDE (stext, ABSOLUTE (.))
 *(.interp)
 *(.hash)
 *(.dynsym)
 *(.dynstr)
 *(.gnu.version)
 *(.gnu.version_d)
 *(.gnu.version_r)
 *(.rel.init)
 *(.rela.init)
 *(.rel.text .rel.text.* .rel.gnu.linkonce.t.*)
 *(.rela.text .rela.text.* .rela.gnu.linkonce.t.*)
 *(.rel.fini)
 *(.rela.fini)
 *(.rel.rodata .rel.rodata.* .rel.gnu.linkonce.r.*)
 *(.rela.rodata .rela.rodata.* .rela.gnu.linkonce.r.*)
 *(.rel.data .rel.data.* .rel.gnu.linkonce.d.*)
 *(.rela.data .rela.data.* .rela.gnu.linkonce.d.*)
 *(.rel.tdata .rel.tdata.* .rel.gnu.linkonce.td.*)
 *(.rela.tdata .rela.tdata.* .rela.gnu.linkonce.td.*)
 *(.rel.tbss .rel.tbss.* .rel.gnu.linkonce.tb.*)
 *(.rela.tbss .rela.tbss.* .rela.gnu.linkonce.tb.*)
 *(.rel.ctors)
 *(.rela.ctors)
 *(.rel.dtors)
 *(.rela.dtors)
 *(.rel.got)
 *(.rela.got)
 *(.rel.sdata .rel.sdata.* .rel.gnu.linkonce.s.*)
 *(.rela.sdata .rela.sdata.* .rela.gnu.linkonce.s.*)
 *(.rel.sbss .rel.sbss.* .rel.gnu.linkonce.sb.*)
 *(.rela.sbss .rela.sbss.* .rela.gnu.linkonce.sb.*)
 *(.rel.sdata2 .rel.sdata2.* .rel.gnu.linkonce.s2.*)
 *(.rela.sdata2 .rela.sdata2.* .rela.gnu.linkonce.s2.*)
 *(.rel.sbss2 .rel.sbss2.* .rel.gnu.linkonce.sb2.*)
 *(.rela.sbss2 .rela.sbss2.* .rela.gnu.linkonce.sb2.*)
 *(.rel.bss .rel.bss.* .rel.gnu.linkonce.b.*)
 *(.rela.bss .rela.bss.* .rela.gnu.linkonce.b.*)
 *(.rel.plt)
 *(.rela.plt)
 *(.rel.dyn)
 *(.init)
 *(.plt)
 *(.text .stub .text.* .gnu.linkonce.t.*)
 .text          0x00000000100001c0       0x4c ../Lab8_bsp//obj/HAL/src/crt0.o
                0x00000000100001c0                _start
 .text          0x000000001000020c      0x5ac obj/default/part1.o
                0x000000001000020c                key3_isr
                0x0000000010000240                key2_isr
                0x00000000100002a8                key1_isr
                0x000000001000032c                key0_isr
                0x00000000100003bc                handle_key_interrupts
                0x0000000010000460                pio_init
                0x00000000100004c0                init_timer_interrupt
                0x0000000010000668                main
                0x000000001000069c                display
 .text          0x00000000100007b8        0x0 obj/default/part2.o
 .text          0x00000000100007b8      0x1b4 c:/intelfpga_lite/16.1/nios2eds/bin/gnu/h-x86_64-mingw32/bin/../lib/gcc/nios2-elf/5.3.0\libgcc.a(lib2-divmod.o)
                0x00000000100007b8                __divsi3
                0x000000001000083c                __modsi3
                0x00000000100008b0                __udivsi3
                0x0000000010000914                __umodsi3
 .text          0x000000001000096c        0x0 c:/intelfpga_lite/16.1/nios2eds/bin/gnu/h-x86_64-mingw32/bin/../lib/gcc/nios2-elf/5.3.0/../../../../../H-x86_64-mingw32/nios2-elf/lib\libc.a(lib_a-rand.o)
 .text.srand    0x000000001000096c       0x18 c:/intelfpga_lite/16.1/nios2eds/bin/gnu/h-x86_64-mingw32/bin/../lib/gcc/nios2-elf/5.3.0/../../../../../H-x86_64-mingw32/nios2-elf/lib\libc.a(lib_a-rand.o)
                0x000000001000096c                srand
 .text.rand     0x0000000010000984       0x64 c:/intelfpga_lite/16.1/nios2eds/bin/gnu/h-x86_64-mingw32/bin/../lib/gcc/nios2-elf/5.3.0/../../../../../H-x86_64-mingw32/nios2-elf/lib\libc.a(lib_a-rand.o)
                0x0000000010000984                rand
 .text          0x00000000100009e8        0x0 c:/intelfpga_lite/16.1/nios2eds/bin/gnu/h-x86_64-mingw32/bin/../lib/gcc/nios2-elf/5.3.0/../../../../../H-x86_64-mingw32/nios2-elf/lib\libc.a(lib_a-impure.o)
 .text          0x00000000100009e8       0x60 c:/intelfpga_lite/16.1/nios2eds/bin/gnu/h-x86_64-mingw32/bin/../lib/gcc/nios2-elf/5.3.0\libgcc.a(_muldi3.o)
                0x00000000100009e8                __muldi3
 .text          0x0000000010000a48      0x1b0 ../Lab8_bsp/\libhal_bsp.a(alt_iic.o)
                0x0000000010000a48                alt_ic_isr_register
                0x0000000010000a98                alt_ic_irq_enable
                0x0000000010000b20                alt_ic_irq_disable
                0x0000000010000bac                alt_ic_irq_enabled
 .text          0x0000000010000bf8       0xf0 ../Lab8_bsp/\libhal_bsp.a(alt_iic_isr_register.o)
                0x0000000010000bf8                alt_iic_isr_register
 .text          0x0000000010000ce8        0x0 ../Lab8_bsp/\libhal_bsp.a(alt_irq_entry.o)
 .text          0x0000000010000ce8        0x0 ../Lab8_bsp/\libhal_bsp.a(alt_irq_handler.o)
 .text          0x0000000010000ce8      0x180 ../Lab8_bsp/\libhal_bsp.a(alt_irq_register.o)
                0x0000000010000ce8                alt_irq_register
 .text          0x0000000010000e68        0x0 ../Lab8_bsp/\libhal_bsp.a(alt_irq_vars.o)
 .text          0x0000000010000e68       0xec ../Lab8_bsp/\libhal_bsp.a(alt_load.o)
                0x0000000010000ed0                alt_load
 .text          0x0000000010000f54       0x7c ../Lab8_bsp/\libhal_bsp.a(alt_main.o)
                0x0000000010000f54                alt_main
 .text          0x0000000010000fd0       0xcc ../Lab8_bsp/\libhal_bsp.a(alt_sys_init.o)
                0x0000000010001004                alt_irq_init
                0x000000001000103c                alt_sys_init
 .text          0x000000001000109c      0x164 ../Lab8_bsp/\libhal_bsp.a(altera_avalon_jtag_uart_fd.o)
                0x000000001000109c                altera_avalon_jtag_uart_read_fd
                0x00000000100010fc                altera_avalon_jtag_uart_write_fd
                0x000000001000115c                altera_avalon_jtag_uart_close_fd
                0x00000000100011ac                altera_avalon_jtag_uart_ioctl_fd
 .text          0x0000000010001200      0x3d4 ../Lab8_bsp/\libhal_bsp.a(altera_avalon_jtag_uart_init.o)
                0x0000000010001200                altera_avalon_jtag_uart_init
                0x000000001000156c                altera_avalon_jtag_uart_close
 .text          0x00000000100015d4       0xf0 ../Lab8_bsp/\libhal_bsp.a(altera_avalon_jtag_uart_ioctl.o)
                0x00000000100015d4                altera_avalon_jtag_uart_ioctl
 .text          0x00000000100016c4      0x21c ../Lab8_bsp/\libhal_bsp.a(altera_avalon_jtag_uart_read.o)
                0x00000000100016c4                altera_avalon_jtag_uart_read
 .text          0x00000000100018e0      0x224 ../Lab8_bsp/\libhal_bsp.a(altera_avalon_jtag_uart_write.o)
                0x00000000100018e0                altera_avalon_jtag_uart_write
 .text          0x0000000010001b04       0xf4 ../Lab8_bsp/\libhal_bsp.a(altera_avalon_timer_sc.o)
                0x0000000010001b7c                alt_avalon_timer_sc_init
 .text          0x0000000010001bf8      0x12c ../Lab8_bsp/\libhal_bsp.a(alt_alarm_start.o)
                0x0000000010001bf8                alt_alarm_start
 .text          0x0000000010001d24      0x10c ../Lab8_bsp/\libhal_bsp.a(alt_close.o)
                0x0000000010001d60                close
 .text          0x0000000010001e30       0x48 ../Lab8_bsp/\libhal_bsp.a(alt_dcache_flush_all.o)
                0x0000000010001e30                alt_dcache_flush_all
 .text          0x0000000010001e78       0x2c ../Lab8_bsp/\libhal_bsp.a(alt_dev.o)
 .text          0x0000000010001ea4       0xe0 ../Lab8_bsp/\libhal_bsp.a(alt_dev_llist_insert.o)
                0x0000000010001ee0                alt_dev_llist_insert
 .text          0x0000000010001f84       0x60 ../Lab8_bsp/\libhal_bsp.a(alt_do_ctors.o)
                0x0000000010001f84                _do_ctors
 .text          0x0000000010001fe4       0x60 ../Lab8_bsp/\libhal_bsp.a(alt_do_dtors.o)
                0x0000000010001fe4                _do_dtors
 .text          0x0000000010002044        0x0 ../Lab8_bsp/\libhal_bsp.a(alt_errno.o)
 .text          0x0000000010002044        0x0 ../Lab8_bsp/\libhal_bsp.a(alt_exception_entry.o)
 .text          0x0000000010002044       0x34 ../Lab8_bsp/\libhal_bsp.a(alt_icache_flush_all.o)
                0x0000000010002044                alt_icache_flush_all
 .text          0x0000000010002078      0x140 ../Lab8_bsp/\libhal_bsp.a(alt_io_redirect.o)
                0x000000001000213c                alt_io_redirect
 .text          0x00000000100021b8      0x254 ../Lab8_bsp/\libhal_bsp.a(alt_open.o)
                0x00000000100022b8                open
 .text          0x000000001000240c       0x64 ../Lab8_bsp/\libhal_bsp.a(alt_release_fd.o)
                0x000000001000240c                alt_release_fd
 .text          0x0000000010002470      0x1a4 ../Lab8_bsp/\libhal_bsp.a(alt_tick.o)
                0x0000000010002470                alt_alarm_stop
                0x000000001000250c                alt_tick
 .text          0x0000000010002614       0x24 ../Lab8_bsp/\libhal_bsp.a(altera_nios2_qsys_irq.o)
                0x0000000010002614                altera_nios2_qsys_irq_init
 .text          0x0000000010002638       0x90 ../Lab8_bsp/\libhal_bsp.a(alt_find_dev.o)
                0x0000000010002638                alt_find_dev
 .text          0x00000000100026c8      0x108 ../Lab8_bsp/\libhal_bsp.a(alt_find_file.o)
                0x00000000100026c8                alt_find_file
 .text          0x00000000100027d0       0xa4 ../Lab8_bsp/\libhal_bsp.a(alt_get_fd.o)
                0x00000000100027d0                alt_get_fd
 .text          0x0000000010002874       0x90 ../Lab8_bsp/\libhal_bsp.a(alt_icache_flush.o)
                0x0000000010002874                alt_icache_flush
 .text          0x0000000010002904        0x0 c:/intelfpga_lite/16.1/nios2eds/bin/gnu/h-x86_64-mingw32/bin/../lib/gcc/nios2-elf/5.3.0/../../../../../H-x86_64-mingw32/nios2-elf/lib\libc.a(lib_a-atexit.o)
 .text.atexit   0x0000000010002904       0x14 c:/intelfpga_lite/16.1/nios2eds/bin/gnu/h-x86_64-mingw32/bin/../lib/gcc/nios2-elf/5.3.0/../../../../../H-x86_64-mingw32/nios2-elf/lib\libc.a(lib_a-atexit.o)
                0x0000000010002904                atexit
 .text          0x0000000010002918        0x0 c:/intelfpga_lite/16.1/nios2eds/bin/gnu/h-x86_64-mingw32/bin/../lib/gcc/nios2-elf/5.3.0/../../../../../H-x86_64-mingw32/nios2-elf/lib\libc.a(lib_a-exit.o)
 .text.exit     0x0000000010002918       0x38 c:/intelfpga_lite/16.1/nios2eds/bin/gnu/h-x86_64-mingw32/bin/../lib/gcc/nios2-elf/5.3.0/../../../../../H-x86_64-mingw32/nios2-elf/lib\libc.a(lib_a-exit.o)
                0x0000000010002918                exit
 .text          0x0000000010002950        0x0 c:/intelfpga_lite/16.1/nios2eds/bin/gnu/h-x86_64-mingw32/bin/../lib/gcc/nios2-elf/5.3.0/../../../../../H-x86_64-mingw32/nios2-elf/lib\libc.a(lib_a-int_errno.o)
 .text          0x0000000010002950        0x0 c:/intelfpga_lite/16.1/nios2eds/bin/gnu/h-x86_64-mingw32/bin/../lib/gcc/nios2-elf/5.3.0/../../../../../H-x86_64-mingw32/nios2-elf/lib\libc.a(lib_a-memcmp.o)
 .text.memcmp   0x0000000010002950       0x7c c:/intelfpga_lite/16.1/nios2eds/bin/gnu/h-x86_64-mingw32/bin/../lib/gcc/nios2-elf/5.3.0/../../../../../H-x86_64-mingw32/nios2-elf/lib\libc.a(lib_a-memcmp.o)
                0x0000000010002950                memcmp
 .text          0x00000000100029cc        0x0 c:/intelfpga_lite/16.1/nios2eds/bin/gnu/h-x86_64-mingw32/bin/../lib/gcc/nios2-elf/5.3.0/../../../../../H-x86_64-mingw32/nios2-elf/lib\libc.a(lib_a-memcpy.o)
 .text.memcpy   0x00000000100029cc      0x148 c:/intelfpga_lite/16.1/nios2eds/bin/gnu/h-x86_64-mingw32/bin/../lib/gcc/nios2-elf/5.3.0/../../../../../H-x86_64-mingw32/nios2-elf/lib\libc.a(lib_a-memcpy.o)
                0x00000000100029cc                memcpy
 .text          0x0000000010002b14        0x0 c:/intelfpga_lite/16.1/nios2eds/bin/gnu/h-x86_64-mingw32/bin/../lib/gcc/nios2-elf/5.3.0/../../../../../H-x86_64-mingw32/nios2-elf/lib\libc.a(lib_a-strlen.o)
 .text.strlen   0x0000000010002b14       0x98 c:/intelfpga_lite/16.1/nios2eds/bin/gnu/h-x86_64-mingw32/bin/../lib/gcc/nios2-elf/5.3.0/../../../../../H-x86_64-mingw32/nios2-elf/lib\libc.a(lib_a-strlen.o)
                0x0000000010002b14                strlen
 .text          0x0000000010002bac        0x0 c:/intelfpga_lite/16.1/nios2eds/bin/gnu/h-x86_64-mingw32/bin/../lib/gcc/nios2-elf/5.3.0/../../../../../H-x86_64-mingw32/nios2-elf/lib\libc.a(lib_a-__atexit.o)
 .text.__register_exitproc
                0x0000000010002bac      0x118 c:/intelfpga_lite/16.1/nios2eds/bin/gnu/h-x86_64-mingw32/bin/../lib/gcc/nios2-elf/5.3.0/../../../../../H-x86_64-mingw32/nios2-elf/lib\libc.a(lib_a-__atexit.o)
                0x0000000010002bac                __register_exitproc
 .text          0x0000000010002cc4        0x0 c:/intelfpga_lite/16.1/nios2eds/bin/gnu/h-x86_64-mingw32/bin/../lib/gcc/nios2-elf/5.3.0/../../../../../H-x86_64-mingw32/nios2-elf/lib\libc.a(lib_a-__call_atexit.o)
 .text.__call_exitprocs
                0x0000000010002cc4      0x180 c:/intelfpga_lite/16.1/nios2eds/bin/gnu/h-x86_64-mingw32/bin/../lib/gcc/nios2-elf/5.3.0/../../../../../H-x86_64-mingw32/nios2-elf/lib\libc.a(lib_a-__call_atexit.o)
                0x0000000010002cc4                __call_exitprocs
 .text          0x0000000010002e44       0x34 ../Lab8_bsp/\libhal_bsp.a(alt_exit.o)
                0x0000000010002e44                _exit
 *(.gnu.warning.*)
 *(.fini)
                [!provide]                        PROVIDE (__etext, ABSOLUTE (.))
                [!provide]                        PROVIDE (_etext, ABSOLUTE (.))
                [!provide]                        PROVIDE (etext, ABSOLUTE (.))
 *(.eh_frame_hdr)
                0x0000000010002e78                . = ALIGN (0x4)
                [!provide]                        PROVIDE (__preinit_array_start, ABSOLUTE (.))
 *(.preinit_array)
                [!provide]                        PROVIDE (__preinit_array_end, ABSOLUTE (.))
                [!provide]                        PROVIDE (__init_array_start, ABSOLUTE (.))
 *(.init_array)
                [!provide]                        PROVIDE (__init_array_end, ABSOLUTE (.))
                [!provide]                        PROVIDE (__fini_array_start, ABSOLUTE (.))
 *(.fini_array)
                [!provide]                        PROVIDE (__fini_array_end, ABSOLUTE (.))
 *(.eh_frame)
 *(.gcc_except_table .gcc_except_table.*)
 *(.dynamic)
                0x0000000010002e78                PROVIDE (__CTOR_LIST__, ABSOLUTE (.))
 *(.ctors)
 *(SORT(.ctors.*))
                0x0000000010002e78                PROVIDE (__CTOR_END__, ABSOLUTE (.))
                0x0000000010002e78                PROVIDE (__DTOR_LIST__, ABSOLUTE (.))
 *(.dtors)
 *(SORT(.dtors.*))
                0x0000000010002e78                PROVIDE (__DTOR_END__, ABSOLUTE (.))
 *(.jcr)
                0x0000000010002e78                . = ALIGN (0x4)

.rodata         0x0000000010002e78       0x38
                0x0000000010002e78                PROVIDE (__ram_rodata_start, ABSOLUTE (.))
                0x0000000010002e78                . = ALIGN (0x4)
 *(.rodata .rodata.* .gnu.linkonce.r.*)
 .rodata        0x0000000010002e78        0x7 obj/default/part1.o
 *fill*         0x0000000010002e7f        0x1 
 .rodata.str1.4
                0x0000000010002e80        0x4 c:/intelfpga_lite/16.1/nios2eds/bin/gnu/h-x86_64-mingw32/bin/../lib/gcc/nios2-elf/5.3.0/../../../../../H-x86_64-mingw32/nios2-elf/lib\libc.a(lib_a-impure.o)
                                          0x2 (size before relaxing)
 .rodata        0x0000000010002e84        0xf ../Lab8_bsp/\libhal_bsp.a(alt_main.o)
 *fill*         0x0000000010002e93        0x1 
 .rodata        0x0000000010002e94        0xf ../Lab8_bsp/\libhal_bsp.a(alt_sys_init.o)
 *fill*         0x0000000010002ea3        0x1 
 .rodata        0x0000000010002ea4        0xa ../Lab8_bsp/\libhal_bsp.a(alt_dev.o)
 *(.rodata1)
                0x0000000010002eb0                . = ALIGN (0x4)
 *fill*         0x0000000010002eae        0x2 
                0x0000000010002eb0                PROVIDE (__ram_rodata_end, ABSOLUTE (.))
                0x0000000010002e78                PROVIDE (__flash_rodata_start, LOADADDR (.rodata))

.rwdata         0x0000000010002eb0     0x1658 load address 0x0000000010004508
                0x0000000010002eb0                PROVIDE (__ram_rwdata_start, ABSOLUTE (.))
                0x0000000010002eb0                . = ALIGN (0x4)
 *(.got.plt)
 *(.got)
 *(.data1)
 *(.data .data.* .gnu.linkonce.d.*)
 .data          0x0000000010002eb0        0x0 ../Lab8_bsp//obj/HAL/src/crt0.o
 .data          0x0000000010002eb0        0x0 obj/default/part1.o
 .data          0x0000000010002eb0        0x0 obj/default/part2.o
 .data          0x0000000010002eb0        0x0 c:/intelfpga_lite/16.1/nios2eds/bin/gnu/h-x86_64-mingw32/bin/../lib/gcc/nios2-elf/5.3.0\libgcc.a(lib2-divmod.o)
 .data          0x0000000010002eb0        0x0 c:/intelfpga_lite/16.1/nios2eds/bin/gnu/h-x86_64-mingw32/bin/../lib/gcc/nios2-elf/5.3.0/../../../../../H-x86_64-mingw32/nios2-elf/lib\libc.a(lib_a-rand.o)
 .data          0x0000000010002eb0        0x0 c:/intelfpga_lite/16.1/nios2eds/bin/gnu/h-x86_64-mingw32/bin/../lib/gcc/nios2-elf/5.3.0/../../../../../H-x86_64-mingw32/nios2-elf/lib\libc.a(lib_a-impure.o)
 .data.impure_data
                0x0000000010002eb0      0x424 c:/intelfpga_lite/16.1/nios2eds/bin/gnu/h-x86_64-mingw32/bin/../lib/gcc/nios2-elf/5.3.0/../../../../../H-x86_64-mingw32/nios2-elf/lib\libc.a(lib_a-impure.o)
 .data          0x00000000100032d4        0x0 c:/intelfpga_lite/16.1/nios2eds/bin/gnu/h-x86_64-mingw32/bin/../lib/gcc/nios2-elf/5.3.0\libgcc.a(_muldi3.o)
 .data          0x00000000100032d4        0x0 ../Lab8_bsp/\libhal_bsp.a(alt_iic.o)
 .data          0x00000000100032d4        0x0 ../Lab8_bsp/\libhal_bsp.a(alt_iic_isr_register.o)
 .data          0x00000000100032d4        0x0 ../Lab8_bsp/\libhal_bsp.a(alt_irq_entry.o)
 .data          0x00000000100032d4        0x0 ../Lab8_bsp/\libhal_bsp.a(alt_irq_handler.o)
 .data          0x00000000100032d4        0x0 ../Lab8_bsp/\libhal_bsp.a(alt_irq_register.o)
 .data          0x00000000100032d4        0x0 ../Lab8_bsp/\libhal_bsp.a(alt_irq_vars.o)
 .data          0x00000000100032d4        0x0 ../Lab8_bsp/\libhal_bsp.a(alt_load.o)
 .data          0x00000000100032d4        0x0 ../Lab8_bsp/\libhal_bsp.a(alt_main.o)
 .data          0x00000000100032d4     0x1060 ../Lab8_bsp/\libhal_bsp.a(alt_sys_init.o)
 .data          0x0000000010004334        0x0 ../Lab8_bsp/\libhal_bsp.a(altera_avalon_jtag_uart_fd.o)
 .data          0x0000000010004334        0x0 ../Lab8_bsp/\libhal_bsp.a(altera_avalon_jtag_uart_init.o)
 .data          0x0000000010004334        0x0 ../Lab8_bsp/\libhal_bsp.a(altera_avalon_jtag_uart_ioctl.o)
 .data          0x0000000010004334        0x0 ../Lab8_bsp/\libhal_bsp.a(altera_avalon_jtag_uart_read.o)
 .data          0x0000000010004334        0x0 ../Lab8_bsp/\libhal_bsp.a(altera_avalon_jtag_uart_write.o)
 .data          0x0000000010004334        0x0 ../Lab8_bsp/\libhal_bsp.a(altera_avalon_timer_sc.o)
 .data          0x0000000010004334        0x0 ../Lab8_bsp/\libhal_bsp.a(alt_alarm_start.o)
 .data          0x0000000010004334        0x0 ../Lab8_bsp/\libhal_bsp.a(alt_close.o)
 .data          0x0000000010004334        0x0 ../Lab8_bsp/\libhal_bsp.a(alt_dcache_flush_all.o)
 .data          0x0000000010004334      0x1a8 ../Lab8_bsp/\libhal_bsp.a(alt_dev.o)
                0x0000000010004334                alt_dev_null
                0x000000001000435c                alt_fd_list
 .data          0x00000000100044dc        0x0 ../Lab8_bsp/\libhal_bsp.a(alt_dev_llist_insert.o)
 .data          0x00000000100044dc        0x0 ../Lab8_bsp/\libhal_bsp.a(alt_do_ctors.o)
 .data          0x00000000100044dc        0x0 ../Lab8_bsp/\libhal_bsp.a(alt_do_dtors.o)
 .data          0x00000000100044dc        0x0 ../Lab8_bsp/\libhal_bsp.a(alt_errno.o)
 .data          0x00000000100044dc        0x0 ../Lab8_bsp/\libhal_bsp.a(alt_exception_entry.o)
 .data          0x00000000100044dc        0x0 ../Lab8_bsp/\libhal_bsp.a(alt_icache_flush_all.o)
 .data          0x00000000100044dc        0x0 ../Lab8_bsp/\libhal_bsp.a(alt_io_redirect.o)
 .data          0x00000000100044dc        0x0 ../Lab8_bsp/\libhal_bsp.a(alt_open.o)
 .data          0x00000000100044dc        0x0 ../Lab8_bsp/\libhal_bsp.a(alt_release_fd.o)
 .data          0x00000000100044dc        0x0 ../Lab8_bsp/\libhal_bsp.a(alt_tick.o)
 .data          0x00000000100044dc        0x0 ../Lab8_bsp/\libhal_bsp.a(altera_nios2_qsys_irq.o)
 .data          0x00000000100044dc        0x0 ../Lab8_bsp/\libhal_bsp.a(alt_find_dev.o)
 .data          0x00000000100044dc        0x0 ../Lab8_bsp/\libhal_bsp.a(alt_find_file.o)
 .data          0x00000000100044dc        0x0 ../Lab8_bsp/\libhal_bsp.a(alt_get_fd.o)
 .data          0x00000000100044dc        0x0 ../Lab8_bsp/\libhal_bsp.a(alt_icache_flush.o)
 .data          0x00000000100044dc        0x0 c:/intelfpga_lite/16.1/nios2eds/bin/gnu/h-x86_64-mingw32/bin/../lib/gcc/nios2-elf/5.3.0/../../../../../H-x86_64-mingw32/nios2-elf/lib\libc.a(lib_a-atexit.o)
 .data          0x00000000100044dc        0x0 c:/intelfpga_lite/16.1/nios2eds/bin/gnu/h-x86_64-mingw32/bin/../lib/gcc/nios2-elf/5.3.0/../../../../../H-x86_64-mingw32/nios2-elf/lib\libc.a(lib_a-exit.o)
 .data          0x00000000100044dc        0x0 c:/intelfpga_lite/16.1/nios2eds/bin/gnu/h-x86_64-mingw32/bin/../lib/gcc/nios2-elf/5.3.0/../../../../../H-x86_64-mingw32/nios2-elf/lib\libc.a(lib_a-int_errno.o)
 .data          0x00000000100044dc        0x0 c:/intelfpga_lite/16.1/nios2eds/bin/gnu/h-x86_64-mingw32/bin/../lib/gcc/nios2-elf/5.3.0/../../../../../H-x86_64-mingw32/nios2-elf/lib\libc.a(lib_a-memcmp.o)
 .data          0x00000000100044dc        0x0 c:/intelfpga_lite/16.1/nios2eds/bin/gnu/h-x86_64-mingw32/bin/../lib/gcc/nios2-elf/5.3.0/../../../../../H-x86_64-mingw32/nios2-elf/lib\libc.a(lib_a-memcpy.o)
 .data          0x00000000100044dc        0x0 c:/intelfpga_lite/16.1/nios2eds/bin/gnu/h-x86_64-mingw32/bin/../lib/gcc/nios2-elf/5.3.0/../../../../../H-x86_64-mingw32/nios2-elf/lib\libc.a(lib_a-strlen.o)
 .data          0x00000000100044dc        0x0 c:/intelfpga_lite/16.1/nios2eds/bin/gnu/h-x86_64-mingw32/bin/../lib/gcc/nios2-elf/5.3.0/../../../../../H-x86_64-mingw32/nios2-elf/lib\libc.a(lib_a-__atexit.o)
 .data          0x00000000100044dc        0x0 c:/intelfpga_lite/16.1/nios2eds/bin/gnu/h-x86_64-mingw32/bin/../lib/gcc/nios2-elf/5.3.0/../../../../../H-x86_64-mingw32/nios2-elf/lib\libc.a(lib_a-__call_atexit.o)
 .data          0x00000000100044dc        0x0 ../Lab8_bsp/\libhal_bsp.a(alt_exit.o)
                0x000000001000c4dc                _gp = ABSOLUTE ((. + 0x8000))
                [!provide]                        PROVIDE (gp, _gp)
 *(.rwdata .rwdata.*)
 *(.sdata .sdata.* .gnu.linkonce.s.*)
 .sdata._global_impure_ptr
                0x00000000100044dc        0x4 c:/intelfpga_lite/16.1/nios2eds/bin/gnu/h-x86_64-mingw32/bin/../lib/gcc/nios2-elf/5.3.0/../../../../../H-x86_64-mingw32/nios2-elf/lib\libc.a(lib_a-impure.o)
                0x00000000100044dc                _global_impure_ptr
 .sdata._impure_ptr
                0x00000000100044e0        0x4 c:/intelfpga_lite/16.1/nios2eds/bin/gnu/h-x86_64-mingw32/bin/../lib/gcc/nios2-elf/5.3.0/../../../../../H-x86_64-mingw32/nios2-elf/lib\libc.a(lib_a-impure.o)
                0x00000000100044e0                _impure_ptr
 .sdata         0x00000000100044e4        0x4 ../Lab8_bsp/\libhal_bsp.a(alt_irq_vars.o)
                0x00000000100044e4                alt_priority_mask
 .sdata         0x00000000100044e8       0x14 ../Lab8_bsp/\libhal_bsp.a(alt_dev.o)
                0x00000000100044e8                alt_fs_list
                0x00000000100044f0                alt_dev_list
                0x00000000100044f8                alt_max_fd
 .sdata         0x00000000100044fc        0x4 ../Lab8_bsp/\libhal_bsp.a(alt_errno.o)
                0x00000000100044fc                alt_errno
 .sdata         0x0000000010004500        0x8 ../Lab8_bsp/\libhal_bsp.a(alt_tick.o)
                0x0000000010004500                alt_alarm_list
 *(.sdata2 .sdata2.* .gnu.linkonce.s2.*)
                0x0000000010004508                . = ALIGN (0x4)
                0x0000000010004508                _edata = ABSOLUTE (.)
                [!provide]                        PROVIDE (edata, ABSOLUTE (.))
                0x0000000010004508                PROVIDE (__ram_rwdata_end, ABSOLUTE (.))
                0x0000000010004508                PROVIDE (__flash_rwdata_start, LOADADDR (.rwdata))

.bss            0x0000000010005b60      0x134
                0x0000000010005b60                __bss_start = ABSOLUTE (.)
                [!provide]                        PROVIDE (__sbss_start, ABSOLUTE (.))
                [!provide]                        PROVIDE (___sbss_start, ABSOLUTE (.))
 *(.dynsbss)
 *(.sbss .sbss.* .gnu.linkonce.sb.*)
 .sbss          0x0000000010005b60       0x18 obj/default/part1.o
                0x0000000010005b60                MSTODELAY
                0x0000000010005b64                TIME
                0x0000000010005b68                state
 .sbss          0x0000000010005b78        0x4 ../Lab8_bsp/\libhal_bsp.a(alt_irq_vars.o)
                0x0000000010005b78                alt_irq_active
 .sbss          0x0000000010005b7c        0xc ../Lab8_bsp/\libhal_bsp.a(alt_main.o)
                0x0000000010005b7c                alt_argc
                0x0000000010005b80                alt_argv
                0x0000000010005b84                alt_envp
 .sbss          0x0000000010005b88        0x8 ../Lab8_bsp/\libhal_bsp.a(alt_tick.o)
                0x0000000010005b88                _alt_tick_rate
                0x0000000010005b8c                _alt_nticks
 .sbss          0x0000000010005b90        0x4 c:/intelfpga_lite/16.1/nios2eds/bin/gnu/h-x86_64-mingw32/bin/../lib/gcc/nios2-elf/5.3.0/../../../../../H-x86_64-mingw32/nios2-elf/lib\libc.a(lib_a-int_errno.o)
                0x0000000010005b90                errno
 *(.sbss2 .sbss2.* .gnu.linkonce.sb2.*)
 *(.scommon)
                [!provide]                        PROVIDE (__sbss_end, ABSOLUTE (.))
                [!provide]                        PROVIDE (___sbss_end, ABSOLUTE (.))
 *(.dynbss)
 *(.bss .bss.* .gnu.linkonce.b.*)
 .bss           0x0000000010005b94        0x0 ../Lab8_bsp//obj/HAL/src/crt0.o
 .bss           0x0000000010005b94        0x0 obj/default/part1.o
 .bss           0x0000000010005b94        0x0 obj/default/part2.o
 .bss           0x0000000010005b94        0x0 c:/intelfpga_lite/16.1/nios2eds/bin/gnu/h-x86_64-mingw32/bin/../lib/gcc/nios2-elf/5.3.0\libgcc.a(lib2-divmod.o)
 .bss           0x0000000010005b94        0x0 c:/intelfpga_lite/16.1/nios2eds/bin/gnu/h-x86_64-mingw32/bin/../lib/gcc/nios2-elf/5.3.0/../../../../../H-x86_64-mingw32/nios2-elf/lib\libc.a(lib_a-rand.o)
 .bss           0x0000000010005b94        0x0 c:/intelfpga_lite/16.1/nios2eds/bin/gnu/h-x86_64-mingw32/bin/../lib/gcc/nios2-elf/5.3.0/../../../../../H-x86_64-mingw32/nios2-elf/lib\libc.a(lib_a-impure.o)
 .bss           0x0000000010005b94        0x0 c:/intelfpga_lite/16.1/nios2eds/bin/gnu/h-x86_64-mingw32/bin/../lib/gcc/nios2-elf/5.3.0\libgcc.a(_muldi3.o)
 .bss           0x0000000010005b94        0x0 ../Lab8_bsp/\libhal_bsp.a(alt_iic.o)
 .bss           0x0000000010005b94        0x0 ../Lab8_bsp/\libhal_bsp.a(alt_iic_isr_register.o)
 .bss           0x0000000010005b94        0x0 ../Lab8_bsp/\libhal_bsp.a(alt_irq_entry.o)
 .bss           0x0000000010005b94        0x0 ../Lab8_bsp/\libhal_bsp.a(alt_irq_handler.o)
 .bss           0x0000000010005b94        0x0 ../Lab8_bsp/\libhal_bsp.a(alt_irq_register.o)
 .bss           0x0000000010005b94        0x0 ../Lab8_bsp/\libhal_bsp.a(alt_irq_vars.o)
 .bss           0x0000000010005b94        0x0 ../Lab8_bsp/\libhal_bsp.a(alt_load.o)
 .bss           0x0000000010005b94        0x0 ../Lab8_bsp/\libhal_bsp.a(alt_main.o)
 .bss           0x0000000010005b94        0x0 ../Lab8_bsp/\libhal_bsp.a(alt_sys_init.o)
 .bss           0x0000000010005b94        0x0 ../Lab8_bsp/\libhal_bsp.a(altera_avalon_jtag_uart_fd.o)
 .bss           0x0000000010005b94        0x0 ../Lab8_bsp/\libhal_bsp.a(altera_avalon_jtag_uart_init.o)
 .bss           0x0000000010005b94        0x0 ../Lab8_bsp/\libhal_bsp.a(altera_avalon_jtag_uart_ioctl.o)
 .bss           0x0000000010005b94        0x0 ../Lab8_bsp/\libhal_bsp.a(altera_avalon_jtag_uart_read.o)
 .bss           0x0000000010005b94        0x0 ../Lab8_bsp/\libhal_bsp.a(altera_avalon_jtag_uart_write.o)
 .bss           0x0000000010005b94        0x0 ../Lab8_bsp/\libhal_bsp.a(altera_avalon_timer_sc.o)
 .bss           0x0000000010005b94        0x0 ../Lab8_bsp/\libhal_bsp.a(alt_alarm_start.o)
 .bss           0x0000000010005b94        0x0 ../Lab8_bsp/\libhal_bsp.a(alt_close.o)
 .bss           0x0000000010005b94        0x0 ../Lab8_bsp/\libhal_bsp.a(alt_dcache_flush_all.o)
 .bss           0x0000000010005b94        0x0 ../Lab8_bsp/\libhal_bsp.a(alt_dev.o)
 .bss           0x0000000010005b94        0x0 ../Lab8_bsp/\libhal_bsp.a(alt_dev_llist_insert.o)
 .bss           0x0000000010005b94        0x0 ../Lab8_bsp/\libhal_bsp.a(alt_do_ctors.o)
 .bss           0x0000000010005b94        0x0 ../Lab8_bsp/\libhal_bsp.a(alt_do_dtors.o)
 .bss           0x0000000010005b94        0x0 ../Lab8_bsp/\libhal_bsp.a(alt_errno.o)
 .bss           0x0000000010005b94        0x0 ../Lab8_bsp/\libhal_bsp.a(alt_exception_entry.o)
 .bss           0x0000000010005b94        0x0 ../Lab8_bsp/\libhal_bsp.a(alt_icache_flush_all.o)
 .bss           0x0000000010005b94        0x0 ../Lab8_bsp/\libhal_bsp.a(alt_io_redirect.o)
 .bss           0x0000000010005b94        0x0 ../Lab8_bsp/\libhal_bsp.a(alt_open.o)
 .bss           0x0000000010005b94        0x0 ../Lab8_bsp/\libhal_bsp.a(alt_release_fd.o)
 .bss           0x0000000010005b94        0x0 ../Lab8_bsp/\libhal_bsp.a(alt_tick.o)
 .bss           0x0000000010005b94        0x0 ../Lab8_bsp/\libhal_bsp.a(altera_nios2_qsys_irq.o)
 .bss           0x0000000010005b94        0x0 ../Lab8_bsp/\libhal_bsp.a(alt_find_dev.o)
 .bss           0x0000000010005b94        0x0 ../Lab8_bsp/\libhal_bsp.a(alt_find_file.o)
 .bss           0x0000000010005b94        0x0 ../Lab8_bsp/\libhal_bsp.a(alt_get_fd.o)
 .bss           0x0000000010005b94        0x0 ../Lab8_bsp/\libhal_bsp.a(alt_icache_flush.o)
 .bss           0x0000000010005b94        0x0 c:/intelfpga_lite/16.1/nios2eds/bin/gnu/h-x86_64-mingw32/bin/../lib/gcc/nios2-elf/5.3.0/../../../../../H-x86_64-mingw32/nios2-elf/lib\libc.a(lib_a-atexit.o)
 .bss           0x0000000010005b94        0x0 c:/intelfpga_lite/16.1/nios2eds/bin/gnu/h-x86_64-mingw32/bin/../lib/gcc/nios2-elf/5.3.0/../../../../../H-x86_64-mingw32/nios2-elf/lib\libc.a(lib_a-exit.o)
 .bss           0x0000000010005b94        0x0 c:/intelfpga_lite/16.1/nios2eds/bin/gnu/h-x86_64-mingw32/bin/../lib/gcc/nios2-elf/5.3.0/../../../../../H-x86_64-mingw32/nios2-elf/lib\libc.a(lib_a-int_errno.o)
 .bss           0x0000000010005b94        0x0 c:/intelfpga_lite/16.1/nios2eds/bin/gnu/h-x86_64-mingw32/bin/../lib/gcc/nios2-elf/5.3.0/../../../../../H-x86_64-mingw32/nios2-elf/lib\libc.a(lib_a-memcmp.o)
 .bss           0x0000000010005b94        0x0 c:/intelfpga_lite/16.1/nios2eds/bin/gnu/h-x86_64-mingw32/bin/../lib/gcc/nios2-elf/5.3.0/../../../../../H-x86_64-mingw32/nios2-elf/lib\libc.a(lib_a-memcpy.o)
 .bss           0x0000000010005b94        0x0 c:/intelfpga_lite/16.1/nios2eds/bin/gnu/h-x86_64-mingw32/bin/../lib/gcc/nios2-elf/5.3.0/../../../../../H-x86_64-mingw32/nios2-elf/lib\libc.a(lib_a-strlen.o)
 .bss           0x0000000010005b94        0x0 c:/intelfpga_lite/16.1/nios2eds/bin/gnu/h-x86_64-mingw32/bin/../lib/gcc/nios2-elf/5.3.0/../../../../../H-x86_64-mingw32/nios2-elf/lib\libc.a(lib_a-__atexit.o)
 .bss           0x0000000010005b94        0x0 c:/intelfpga_lite/16.1/nios2eds/bin/gnu/h-x86_64-mingw32/bin/../lib/gcc/nios2-elf/5.3.0/../../../../../H-x86_64-mingw32/nios2-elf/lib\libc.a(lib_a-__call_atexit.o)
 .bss           0x0000000010005b94        0x0 ../Lab8_bsp/\libhal_bsp.a(alt_exit.o)
 *(COMMON)
 COMMON         0x0000000010005b94      0x100 ../Lab8_bsp/\libhal_bsp.a(alt_irq_handler.o)
                0x0000000010005b94                alt_irq
                0x0000000010005c94                . = ALIGN (0x4)
                0x0000000010005c94                __bss_end = ABSOLUTE (.)

.On_Chip_Mem    0x0000000000000000        0x0 load address 0x0000000010005c94
                [!provide]                        PROVIDE (_alt_partition_On_Chip_Mem_start, ABSOLUTE (.))
 *(.On_Chip_Mem .On_Chip_Mem. On_Chip_Mem.*)
                0x0000000000000000                . = ALIGN (0x4)
                [!provide]                        PROVIDE (_alt_partition_On_Chip_Mem_end, ABSOLUTE (.))
                [!provide]                        PROVIDE (_alt_partition_On_Chip_Mem_load_addr, LOADADDR (.On_Chip_Mem))

.SDRAM          0x0000000010005c94        0x0
                [!provide]                        PROVIDE (_alt_partition_SDRAM_start, ABSOLUTE (.))
 *(.SDRAM .SDRAM. SDRAM.*)
                0x0000000010005c94                . = ALIGN (0x4)
                [!provide]                        PROVIDE (_alt_partition_SDRAM_end, ABSOLUTE (.))
                0x0000000010005c94                _end = ABSOLUTE (.)
                0x0000000010005c94                end = ABSOLUTE (.)
                0x0000000010005c94                __alt_stack_base = ABSOLUTE (.)
                [!provide]                        PROVIDE (_alt_partition_SDRAM_load_addr, LOADADDR (.SDRAM))

.stab
 *(.stab)

.stabstr
 *(.stabstr)

.stab.excl
 *(.stab.excl)

.stab.exclstr
 *(.stab.exclstr)

.stab.index
 *(.stab.index)

.stab.indexstr
 *(.stab.indexstr)

.comment        0x0000000000000000       0x23
 *(.comment)
 .comment       0x0000000000000000       0x23 obj/default/part1.o
                                         0x24 (size before relaxing)
 .comment       0x0000000000000023       0x24 obj/default/part2.o
 .comment       0x0000000000000023       0x24 c:/intelfpga_lite/16.1/nios2eds/bin/gnu/h-x86_64-mingw32/bin/../lib/gcc/nios2-elf/5.3.0\libgcc.a(lib2-divmod.o)
 .comment       0x0000000000000023       0x24 c:/intelfpga_lite/16.1/nios2eds/bin/gnu/h-x86_64-mingw32/bin/../lib/gcc/nios2-elf/5.3.0/../../../../../H-x86_64-mingw32/nios2-elf/lib\libc.a(lib_a-rand.o)
 .comment       0x0000000000000023       0x24 c:/intelfpga_lite/16.1/nios2eds/bin/gnu/h-x86_64-mingw32/bin/../lib/gcc/nios2-elf/5.3.0/../../../../../H-x86_64-mingw32/nios2-elf/lib\libc.a(lib_a-impure.o)
 .comment       0x0000000000000023       0x24 c:/intelfpga_lite/16.1/nios2eds/bin/gnu/h-x86_64-mingw32/bin/../lib/gcc/nios2-elf/5.3.0\libgcc.a(_muldi3.o)
 .comment       0x0000000000000023       0x24 ../Lab8_bsp/\libhal_bsp.a(alt_iic.o)
 .comment       0x0000000000000023       0x24 ../Lab8_bsp/\libhal_bsp.a(alt_iic_isr_register.o)
 .comment       0x0000000000000023       0x24 ../Lab8_bsp/\libhal_bsp.a(alt_irq_handler.o)
 .comment       0x0000000000000023       0x24 ../Lab8_bsp/\libhal_bsp.a(alt_irq_register.o)
 .comment       0x0000000000000023       0x24 ../Lab8_bsp/\libhal_bsp.a(alt_irq_vars.o)
 .comment       0x0000000000000023       0x24 ../Lab8_bsp/\libhal_bsp.a(alt_load.o)
 .comment       0x0000000000000023       0x24 ../Lab8_bsp/\libhal_bsp.a(alt_main.o)
 .comment       0x0000000000000023       0x24 ../Lab8_bsp/\libhal_bsp.a(alt_sys_init.o)
 .comment       0x0000000000000023       0x24 ../Lab8_bsp/\libhal_bsp.a(altera_avalon_jtag_uart_fd.o)
 .comment       0x0000000000000023       0x24 ../Lab8_bsp/\libhal_bsp.a(altera_avalon_jtag_uart_init.o)
 .comment       0x0000000000000023       0x24 ../Lab8_bsp/\libhal_bsp.a(altera_avalon_jtag_uart_ioctl.o)
 .comment       0x0000000000000023       0x24 ../Lab8_bsp/\libhal_bsp.a(altera_avalon_jtag_uart_read.o)
 .comment       0x0000000000000023       0x24 ../Lab8_bsp/\libhal_bsp.a(altera_avalon_jtag_uart_write.o)
 .comment       0x0000000000000023       0x24 ../Lab8_bsp/\libhal_bsp.a(altera_avalon_timer_sc.o)
 .comment       0x0000000000000023       0x24 ../Lab8_bsp/\libhal_bsp.a(alt_alarm_start.o)
 .comment       0x0000000000000023       0x24 ../Lab8_bsp/\libhal_bsp.a(alt_close.o)
 .comment       0x0000000000000023       0x24 ../Lab8_bsp/\libhal_bsp.a(alt_dcache_flush_all.o)
 .comment       0x0000000000000023       0x24 ../Lab8_bsp/\libhal_bsp.a(alt_dev.o)
 .comment       0x0000000000000023       0x24 ../Lab8_bsp/\libhal_bsp.a(alt_dev_llist_insert.o)
 .comment       0x0000000000000023       0x24 ../Lab8_bsp/\libhal_bsp.a(alt_do_ctors.o)
 .comment       0x0000000000000023       0x24 ../Lab8_bsp/\libhal_bsp.a(alt_do_dtors.o)
 .comment       0x0000000000000023       0x24 ../Lab8_bsp/\libhal_bsp.a(alt_errno.o)
 .comment       0x0000000000000023       0x24 ../Lab8_bsp/\libhal_bsp.a(alt_icache_flush_all.o)
 .comment       0x0000000000000023       0x24 ../Lab8_bsp/\libhal_bsp.a(alt_io_redirect.o)
 .comment       0x0000000000000023       0x24 ../Lab8_bsp/\libhal_bsp.a(alt_open.o)
 .comment       0x0000000000000023       0x24 ../Lab8_bsp/\libhal_bsp.a(alt_release_fd.o)
 .comment       0x0000000000000023       0x24 ../Lab8_bsp/\libhal_bsp.a(alt_tick.o)
 .comment       0x0000000000000023       0x24 ../Lab8_bsp/\libhal_bsp.a(altera_nios2_qsys_irq.o)
 .comment       0x0000000000000023       0x24 ../Lab8_bsp/\libhal_bsp.a(alt_find_dev.o)
 .comment       0x0000000000000023       0x24 ../Lab8_bsp/\libhal_bsp.a(alt_find_file.o)
 .comment       0x0000000000000023       0x24 ../Lab8_bsp/\libhal_bsp.a(alt_get_fd.o)
 .comment       0x0000000000000023       0x24 ../Lab8_bsp/\libhal_bsp.a(alt_icache_flush.o)
 .comment       0x0000000000000023       0x24 c:/intelfpga_lite/16.1/nios2eds/bin/gnu/h-x86_64-mingw32/bin/../lib/gcc/nios2-elf/5.3.0/../../../../../H-x86_64-mingw32/nios2-elf/lib\libc.a(lib_a-atexit.o)
 .comment       0x0000000000000023       0x24 c:/intelfpga_lite/16.1/nios2eds/bin/gnu/h-x86_64-mingw32/bin/../lib/gcc/nios2-elf/5.3.0/../../../../../H-x86_64-mingw32/nios2-elf/lib\libc.a(lib_a-exit.o)
 .comment       0x0000000000000023       0x24 c:/intelfpga_lite/16.1/nios2eds/bin/gnu/h-x86_64-mingw32/bin/../lib/gcc/nios2-elf/5.3.0/../../../../../H-x86_64-mingw32/nios2-elf/lib\libc.a(lib_a-int_errno.o)
 .comment       0x0000000000000023       0x24 c:/intelfpga_lite/16.1/nios2eds/bin/gnu/h-x86_64-mingw32/bin/../lib/gcc/nios2-elf/5.3.0/../../../../../H-x86_64-mingw32/nios2-elf/lib\libc.a(lib_a-memcmp.o)
 .comment       0x0000000000000023       0x24 c:/intelfpga_lite/16.1/nios2eds/bin/gnu/h-x86_64-mingw32/bin/../lib/gcc/nios2-elf/5.3.0/../../../../../H-x86_64-mingw32/nios2-elf/lib\libc.a(lib_a-memcpy.o)
 .comment       0x0000000000000023       0x24 c:/intelfpga_lite/16.1/nios2eds/bin/gnu/h-x86_64-mingw32/bin/../lib/gcc/nios2-elf/5.3.0/../../../../../H-x86_64-mingw32/nios2-elf/lib\libc.a(lib_a-strlen.o)
 .comment       0x0000000000000023       0x24 c:/intelfpga_lite/16.1/nios2eds/bin/gnu/h-x86_64-mingw32/bin/../lib/gcc/nios2-elf/5.3.0/../../../../../H-x86_64-mingw32/nios2-elf/lib\libc.a(lib_a-__atexit.o)
 .comment       0x0000000000000023       0x24 c:/intelfpga_lite/16.1/nios2eds/bin/gnu/h-x86_64-mingw32/bin/../lib/gcc/nios2-elf/5.3.0/../../../../../H-x86_64-mingw32/nios2-elf/lib\libc.a(lib_a-__call_atexit.o)
 .comment       0x0000000000000023       0x24 ../Lab8_bsp/\libhal_bsp.a(alt_exit.o)

.debug
 *(.debug)

.line
 *(.line)

.debug_srcinfo
 *(.debug_srcinfo)

.debug_sfnames
 *(.debug_sfnames)

.debug_aranges  0x0000000000000000      0x638
 *(.debug_aranges)
 .debug_aranges
                0x0000000000000000       0x28 ../Lab8_bsp//obj/HAL/src/crt0.o
 .debug_aranges
                0x0000000000000028       0x20 obj/default/part1.o
 .debug_aranges
                0x0000000000000048       0x20 c:/intelfpga_lite/16.1/nios2eds/bin/gnu/h-x86_64-mingw32/bin/../lib/gcc/nios2-elf/5.3.0\libgcc.a(lib2-divmod.o)
 .debug_aranges
                0x0000000000000068       0x28 c:/intelfpga_lite/16.1/nios2eds/bin/gnu/h-x86_64-mingw32/bin/../lib/gcc/nios2-elf/5.3.0/../../../../../H-x86_64-mingw32/nios2-elf/lib\libc.a(lib_a-rand.o)
 .debug_aranges
                0x0000000000000090       0x18 c:/intelfpga_lite/16.1/nios2eds/bin/gnu/h-x86_64-mingw32/bin/../lib/gcc/nios2-elf/5.3.0/../../../../../H-x86_64-mingw32/nios2-elf/lib\libc.a(lib_a-impure.o)
 .debug_aranges
                0x00000000000000a8       0x20 c:/intelfpga_lite/16.1/nios2eds/bin/gnu/h-x86_64-mingw32/bin/../lib/gcc/nios2-elf/5.3.0\libgcc.a(_muldi3.o)
 .debug_aranges
                0x00000000000000c8       0x20 ../Lab8_bsp/\libhal_bsp.a(alt_iic.o)
 .debug_aranges
                0x00000000000000e8       0x20 ../Lab8_bsp/\libhal_bsp.a(alt_iic_isr_register.o)
 .debug_aranges
                0x0000000000000108       0x30 ../Lab8_bsp/\libhal_bsp.a(alt_irq_entry.o)
 .debug_aranges
                0x0000000000000138       0x20 ../Lab8_bsp/\libhal_bsp.a(alt_irq_handler.o)
 .debug_aranges
                0x0000000000000158       0x20 ../Lab8_bsp/\libhal_bsp.a(alt_irq_register.o)
 .debug_aranges
                0x0000000000000178       0x18 ../Lab8_bsp/\libhal_bsp.a(alt_irq_vars.o)
 .debug_aranges
                0x0000000000000190       0x20 ../Lab8_bsp/\libhal_bsp.a(alt_load.o)
 .debug_aranges
                0x00000000000001b0       0x20 ../Lab8_bsp/\libhal_bsp.a(alt_main.o)
 .debug_aranges
                0x00000000000001d0       0x20 ../Lab8_bsp/\libhal_bsp.a(alt_sys_init.o)
 .debug_aranges
                0x00000000000001f0       0x20 ../Lab8_bsp/\libhal_bsp.a(altera_avalon_jtag_uart_fd.o)
 .debug_aranges
                0x0000000000000210       0x20 ../Lab8_bsp/\libhal_bsp.a(altera_avalon_jtag_uart_init.o)
 .debug_aranges
                0x0000000000000230       0x20 ../Lab8_bsp/\libhal_bsp.a(altera_avalon_jtag_uart_ioctl.o)
 .debug_aranges
                0x0000000000000250       0x20 ../Lab8_bsp/\libhal_bsp.a(altera_avalon_jtag_uart_read.o)
 .debug_aranges
                0x0000000000000270       0x20 ../Lab8_bsp/\libhal_bsp.a(altera_avalon_jtag_uart_write.o)
 .debug_aranges
                0x0000000000000290       0x20 ../Lab8_bsp/\libhal_bsp.a(altera_avalon_timer_sc.o)
 .debug_aranges
                0x00000000000002b0       0x20 ../Lab8_bsp/\libhal_bsp.a(alt_alarm_start.o)
 .debug_aranges
                0x00000000000002d0       0x20 ../Lab8_bsp/\libhal_bsp.a(alt_close.o)
 .debug_aranges
                0x00000000000002f0       0x20 ../Lab8_bsp/\libhal_bsp.a(alt_dcache_flush_all.o)
 .debug_aranges
                0x0000000000000310       0x20 ../Lab8_bsp/\libhal_bsp.a(alt_dev.o)
 .debug_aranges
                0x0000000000000330       0x20 ../Lab8_bsp/\libhal_bsp.a(alt_dev_llist_insert.o)
 .debug_aranges
                0x0000000000000350       0x20 ../Lab8_bsp/\libhal_bsp.a(alt_do_ctors.o)
 .debug_aranges
                0x0000000000000370       0x20 ../Lab8_bsp/\libhal_bsp.a(alt_do_dtors.o)
 .debug_aranges
                0x0000000000000390       0x18 ../Lab8_bsp/\libhal_bsp.a(alt_errno.o)
 .debug_aranges
                0x00000000000003a8       0x38 ../Lab8_bsp/\libhal_bsp.a(alt_exception_entry.o)
 .debug_aranges
                0x00000000000003e0       0x20 ../Lab8_bsp/\libhal_bsp.a(alt_icache_flush_all.o)
 .debug_aranges
                0x0000000000000400       0x20 ../Lab8_bsp/\libhal_bsp.a(alt_io_redirect.o)
 .debug_aranges
                0x0000000000000420       0x20 ../Lab8_bsp/\libhal_bsp.a(alt_open.o)
 .debug_aranges
                0x0000000000000440       0x20 ../Lab8_bsp/\libhal_bsp.a(alt_release_fd.o)
 .debug_aranges
                0x0000000000000460       0x20 ../Lab8_bsp/\libhal_bsp.a(alt_tick.o)
 .debug_aranges
                0x0000000000000480       0x20 ../Lab8_bsp/\libhal_bsp.a(altera_nios2_qsys_irq.o)
 .debug_aranges
                0x00000000000004a0       0x20 ../Lab8_bsp/\libhal_bsp.a(alt_find_dev.o)
 .debug_aranges
                0x00000000000004c0       0x20 ../Lab8_bsp/\libhal_bsp.a(alt_find_file.o)
 .debug_aranges
                0x00000000000004e0       0x20 ../Lab8_bsp/\libhal_bsp.a(alt_get_fd.o)
 .debug_aranges
                0x0000000000000500       0x20 ../Lab8_bsp/\libhal_bsp.a(alt_icache_flush.o)
 .debug_aranges
                0x0000000000000520       0x20 c:/intelfpga_lite/16.1/nios2eds/bin/gnu/h-x86_64-mingw32/bin/../lib/gcc/nios2-elf/5.3.0/../../../../../H-x86_64-mingw32/nios2-elf/lib\libc.a(lib_a-atexit.o)
 .debug_aranges
                0x0000000000000540       0x20 c:/intelfpga_lite/16.1/nios2eds/bin/gnu/h-x86_64-mingw32/bin/../lib/gcc/nios2-elf/5.3.0/../../../../../H-x86_64-mingw32/nios2-elf/lib\libc.a(lib_a-exit.o)
 .debug_aranges
                0x0000000000000560       0x18 c:/intelfpga_lite/16.1/nios2eds/bin/gnu/h-x86_64-mingw32/bin/../lib/gcc/nios2-elf/5.3.0/../../../../../H-x86_64-mingw32/nios2-elf/lib\libc.a(lib_a-int_errno.o)
 .debug_aranges
                0x0000000000000578       0x20 c:/intelfpga_lite/16.1/nios2eds/bin/gnu/h-x86_64-mingw32/bin/../lib/gcc/nios2-elf/5.3.0/../../../../../H-x86_64-mingw32/nios2-elf/lib\libc.a(lib_a-memcmp.o)
 .debug_aranges
                0x0000000000000598       0x20 c:/intelfpga_lite/16.1/nios2eds/bin/gnu/h-x86_64-mingw32/bin/../lib/gcc/nios2-elf/5.3.0/../../../../../H-x86_64-mingw32/nios2-elf/lib\libc.a(lib_a-memcpy.o)
 .debug_aranges
                0x00000000000005b8       0x20 c:/intelfpga_lite/16.1/nios2eds/bin/gnu/h-x86_64-mingw32/bin/../lib/gcc/nios2-elf/5.3.0/../../../../../H-x86_64-mingw32/nios2-elf/lib\libc.a(lib_a-strlen.o)
 .debug_aranges
                0x00000000000005d8       0x20 c:/intelfpga_lite/16.1/nios2eds/bin/gnu/h-x86_64-mingw32/bin/../lib/gcc/nios2-elf/5.3.0/../../../../../H-x86_64-mingw32/nios2-elf/lib\libc.a(lib_a-__atexit.o)
 .debug_aranges
                0x00000000000005f8       0x20 c:/intelfpga_lite/16.1/nios2eds/bin/gnu/h-x86_64-mingw32/bin/../lib/gcc/nios2-elf/5.3.0/../../../../../H-x86_64-mingw32/nios2-elf/lib\libc.a(lib_a-__call_atexit.o)
 .debug_aranges
                0x0000000000000618       0x20 ../Lab8_bsp/\libhal_bsp.a(alt_exit.o)

.debug_pubnames
 *(.debug_pubnames)

.debug_info     0x0000000000000000     0x8832
 *(.debug_info .gnu.linkonce.wi.*)
 .debug_info    0x0000000000000000       0x62 ../Lab8_bsp//obj/HAL/src/crt0.o
 .debug_info    0x0000000000000062      0x2d5 obj/default/part1.o
 .debug_info    0x0000000000000337      0x2c6 c:/intelfpga_lite/16.1/nios2eds/bin/gnu/h-x86_64-mingw32/bin/../lib/gcc/nios2-elf/5.3.0\libgcc.a(lib2-divmod.o)
 .debug_info    0x00000000000005fd      0x8d7 c:/intelfpga_lite/16.1/nios2eds/bin/gnu/h-x86_64-mingw32/bin/../lib/gcc/nios2-elf/5.3.0/../../../../../H-x86_64-mingw32/nios2-elf/lib\libc.a(lib_a-rand.o)
 .debug_info    0x0000000000000ed4      0x8a1 c:/intelfpga_lite/16.1/nios2eds/bin/gnu/h-x86_64-mingw32/bin/../lib/gcc/nios2-elf/5.3.0/../../../../../H-x86_64-mingw32/nios2-elf/lib\libc.a(lib_a-impure.o)
 .debug_info    0x0000000000001775      0x1eb c:/intelfpga_lite/16.1/nios2eds/bin/gnu/h-x86_64-mingw32/bin/../lib/gcc/nios2-elf/5.3.0\libgcc.a(_muldi3.o)
 .debug_info    0x0000000000001960      0x350 ../Lab8_bsp/\libhal_bsp.a(alt_iic.o)
 .debug_info    0x0000000000001cb0      0x1ef ../Lab8_bsp/\libhal_bsp.a(alt_iic_isr_register.o)
 .debug_info    0x0000000000001e9f       0x6b ../Lab8_bsp/\libhal_bsp.a(alt_irq_entry.o)
 .debug_info    0x0000000000001f0a      0x187 ../Lab8_bsp/\libhal_bsp.a(alt_irq_handler.o)
 .debug_info    0x0000000000002091      0x324 ../Lab8_bsp/\libhal_bsp.a(alt_irq_register.o)
 .debug_info    0x00000000000023b5       0x88 ../Lab8_bsp/\libhal_bsp.a(alt_irq_vars.o)
 .debug_info    0x000000000000243d      0x145 ../Lab8_bsp/\libhal_bsp.a(alt_load.o)
 .debug_info    0x0000000000002582      0x131 ../Lab8_bsp/\libhal_bsp.a(alt_main.o)
 .debug_info    0x00000000000026b3      0x4d9 ../Lab8_bsp/\libhal_bsp.a(alt_sys_init.o)
 .debug_info    0x0000000000002b8c      0x52e ../Lab8_bsp/\libhal_bsp.a(altera_avalon_jtag_uart_fd.o)
 .debug_info    0x00000000000030ba      0x3a0 ../Lab8_bsp/\libhal_bsp.a(altera_avalon_jtag_uart_init.o)
 .debug_info    0x000000000000345a      0x280 ../Lab8_bsp/\libhal_bsp.a(altera_avalon_jtag_uart_ioctl.o)
 .debug_info    0x00000000000036da      0x345 ../Lab8_bsp/\libhal_bsp.a(altera_avalon_jtag_uart_read.o)
 .debug_info    0x0000000000003a1f      0x340 ../Lab8_bsp/\libhal_bsp.a(altera_avalon_jtag_uart_write.o)
 .debug_info    0x0000000000003d5f      0x226 ../Lab8_bsp/\libhal_bsp.a(altera_avalon_timer_sc.o)
 .debug_info    0x0000000000003f85      0x2cc ../Lab8_bsp/\libhal_bsp.a(alt_alarm_start.o)
 .debug_info    0x0000000000004251      0x321 ../Lab8_bsp/\libhal_bsp.a(alt_close.o)
 .debug_info    0x0000000000004572       0xa5 ../Lab8_bsp/\libhal_bsp.a(alt_dcache_flush_all.o)
 .debug_info    0x0000000000004617      0x49c ../Lab8_bsp/\libhal_bsp.a(alt_dev.o)
 .debug_info    0x0000000000004ab3      0x1a9 ../Lab8_bsp/\libhal_bsp.a(alt_dev_llist_insert.o)
 .debug_info    0x0000000000004c5c       0x83 ../Lab8_bsp/\libhal_bsp.a(alt_do_ctors.o)
 .debug_info    0x0000000000004cdf       0x83 ../Lab8_bsp/\libhal_bsp.a(alt_do_dtors.o)
 .debug_info    0x0000000000004d62       0xa6 ../Lab8_bsp/\libhal_bsp.a(alt_errno.o)
 .debug_info    0x0000000000004e08       0x71 ../Lab8_bsp/\libhal_bsp.a(alt_exception_entry.o)
 .debug_info    0x0000000000004e79       0x92 ../Lab8_bsp/\libhal_bsp.a(alt_icache_flush_all.o)
 .debug_info    0x0000000000004f0b      0x4a5 ../Lab8_bsp/\libhal_bsp.a(alt_io_redirect.o)
 .debug_info    0x00000000000053b0      0x3bb ../Lab8_bsp/\libhal_bsp.a(alt_open.o)
 .debug_info    0x000000000000576b      0x2b0 ../Lab8_bsp/\libhal_bsp.a(alt_release_fd.o)
 .debug_info    0x0000000000005a1b      0x299 ../Lab8_bsp/\libhal_bsp.a(alt_tick.o)
 .debug_info    0x0000000000005cb4       0x92 ../Lab8_bsp/\libhal_bsp.a(altera_nios2_qsys_irq.o)
 .debug_info    0x0000000000005d46      0x2e9 ../Lab8_bsp/\libhal_bsp.a(alt_find_dev.o)
 .debug_info    0x000000000000602f      0x2e6 ../Lab8_bsp/\libhal_bsp.a(alt_find_file.o)
 .debug_info    0x0000000000006315      0x310 ../Lab8_bsp/\libhal_bsp.a(alt_get_fd.o)
 .debug_info    0x0000000000006625       0xdc ../Lab8_bsp/\libhal_bsp.a(alt_icache_flush.o)
 .debug_info    0x0000000000006701       0xfe c:/intelfpga_lite/16.1/nios2eds/bin/gnu/h-x86_64-mingw32/bin/../lib/gcc/nios2-elf/5.3.0/../../../../../H-x86_64-mingw32/nios2-elf/lib\libc.a(lib_a-atexit.o)
 .debug_info    0x00000000000067ff      0x8e4 c:/intelfpga_lite/16.1/nios2eds/bin/gnu/h-x86_64-mingw32/bin/../lib/gcc/nios2-elf/5.3.0/../../../../../H-x86_64-mingw32/nios2-elf/lib\libc.a(lib_a-exit.o)
 .debug_info    0x00000000000070e3       0x8a c:/intelfpga_lite/16.1/nios2eds/bin/gnu/h-x86_64-mingw32/bin/../lib/gcc/nios2-elf/5.3.0/../../../../../H-x86_64-mingw32/nios2-elf/lib\libc.a(lib_a-int_errno.o)
 .debug_info    0x000000000000716d      0x11a c:/intelfpga_lite/16.1/nios2eds/bin/gnu/h-x86_64-mingw32/bin/../lib/gcc/nios2-elf/5.3.0/../../../../../H-x86_64-mingw32/nios2-elf/lib\libc.a(lib_a-memcmp.o)
 .debug_info    0x0000000000007287      0x144 c:/intelfpga_lite/16.1/nios2eds/bin/gnu/h-x86_64-mingw32/bin/../lib/gcc/nios2-elf/5.3.0/../../../../../H-x86_64-mingw32/nios2-elf/lib\libc.a(lib_a-memcpy.o)
 .debug_info    0x00000000000073cb       0xe2 c:/intelfpga_lite/16.1/nios2eds/bin/gnu/h-x86_64-mingw32/bin/../lib/gcc/nios2-elf/5.3.0/../../../../../H-x86_64-mingw32/nios2-elf/lib\libc.a(lib_a-strlen.o)
 .debug_info    0x00000000000074ad      0x934 c:/intelfpga_lite/16.1/nios2eds/bin/gnu/h-x86_64-mingw32/bin/../lib/gcc/nios2-elf/5.3.0/../../../../../H-x86_64-mingw32/nios2-elf/lib\libc.a(lib_a-__atexit.o)
 .debug_info    0x0000000000007de1      0x965 c:/intelfpga_lite/16.1/nios2eds/bin/gnu/h-x86_64-mingw32/bin/../lib/gcc/nios2-elf/5.3.0/../../../../../H-x86_64-mingw32/nios2-elf/lib\libc.a(lib_a-__call_atexit.o)
 .debug_info    0x0000000000008746       0xec ../Lab8_bsp/\libhal_bsp.a(alt_exit.o)

.debug_abbrev   0x0000000000000000     0x3033
 *(.debug_abbrev)
 .debug_abbrev  0x0000000000000000       0x12 ../Lab8_bsp//obj/HAL/src/crt0.o
 .debug_abbrev  0x0000000000000012      0x169 obj/default/part1.o
 .debug_abbrev  0x000000000000017b      0x10e c:/intelfpga_lite/16.1/nios2eds/bin/gnu/h-x86_64-mingw32/bin/../lib/gcc/nios2-elf/5.3.0\libgcc.a(lib2-divmod.o)
 .debug_abbrev  0x0000000000000289      0x1e5 c:/intelfpga_lite/16.1/nios2eds/bin/gnu/h-x86_64-mingw32/bin/../lib/gcc/nios2-elf/5.3.0/../../../../../H-x86_64-mingw32/nios2-elf/lib\libc.a(lib_a-rand.o)
 .debug_abbrev  0x000000000000046e      0x18f c:/intelfpga_lite/16.1/nios2eds/bin/gnu/h-x86_64-mingw32/bin/../lib/gcc/nios2-elf/5.3.0/../../../../../H-x86_64-mingw32/nios2-elf/lib\libc.a(lib_a-impure.o)
 .debug_abbrev  0x00000000000005fd       0xef c:/intelfpga_lite/16.1/nios2eds/bin/gnu/h-x86_64-mingw32/bin/../lib/gcc/nios2-elf/5.3.0\libgcc.a(_muldi3.o)
 .debug_abbrev  0x00000000000006ec      0x163 ../Lab8_bsp/\libhal_bsp.a(alt_iic.o)
 .debug_abbrev  0x000000000000084f      0x169 ../Lab8_bsp/\libhal_bsp.a(alt_iic_isr_register.o)
 .debug_abbrev  0x00000000000009b8       0x12 ../Lab8_bsp/\libhal_bsp.a(alt_irq_entry.o)
 .debug_abbrev  0x00000000000009ca      0x122 ../Lab8_bsp/\libhal_bsp.a(alt_irq_handler.o)
 .debug_abbrev  0x0000000000000aec      0x186 ../Lab8_bsp/\libhal_bsp.a(alt_irq_register.o)
 .debug_abbrev  0x0000000000000c72       0x40 ../Lab8_bsp/\libhal_bsp.a(alt_irq_vars.o)
 .debug_abbrev  0x0000000000000cb2       0x9f ../Lab8_bsp/\libhal_bsp.a(alt_load.o)
 .debug_abbrev  0x0000000000000d51       0xba ../Lab8_bsp/\libhal_bsp.a(alt_main.o)
 .debug_abbrev  0x0000000000000e0b      0x187 ../Lab8_bsp/\libhal_bsp.a(alt_sys_init.o)
 .debug_abbrev  0x0000000000000f92      0x127 ../Lab8_bsp/\libhal_bsp.a(altera_avalon_jtag_uart_fd.o)
 .debug_abbrev  0x00000000000010b9      0x19e ../Lab8_bsp/\libhal_bsp.a(altera_avalon_jtag_uart_init.o)
 .debug_abbrev  0x0000000000001257      0x111 ../Lab8_bsp/\libhal_bsp.a(altera_avalon_jtag_uart_ioctl.o)
 .debug_abbrev  0x0000000000001368      0x1aa ../Lab8_bsp/\libhal_bsp.a(altera_avalon_jtag_uart_read.o)
 .debug_abbrev  0x0000000000001512      0x1a8 ../Lab8_bsp/\libhal_bsp.a(altera_avalon_jtag_uart_write.o)
 .debug_abbrev  0x00000000000016ba      0x155 ../Lab8_bsp/\libhal_bsp.a(altera_avalon_timer_sc.o)
 .debug_abbrev  0x000000000000180f      0x162 ../Lab8_bsp/\libhal_bsp.a(alt_alarm_start.o)
 .debug_abbrev  0x0000000000001971      0x11f ../Lab8_bsp/\libhal_bsp.a(alt_close.o)
 .debug_abbrev  0x0000000000001a90       0x5a ../Lab8_bsp/\libhal_bsp.a(alt_dcache_flush_all.o)
 .debug_abbrev  0x0000000000001aea       0xd9 ../Lab8_bsp/\libhal_bsp.a(alt_dev.o)
 .debug_abbrev  0x0000000000001bc3      0x114 ../Lab8_bsp/\libhal_bsp.a(alt_dev_llist_insert.o)
 .debug_abbrev  0x0000000000001cd7       0x79 ../Lab8_bsp/\libhal_bsp.a(alt_do_ctors.o)
 .debug_abbrev  0x0000000000001d50       0x79 ../Lab8_bsp/\libhal_bsp.a(alt_do_dtors.o)
 .debug_abbrev  0x0000000000001dc9       0x5a ../Lab8_bsp/\libhal_bsp.a(alt_errno.o)
 .debug_abbrev  0x0000000000001e23       0x12 ../Lab8_bsp/\libhal_bsp.a(alt_exception_entry.o)
 .debug_abbrev  0x0000000000001e35       0x42 ../Lab8_bsp/\libhal_bsp.a(alt_icache_flush_all.o)
 .debug_abbrev  0x0000000000001e77      0x114 ../Lab8_bsp/\libhal_bsp.a(alt_io_redirect.o)
 .debug_abbrev  0x0000000000001f8b      0x148 ../Lab8_bsp/\libhal_bsp.a(alt_open.o)
 .debug_abbrev  0x00000000000020d3       0xde ../Lab8_bsp/\libhal_bsp.a(alt_release_fd.o)
 .debug_abbrev  0x00000000000021b1      0x15a ../Lab8_bsp/\libhal_bsp.a(alt_tick.o)
 .debug_abbrev  0x000000000000230b       0x42 ../Lab8_bsp/\libhal_bsp.a(altera_nios2_qsys_irq.o)
 .debug_abbrev  0x000000000000234d       0xf0 ../Lab8_bsp/\libhal_bsp.a(alt_find_dev.o)
 .debug_abbrev  0x000000000000243d       0xf0 ../Lab8_bsp/\libhal_bsp.a(alt_find_file.o)
 .debug_abbrev  0x000000000000252d      0x10d ../Lab8_bsp/\libhal_bsp.a(alt_get_fd.o)
 .debug_abbrev  0x000000000000263a       0x8c ../Lab8_bsp/\libhal_bsp.a(alt_icache_flush.o)
 .debug_abbrev  0x00000000000026c6       0xaa c:/intelfpga_lite/16.1/nios2eds/bin/gnu/h-x86_64-mingw32/bin/../lib/gcc/nios2-elf/5.3.0/../../../../../H-x86_64-mingw32/nios2-elf/lib\libc.a(lib_a-atexit.o)
 .debug_abbrev  0x0000000000002770      0x1e5 c:/intelfpga_lite/16.1/nios2eds/bin/gnu/h-x86_64-mingw32/bin/../lib/gcc/nios2-elf/5.3.0/../../../../../H-x86_64-mingw32/nios2-elf/lib\libc.a(lib_a-exit.o)
 .debug_abbrev  0x0000000000002955       0x37 c:/intelfpga_lite/16.1/nios2eds/bin/gnu/h-x86_64-mingw32/bin/../lib/gcc/nios2-elf/5.3.0/../../../../../H-x86_64-mingw32/nios2-elf/lib\libc.a(lib_a-int_errno.o)
 .debug_abbrev  0x000000000000298c       0x7f c:/intelfpga_lite/16.1/nios2eds/bin/gnu/h-x86_64-mingw32/bin/../lib/gcc/nios2-elf/5.3.0/../../../../../H-x86_64-mingw32/nios2-elf/lib\libc.a(lib_a-memcmp.o)
 .debug_abbrev  0x0000000000002a0b       0xa3 c:/intelfpga_lite/16.1/nios2eds/bin/gnu/h-x86_64-mingw32/bin/../lib/gcc/nios2-elf/5.3.0/../../../../../H-x86_64-mingw32/nios2-elf/lib\libc.a(lib_a-memcpy.o)
 .debug_abbrev  0x0000000000002aae       0x90 c:/intelfpga_lite/16.1/nios2eds/bin/gnu/h-x86_64-mingw32/bin/../lib/gcc/nios2-elf/5.3.0/../../../../../H-x86_64-mingw32/nios2-elf/lib\libc.a(lib_a-strlen.o)
 .debug_abbrev  0x0000000000002b3e      0x21e c:/intelfpga_lite/16.1/nios2eds/bin/gnu/h-x86_64-mingw32/bin/../lib/gcc/nios2-elf/5.3.0/../../../../../H-x86_64-mingw32/nios2-elf/lib\libc.a(lib_a-__atexit.o)
 .debug_abbrev  0x0000000000002d5c      0x22e c:/intelfpga_lite/16.1/nios2eds/bin/gnu/h-x86_64-mingw32/bin/../lib/gcc/nios2-elf/5.3.0/../../../../../H-x86_64-mingw32/nios2-elf/lib\libc.a(lib_a-__call_atexit.o)
 .debug_abbrev  0x0000000000002f8a       0xa9 ../Lab8_bsp/\libhal_bsp.a(alt_exit.o)

.debug_line     0x0000000000000000     0x2f26
 *(.debug_line)
 .debug_line    0x0000000000000000       0x72 ../Lab8_bsp//obj/HAL/src/crt0.o
 .debug_line    0x0000000000000072       0xf0 obj/default/part1.o
 .debug_line    0x0000000000000162        0x0 obj/default/part2.o
 .debug_line    0x0000000000000162      0x102 c:/intelfpga_lite/16.1/nios2eds/bin/gnu/h-x86_64-mingw32/bin/../lib/gcc/nios2-elf/5.3.0\libgcc.a(lib2-divmod.o)
 .debug_line    0x0000000000000264      0x1f5 c:/intelfpga_lite/16.1/nios2eds/bin/gnu/h-x86_64-mingw32/bin/../lib/gcc/nios2-elf/5.3.0/../../../../../H-x86_64-mingw32/nios2-elf/lib\libc.a(lib_a-rand.o)
 .debug_line    0x0000000000000459      0x15d c:/intelfpga_lite/16.1/nios2eds/bin/gnu/h-x86_64-mingw32/bin/../lib/gcc/nios2-elf/5.3.0/../../../../../H-x86_64-mingw32/nios2-elf/lib\libc.a(lib_a-impure.o)
 .debug_line    0x00000000000005b6       0x86 c:/intelfpga_lite/16.1/nios2eds/bin/gnu/h-x86_64-mingw32/bin/../lib/gcc/nios2-elf/5.3.0\libgcc.a(_muldi3.o)
 .debug_line    0x000000000000063c       0xeb ../Lab8_bsp/\libhal_bsp.a(alt_iic.o)
 .debug_line    0x0000000000000727       0xdb ../Lab8_bsp/\libhal_bsp.a(alt_iic_isr_register.o)
 .debug_line    0x0000000000000802       0x6b ../Lab8_bsp/\libhal_bsp.a(alt_irq_entry.o)
 .debug_line    0x000000000000086d       0xaa ../Lab8_bsp/\libhal_bsp.a(alt_irq_handler.o)
 .debug_line    0x0000000000000917      0x155 ../Lab8_bsp/\libhal_bsp.a(alt_irq_register.o)
 .debug_line    0x0000000000000a6c       0x50 ../Lab8_bsp/\libhal_bsp.a(alt_irq_vars.o)
 .debug_line    0x0000000000000abc       0x8e ../Lab8_bsp/\libhal_bsp.a(alt_load.o)
 .debug_line    0x0000000000000b4a       0xa4 ../Lab8_bsp/\libhal_bsp.a(alt_main.o)
 .debug_line    0x0000000000000bee      0x152 ../Lab8_bsp/\libhal_bsp.a(alt_sys_init.o)
 .debug_line    0x0000000000000d40      0x12f ../Lab8_bsp/\libhal_bsp.a(altera_avalon_jtag_uart_fd.o)
 .debug_line    0x0000000000000e6f      0x18b ../Lab8_bsp/\libhal_bsp.a(altera_avalon_jtag_uart_init.o)
 .debug_line    0x0000000000000ffa      0x131 ../Lab8_bsp/\libhal_bsp.a(altera_avalon_jtag_uart_ioctl.o)
 .debug_line    0x000000000000112b      0x171 ../Lab8_bsp/\libhal_bsp.a(altera_avalon_jtag_uart_read.o)
 .debug_line    0x000000000000129c      0x170 ../Lab8_bsp/\libhal_bsp.a(altera_avalon_jtag_uart_write.o)
 .debug_line    0x000000000000140c       0xfd ../Lab8_bsp/\libhal_bsp.a(altera_avalon_timer_sc.o)
 .debug_line    0x0000000000001509       0xf9 ../Lab8_bsp/\libhal_bsp.a(alt_alarm_start.o)
 .debug_line    0x0000000000001602      0x165 ../Lab8_bsp/\libhal_bsp.a(alt_close.o)
 .debug_line    0x0000000000001767       0x61 ../Lab8_bsp/\libhal_bsp.a(alt_dcache_flush_all.o)
 .debug_line    0x00000000000017c8       0xf8 ../Lab8_bsp/\libhal_bsp.a(alt_dev.o)
 .debug_line    0x00000000000018c0       0xcf ../Lab8_bsp/\libhal_bsp.a(alt_dev_llist_insert.o)
 .debug_line    0x000000000000198f       0x59 ../Lab8_bsp/\libhal_bsp.a(alt_do_ctors.o)
 .debug_line    0x00000000000019e8       0x59 ../Lab8_bsp/\libhal_bsp.a(alt_do_dtors.o)
 .debug_line    0x0000000000001a41       0x51 ../Lab8_bsp/\libhal_bsp.a(alt_errno.o)
 .debug_line    0x0000000000001a92       0xab ../Lab8_bsp/\libhal_bsp.a(alt_exception_entry.o)
 .debug_line    0x0000000000001b3d       0x50 ../Lab8_bsp/\libhal_bsp.a(alt_icache_flush_all.o)
 .debug_line    0x0000000000001b8d      0x133 ../Lab8_bsp/\libhal_bsp.a(alt_io_redirect.o)
 .debug_line    0x0000000000001cc0      0x128 ../Lab8_bsp/\libhal_bsp.a(alt_open.o)
 .debug_line    0x0000000000001de8       0xae ../Lab8_bsp/\libhal_bsp.a(alt_release_fd.o)
 .debug_line    0x0000000000001e96       0xff ../Lab8_bsp/\libhal_bsp.a(alt_tick.o)
 .debug_line    0x0000000000001f95       0x51 ../Lab8_bsp/\libhal_bsp.a(altera_nios2_qsys_irq.o)
 .debug_line    0x0000000000001fe6       0xb5 ../Lab8_bsp/\libhal_bsp.a(alt_find_dev.o)
 .debug_line    0x000000000000209b       0xd1 ../Lab8_bsp/\libhal_bsp.a(alt_find_file.o)
 .debug_line    0x000000000000216c       0xd4 ../Lab8_bsp/\libhal_bsp.a(alt_get_fd.o)
 .debug_line    0x0000000000002240       0x81 ../Lab8_bsp/\libhal_bsp.a(alt_icache_flush.o)
 .debug_line    0x00000000000022c1       0xe4 c:/intelfpga_lite/16.1/nios2eds/bin/gnu/h-x86_64-mingw32/bin/../lib/gcc/nios2-elf/5.3.0/../../../../../H-x86_64-mingw32/nios2-elf/lib\libc.a(lib_a-atexit.o)
 .debug_line    0x00000000000023a5      0x1f9 c:/intelfpga_lite/16.1/nios2eds/bin/gnu/h-x86_64-mingw32/bin/../lib/gcc/nios2-elf/5.3.0/../../../../../H-x86_64-mingw32/nios2-elf/lib\libc.a(lib_a-exit.o)
 .debug_line    0x000000000000259e       0x5c c:/intelfpga_lite/16.1/nios2eds/bin/gnu/h-x86_64-mingw32/bin/../lib/gcc/nios2-elf/5.3.0/../../../../../H-x86_64-mingw32/nios2-elf/lib\libc.a(lib_a-int_errno.o)
 .debug_line    0x00000000000025fa      0x173 c:/intelfpga_lite/16.1/nios2eds/bin/gnu/h-x86_64-mingw32/bin/../lib/gcc/nios2-elf/5.3.0/../../../../../H-x86_64-mingw32/nios2-elf/lib\libc.a(lib_a-memcmp.o)
 .debug_line    0x000000000000276d      0x189 c:/intelfpga_lite/16.1/nios2eds/bin/gnu/h-x86_64-mingw32/bin/../lib/gcc/nios2-elf/5.3.0/../../../../../H-x86_64-mingw32/nios2-elf/lib\libc.a(lib_a-memcpy.o)
 .debug_line    0x00000000000028f6      0x16c c:/intelfpga_lite/16.1/nios2eds/bin/gnu/h-x86_64-mingw32/bin/../lib/gcc/nios2-elf/5.3.0/../../../../../H-x86_64-mingw32/nios2-elf/lib\libc.a(lib_a-strlen.o)
 .debug_line    0x0000000000002a62      0x21c c:/intelfpga_lite/16.1/nios2eds/bin/gnu/h-x86_64-mingw32/bin/../lib/gcc/nios2-elf/5.3.0/../../../../../H-x86_64-mingw32/nios2-elf/lib\libc.a(lib_a-__atexit.o)
 .debug_line    0x0000000000002c7e      0x237 c:/intelfpga_lite/16.1/nios2eds/bin/gnu/h-x86_64-mingw32/bin/../lib/gcc/nios2-elf/5.3.0/../../../../../H-x86_64-mingw32/nios2-elf/lib\libc.a(lib_a-__call_atexit.o)
 .debug_line    0x0000000000002eb5       0x71 ../Lab8_bsp/\libhal_bsp.a(alt_exit.o)

.debug_frame    0x0000000000000000      0xd10
 *(.debug_frame)
 .debug_frame   0x0000000000000000      0x1b0 obj/default/part1.o
 .debug_frame   0x00000000000001b0       0x50 c:/intelfpga_lite/16.1/nios2eds/bin/gnu/h-x86_64-mingw32/bin/../lib/gcc/nios2-elf/5.3.0\libgcc.a(lib2-divmod.o)
 .debug_frame   0x0000000000000200       0x44 c:/intelfpga_lite/16.1/nios2eds/bin/gnu/h-x86_64-mingw32/bin/../lib/gcc/nios2-elf/5.3.0/../../../../../H-x86_64-mingw32/nios2-elf/lib\libc.a(lib_a-rand.o)
 .debug_frame   0x0000000000000244       0x20 c:/intelfpga_lite/16.1/nios2eds/bin/gnu/h-x86_64-mingw32/bin/../lib/gcc/nios2-elf/5.3.0\libgcc.a(_muldi3.o)
 .debug_frame   0x0000000000000264       0xa4 ../Lab8_bsp/\libhal_bsp.a(alt_iic.o)
 .debug_frame   0x0000000000000308       0x38 ../Lab8_bsp/\libhal_bsp.a(alt_iic_isr_register.o)
 .debug_frame   0x0000000000000340       0x38 ../Lab8_bsp/\libhal_bsp.a(alt_irq_handler.o)
 .debug_frame   0x0000000000000378       0x34 ../Lab8_bsp/\libhal_bsp.a(alt_irq_register.o)
 .debug_frame   0x00000000000003ac       0x5c ../Lab8_bsp/\libhal_bsp.a(alt_load.o)
 .debug_frame   0x0000000000000408       0x2c ../Lab8_bsp/\libhal_bsp.a(alt_main.o)
 .debug_frame   0x0000000000000434       0x88 ../Lab8_bsp/\libhal_bsp.a(alt_sys_init.o)
 .debug_frame   0x00000000000004bc       0xb0 ../Lab8_bsp/\libhal_bsp.a(altera_avalon_jtag_uart_fd.o)
 .debug_frame   0x000000000000056c       0xa4 ../Lab8_bsp/\libhal_bsp.a(altera_avalon_jtag_uart_init.o)
 .debug_frame   0x0000000000000610       0x34 ../Lab8_bsp/\libhal_bsp.a(altera_avalon_jtag_uart_ioctl.o)
 .debug_frame   0x0000000000000644       0x38 ../Lab8_bsp/\libhal_bsp.a(altera_avalon_jtag_uart_read.o)
 .debug_frame   0x000000000000067c       0x38 ../Lab8_bsp/\libhal_bsp.a(altera_avalon_jtag_uart_write.o)
 .debug_frame   0x00000000000006b4       0x60 ../Lab8_bsp/\libhal_bsp.a(altera_avalon_timer_sc.o)
 .debug_frame   0x0000000000000714       0x34 ../Lab8_bsp/\libhal_bsp.a(alt_alarm_start.o)
 .debug_frame   0x0000000000000748       0x60 ../Lab8_bsp/\libhal_bsp.a(alt_close.o)
 .debug_frame   0x00000000000007a8       0x34 ../Lab8_bsp/\libhal_bsp.a(alt_dcache_flush_all.o)
 .debug_frame   0x00000000000007dc       0x34 ../Lab8_bsp/\libhal_bsp.a(alt_dev.o)
 .debug_frame   0x0000000000000810       0x60 ../Lab8_bsp/\libhal_bsp.a(alt_dev_llist_insert.o)
 .debug_frame   0x0000000000000870       0x38 ../Lab8_bsp/\libhal_bsp.a(alt_do_ctors.o)
 .debug_frame   0x00000000000008a8       0x38 ../Lab8_bsp/\libhal_bsp.a(alt_do_dtors.o)
 .debug_frame   0x00000000000008e0       0x38 ../Lab8_bsp/\libhal_bsp.a(alt_icache_flush_all.o)
 .debug_frame   0x0000000000000918       0x60 ../Lab8_bsp/\libhal_bsp.a(alt_io_redirect.o)
 .debug_frame   0x0000000000000978       0x84 ../Lab8_bsp/\libhal_bsp.a(alt_open.o)
 .debug_frame   0x00000000000009fc       0x34 ../Lab8_bsp/\libhal_bsp.a(alt_release_fd.o)
 .debug_frame   0x0000000000000a30       0x5c ../Lab8_bsp/\libhal_bsp.a(alt_tick.o)
 .debug_frame   0x0000000000000a8c       0x34 ../Lab8_bsp/\libhal_bsp.a(altera_nios2_qsys_irq.o)
 .debug_frame   0x0000000000000ac0       0x38 ../Lab8_bsp/\libhal_bsp.a(alt_find_dev.o)
 .debug_frame   0x0000000000000af8       0x38 ../Lab8_bsp/\libhal_bsp.a(alt_find_file.o)
 .debug_frame   0x0000000000000b30       0x34 ../Lab8_bsp/\libhal_bsp.a(alt_get_fd.o)
 .debug_frame   0x0000000000000b64       0x34 ../Lab8_bsp/\libhal_bsp.a(alt_icache_flush.o)
 .debug_frame   0x0000000000000b98       0x20 c:/intelfpga_lite/16.1/nios2eds/bin/gnu/h-x86_64-mingw32/bin/../lib/gcc/nios2-elf/5.3.0/../../../../../H-x86_64-mingw32/nios2-elf/lib\libc.a(lib_a-atexit.o)
 .debug_frame   0x0000000000000bb8       0x28 c:/intelfpga_lite/16.1/nios2eds/bin/gnu/h-x86_64-mingw32/bin/../lib/gcc/nios2-elf/5.3.0/../../../../../H-x86_64-mingw32/nios2-elf/lib\libc.a(lib_a-exit.o)
 .debug_frame   0x0000000000000be0       0x20 c:/intelfpga_lite/16.1/nios2eds/bin/gnu/h-x86_64-mingw32/bin/../lib/gcc/nios2-elf/5.3.0/../../../../../H-x86_64-mingw32/nios2-elf/lib\libc.a(lib_a-memcmp.o)
 .debug_frame   0x0000000000000c00       0x38 c:/intelfpga_lite/16.1/nios2eds/bin/gnu/h-x86_64-mingw32/bin/../lib/gcc/nios2-elf/5.3.0/../../../../../H-x86_64-mingw32/nios2-elf/lib\libc.a(lib_a-memcpy.o)
 .debug_frame   0x0000000000000c38       0x20 c:/intelfpga_lite/16.1/nios2eds/bin/gnu/h-x86_64-mingw32/bin/../lib/gcc/nios2-elf/5.3.0/../../../../../H-x86_64-mingw32/nios2-elf/lib\libc.a(lib_a-strlen.o)
 .debug_frame   0x0000000000000c58       0x38 c:/intelfpga_lite/16.1/nios2eds/bin/gnu/h-x86_64-mingw32/bin/../lib/gcc/nios2-elf/5.3.0/../../../../../H-x86_64-mingw32/nios2-elf/lib\libc.a(lib_a-__atexit.o)
 .debug_frame   0x0000000000000c90       0x54 c:/intelfpga_lite/16.1/nios2eds/bin/gnu/h-x86_64-mingw32/bin/../lib/gcc/nios2-elf/5.3.0/../../../../../H-x86_64-mingw32/nios2-elf/lib\libc.a(lib_a-__call_atexit.o)
 .debug_frame   0x0000000000000ce4       0x2c ../Lab8_bsp/\libhal_bsp.a(alt_exit.o)

.debug_str      0x0000000000000000     0x1927
 *(.debug_str)
 .debug_str     0x0000000000000000      0x1c2 obj/default/part1.o
                                        0x219 (size before relaxing)
 .debug_str     0x00000000000001c2        0x8 obj/default/part2.o
                                         0x78 (size before relaxing)
 .debug_str     0x00000000000001ca      0x16d c:/intelfpga_lite/16.1/nios2eds/bin/gnu/h-x86_64-mingw32/bin/../lib/gcc/nios2-elf/5.3.0\libgcc.a(lib2-divmod.o)
                                        0x1b8 (size before relaxing)
 .debug_str     0x0000000000000337      0x481 c:/intelfpga_lite/16.1/nios2eds/bin/gnu/h-x86_64-mingw32/bin/../lib/gcc/nios2-elf/5.3.0/../../../../../H-x86_64-mingw32/nios2-elf/lib\libc.a(lib_a-rand.o)
                                        0x592 (size before relaxing)
 .debug_str     0x00000000000007b8       0xdb c:/intelfpga_lite/16.1/nios2eds/bin/gnu/h-x86_64-mingw32/bin/../lib/gcc/nios2-elf/5.3.0/../../../../../H-x86_64-mingw32/nios2-elf/lib\libc.a(lib_a-impure.o)
                                        0x59b (size before relaxing)
 .debug_str     0x0000000000000893       0x91 c:/intelfpga_lite/16.1/nios2eds/bin/gnu/h-x86_64-mingw32/bin/../lib/gcc/nios2-elf/5.3.0\libgcc.a(_muldi3.o)
                                        0x20b (size before relaxing)
 .debug_str     0x0000000000000924      0x129 ../Lab8_bsp/\libhal_bsp.a(alt_iic.o)
                                        0x22f (size before relaxing)
 .debug_str     0x0000000000000a4d       0x4c ../Lab8_bsp/\libhal_bsp.a(alt_iic_isr_register.o)
                                        0x1d9 (size before relaxing)
 .debug_str     0x0000000000000a99       0x3a ../Lab8_bsp/\libhal_bsp.a(alt_irq_handler.o)
                                        0x188 (size before relaxing)
 .debug_str     0x0000000000000ad3       0x1b ../Lab8_bsp/\libhal_bsp.a(alt_irq_register.o)
                                        0x1f9 (size before relaxing)
 .debug_str     0x0000000000000aee       0x17 ../Lab8_bsp/\libhal_bsp.a(alt_irq_vars.o)
                                        0x12b (size before relaxing)
 .debug_str     0x0000000000000b05       0xe9 ../Lab8_bsp/\libhal_bsp.a(alt_load.o)
                                        0x203 (size before relaxing)
 .debug_str     0x0000000000000bee       0x70 ../Lab8_bsp/\libhal_bsp.a(alt_main.o)
                                        0x18e (size before relaxing)
 .debug_str     0x0000000000000c5e      0x1d1 ../Lab8_bsp/\libhal_bsp.a(alt_sys_init.o)
                                        0x37f (size before relaxing)
 .debug_str     0x0000000000000e2f       0xb9 ../Lab8_bsp/\libhal_bsp.a(altera_avalon_jtag_uart_fd.o)
                                        0x395 (size before relaxing)
 .debug_str     0x0000000000000ee8       0xd1 ../Lab8_bsp/\libhal_bsp.a(altera_avalon_jtag_uart_init.o)
                                        0x329 (size before relaxing)
 .debug_str     0x0000000000000fb9       0x4a ../Lab8_bsp/\libhal_bsp.a(altera_avalon_jtag_uart_ioctl.o)
                                        0x284 (size before relaxing)
 .debug_str     0x0000000000001003       0x48 ../Lab8_bsp/\libhal_bsp.a(altera_avalon_jtag_uart_read.o)
                                        0x2d9 (size before relaxing)
 .debug_str     0x000000000000104b       0x4a ../Lab8_bsp/\libhal_bsp.a(altera_avalon_jtag_uart_write.o)
                                        0x2da (size before relaxing)
 .debug_str     0x0000000000001095       0x6d ../Lab8_bsp/\libhal_bsp.a(altera_avalon_timer_sc.o)
                                        0x23c (size before relaxing)
 .debug_str     0x0000000000001102       0x5f ../Lab8_bsp/\libhal_bsp.a(alt_alarm_start.o)
                                        0x26f (size before relaxing)
 .debug_str     0x0000000000001161       0x44 ../Lab8_bsp/\libhal_bsp.a(alt_close.o)
                                        0x1fc (size before relaxing)
 .debug_str     0x00000000000011a5       0x34 ../Lab8_bsp/\libhal_bsp.a(alt_dcache_flush_all.o)
                                        0x146 (size before relaxing)
 .debug_str     0x00000000000011d9      0x119 ../Lab8_bsp/\libhal_bsp.a(alt_dev.o)
                                        0x2f6 (size before relaxing)
 .debug_str     0x00000000000012f2       0x34 ../Lab8_bsp/\libhal_bsp.a(alt_dev_llist_insert.o)
                                        0x1bd (size before relaxing)
 .debug_str     0x0000000000001326       0x48 ../Lab8_bsp/\libhal_bsp.a(alt_do_ctors.o)
                                         0xc1 (size before relaxing)
 .debug_str     0x000000000000136e       0x4c ../Lab8_bsp/\libhal_bsp.a(alt_do_dtors.o)
                                         0xc0 (size before relaxing)
 .debug_str     0x00000000000013ba       0x14 ../Lab8_bsp/\libhal_bsp.a(alt_errno.o)
                                        0x136 (size before relaxing)
 .debug_str     0x00000000000013ce       0x34 ../Lab8_bsp/\libhal_bsp.a(alt_icache_flush_all.o)
                                        0x146 (size before relaxing)
 .debug_str     0x0000000000001402       0x56 ../Lab8_bsp/\libhal_bsp.a(alt_io_redirect.o)
                                        0x307 (size before relaxing)
 .debug_str     0x0000000000001458       0x2f ../Lab8_bsp/\libhal_bsp.a(alt_open.o)
                                        0x23c (size before relaxing)
 .debug_str     0x0000000000001487       0x28 ../Lab8_bsp/\libhal_bsp.a(alt_release_fd.o)
                                        0x1c4 (size before relaxing)
 .debug_str     0x00000000000014af       0x4a ../Lab8_bsp/\libhal_bsp.a(alt_tick.o)
                                        0x243 (size before relaxing)
 .debug_str     0x00000000000014f9       0x3b ../Lab8_bsp/\libhal_bsp.a(altera_nios2_qsys_irq.o)
                                        0x14d (size before relaxing)
 .debug_str     0x0000000000001534       0x24 ../Lab8_bsp/\libhal_bsp.a(alt_find_dev.o)
                                        0x1dd (size before relaxing)
 .debug_str     0x0000000000001558       0x26 ../Lab8_bsp/\libhal_bsp.a(alt_find_file.o)
                                        0x1eb (size before relaxing)
 .debug_str     0x000000000000157e       0x30 ../Lab8_bsp/\libhal_bsp.a(alt_get_fd.o)
                                        0x20d (size before relaxing)
 .debug_str     0x00000000000015ae       0x2c ../Lab8_bsp/\libhal_bsp.a(alt_icache_flush.o)
                                        0x14c (size before relaxing)
 .debug_str     0x00000000000015da       0x7e c:/intelfpga_lite/16.1/nios2eds/bin/gnu/h-x86_64-mingw32/bin/../lib/gcc/nios2-elf/5.3.0/../../../../../H-x86_64-mingw32/nios2-elf/lib\libc.a(lib_a-atexit.o)
                                        0x207 (size before relaxing)
 .debug_str     0x0000000000001658       0x49 c:/intelfpga_lite/16.1/nios2eds/bin/gnu/h-x86_64-mingw32/bin/../lib/gcc/nios2-elf/5.3.0/../../../../../H-x86_64-mingw32/nios2-elf/lib\libc.a(lib_a-exit.o)
                                        0x5a4 (size before relaxing)
 .debug_str     0x00000000000016a1       0x3c c:/intelfpga_lite/16.1/nios2eds/bin/gnu/h-x86_64-mingw32/bin/../lib/gcc/nios2-elf/5.3.0/../../../../../H-x86_64-mingw32/nios2-elf/lib\libc.a(lib_a-int_errno.o)
                                        0x1c3 (size before relaxing)
 .debug_str     0x00000000000016dd       0xcc c:/intelfpga_lite/16.1/nios2eds/bin/gnu/h-x86_64-mingw32/bin/../lib/gcc/nios2-elf/5.3.0/../../../../../H-x86_64-mingw32/nios2-elf/lib\libc.a(lib_a-memcmp.o)
                                        0x1ca (size before relaxing)
 .debug_str     0x00000000000017a9       0x68 c:/intelfpga_lite/16.1/nios2eds/bin/gnu/h-x86_64-mingw32/bin/../lib/gcc/nios2-elf/5.3.0/../../../../../H-x86_64-mingw32/nios2-elf/lib\libc.a(lib_a-memcpy.o)
                                        0x1f1 (size before relaxing)
 .debug_str     0x0000000000001811       0x4e c:/intelfpga_lite/16.1/nios2eds/bin/gnu/h-x86_64-mingw32/bin/../lib/gcc/nios2-elf/5.3.0/../../../../../H-x86_64-mingw32/nios2-elf/lib\libc.a(lib_a-strlen.o)
                                        0x1dd (size before relaxing)
 .debug_str     0x000000000000185f       0x3c c:/intelfpga_lite/16.1/nios2eds/bin/gnu/h-x86_64-mingw32/bin/../lib/gcc/nios2-elf/5.3.0/../../../../../H-x86_64-mingw32/nios2-elf/lib\libc.a(lib_a-__atexit.o)
                                        0x5dc (size before relaxing)
 .debug_str     0x000000000000189b       0x62 c:/intelfpga_lite/16.1/nios2eds/bin/gnu/h-x86_64-mingw32/bin/../lib/gcc/nios2-elf/5.3.0/../../../../../H-x86_64-mingw32/nios2-elf/lib\libc.a(lib_a-__call_atexit.o)
                                        0x5c8 (size before relaxing)
 .debug_str     0x00000000000018fd       0x2a ../Lab8_bsp/\libhal_bsp.a(alt_exit.o)
                                        0x142 (size before relaxing)

.debug_loc      0x0000000000000000      0xd7e
 *(.debug_loc)
 .debug_loc     0x0000000000000000      0x4ce c:/intelfpga_lite/16.1/nios2eds/bin/gnu/h-x86_64-mingw32/bin/../lib/gcc/nios2-elf/5.3.0\libgcc.a(lib2-divmod.o)
 .debug_loc     0x00000000000004ce       0x13 c:/intelfpga_lite/16.1/nios2eds/bin/gnu/h-x86_64-mingw32/bin/../lib/gcc/nios2-elf/5.3.0/../../../../../H-x86_64-mingw32/nios2-elf/lib\libc.a(lib_a-rand.o)
 .debug_loc     0x00000000000004e1      0x12d c:/intelfpga_lite/16.1/nios2eds/bin/gnu/h-x86_64-mingw32/bin/../lib/gcc/nios2-elf/5.3.0\libgcc.a(_muldi3.o)
 .debug_loc     0x000000000000060e       0x2c c:/intelfpga_lite/16.1/nios2eds/bin/gnu/h-x86_64-mingw32/bin/../lib/gcc/nios2-elf/5.3.0/../../../../../H-x86_64-mingw32/nios2-elf/lib\libc.a(lib_a-atexit.o)
 .debug_loc     0x000000000000063a       0x1e c:/intelfpga_lite/16.1/nios2eds/bin/gnu/h-x86_64-mingw32/bin/../lib/gcc/nios2-elf/5.3.0/../../../../../H-x86_64-mingw32/nios2-elf/lib\libc.a(lib_a-exit.o)
 .debug_loc     0x0000000000000658      0x126 c:/intelfpga_lite/16.1/nios2eds/bin/gnu/h-x86_64-mingw32/bin/../lib/gcc/nios2-elf/5.3.0/../../../../../H-x86_64-mingw32/nios2-elf/lib\libc.a(lib_a-memcmp.o)
 .debug_loc     0x000000000000077e      0x266 c:/intelfpga_lite/16.1/nios2eds/bin/gnu/h-x86_64-mingw32/bin/../lib/gcc/nios2-elf/5.3.0/../../../../../H-x86_64-mingw32/nios2-elf/lib\libc.a(lib_a-memcpy.o)
 .debug_loc     0x00000000000009e4       0x47 c:/intelfpga_lite/16.1/nios2eds/bin/gnu/h-x86_64-mingw32/bin/../lib/gcc/nios2-elf/5.3.0/../../../../../H-x86_64-mingw32/nios2-elf/lib\libc.a(lib_a-strlen.o)
 .debug_loc     0x0000000000000a2b      0x185 c:/intelfpga_lite/16.1/nios2eds/bin/gnu/h-x86_64-mingw32/bin/../lib/gcc/nios2-elf/5.3.0/../../../../../H-x86_64-mingw32/nios2-elf/lib\libc.a(lib_a-__atexit.o)
 .debug_loc     0x0000000000000bb0      0x1ce c:/intelfpga_lite/16.1/nios2eds/bin/gnu/h-x86_64-mingw32/bin/../lib/gcc/nios2-elf/5.3.0/../../../../../H-x86_64-mingw32/nios2-elf/lib\libc.a(lib_a-__call_atexit.o)

.debug_macinfo
 *(.debug_macinfo)

.debug_weaknames
 *(.debug_weaknames)

.debug_funcnames
 *(.debug_funcnames)

.debug_typenames
 *(.debug_typenames)

.debug_varnames
 *(.debug_varnames)

.debug_alt_sim_info
                0x0000000000000000       0x30
 *(.debug_alt_sim_info)
 .debug_alt_sim_info
                0x0000000000000000       0x30 ../Lab8_bsp//obj/HAL/src/crt0.o
                0x0000000018000000                __alt_data_end = 0x18000000
                0x0000000018000000                PROVIDE (__alt_stack_pointer, __alt_data_end)
                [!provide]                        PROVIDE (__alt_stack_limit, __alt_stack_base)
                [!provide]                        PROVIDE (__alt_heap_start, end)
                [!provide]                        PROVIDE (__alt_heap_limit, 0x18000000)
OUTPUT(Lab8.elf elf32-littlenios2)

.debug_ranges   0x0000000000000000      0x1f0
 .debug_ranges  0x0000000000000000       0x20 ../Lab8_bsp//obj/HAL/src/crt0.o
 .debug_ranges  0x0000000000000020       0x60 c:/intelfpga_lite/16.1/nios2eds/bin/gnu/h-x86_64-mingw32/bin/../lib/gcc/nios2-elf/5.3.0\libgcc.a(lib2-divmod.o)
 .debug_ranges  0x0000000000000080       0x18 c:/intelfpga_lite/16.1/nios2eds/bin/gnu/h-x86_64-mingw32/bin/../lib/gcc/nios2-elf/5.3.0/../../../../../H-x86_64-mingw32/nios2-elf/lib\libc.a(lib_a-rand.o)
 .debug_ranges  0x0000000000000098       0x18 c:/intelfpga_lite/16.1/nios2eds/bin/gnu/h-x86_64-mingw32/bin/../lib/gcc/nios2-elf/5.3.0\libgcc.a(_muldi3.o)
 .debug_ranges  0x00000000000000b0       0x28 ../Lab8_bsp/\libhal_bsp.a(alt_irq_entry.o)
 .debug_ranges  0x00000000000000d8       0x10 ../Lab8_bsp/\libhal_bsp.a(alt_irq_handler.o)
 .debug_ranges  0x00000000000000e8       0x30 ../Lab8_bsp/\libhal_bsp.a(altera_avalon_jtag_uart_init.o)
 .debug_ranges  0x0000000000000118       0x18 ../Lab8_bsp/\libhal_bsp.a(altera_avalon_jtag_uart_read.o)
 .debug_ranges  0x0000000000000130       0x30 ../Lab8_bsp/\libhal_bsp.a(alt_exception_entry.o)
 .debug_ranges  0x0000000000000160       0x10 c:/intelfpga_lite/16.1/nios2eds/bin/gnu/h-x86_64-mingw32/bin/../lib/gcc/nios2-elf/5.3.0/../../../../../H-x86_64-mingw32/nios2-elf/lib\libc.a(lib_a-atexit.o)
 .debug_ranges  0x0000000000000170       0x10 c:/intelfpga_lite/16.1/nios2eds/bin/gnu/h-x86_64-mingw32/bin/../lib/gcc/nios2-elf/5.3.0/../../../../../H-x86_64-mingw32/nios2-elf/lib\libc.a(lib_a-exit.o)
 .debug_ranges  0x0000000000000180       0x10 c:/intelfpga_lite/16.1/nios2eds/bin/gnu/h-x86_64-mingw32/bin/../lib/gcc/nios2-elf/5.3.0/../../../../../H-x86_64-mingw32/nios2-elf/lib\libc.a(lib_a-memcmp.o)
 .debug_ranges  0x0000000000000190       0x10 c:/intelfpga_lite/16.1/nios2eds/bin/gnu/h-x86_64-mingw32/bin/../lib/gcc/nios2-elf/5.3.0/../../../../../H-x86_64-mingw32/nios2-elf/lib\libc.a(lib_a-memcpy.o)
 .debug_ranges  0x00000000000001a0       0x10 c:/intelfpga_lite/16.1/nios2eds/bin/gnu/h-x86_64-mingw32/bin/../lib/gcc/nios2-elf/5.3.0/../../../../../H-x86_64-mingw32/nios2-elf/lib\libc.a(lib_a-strlen.o)
 .debug_ranges  0x00000000000001b0       0x10 c:/intelfpga_lite/16.1/nios2eds/bin/gnu/h-x86_64-mingw32/bin/../lib/gcc/nios2-elf/5.3.0/../../../../../H-x86_64-mingw32/nios2-elf/lib\libc.a(lib_a-__atexit.o)
 .debug_ranges  0x00000000000001c0       0x30 c:/intelfpga_lite/16.1/nios2eds/bin/gnu/h-x86_64-mingw32/bin/../lib/gcc/nios2-elf/5.3.0/../../../../../H-x86_64-mingw32/nios2-elf/lib\libc.a(lib_a-__call_atexit.o)
